Component: ARM Compiler 5.06 update 6 (build 750) Tool: armlink [4d35ed]

==============================================================================

Section Cross References

    startup_stm32f767xx.o(RESET) refers to startup_stm32f767xx.o(STACK) for __initial_sp
    startup_stm32f767xx.o(RESET) refers to startup_stm32f767xx.o(.text) for Reset_Handler
    startup_stm32f767xx.o(RESET) refers to stm32f7xx_it.o(i.NMI_Handler) for NMI_Handler
    startup_stm32f767xx.o(RESET) refers to stm32f7xx_it.o(i.HardFault_Handler) for HardFault_Handler
    startup_stm32f767xx.o(RESET) refers to stm32f7xx_it.o(i.MemManage_Handler) for MemManage_Handler
    startup_stm32f767xx.o(RESET) refers to stm32f7xx_it.o(i.BusFault_Handler) for BusFault_Handler
    startup_stm32f767xx.o(RESET) refers to stm32f7xx_it.o(i.UsageFault_Handler) for UsageFault_Handler
    startup_stm32f767xx.o(RESET) refers to port.o(.emb_text) for SVC_Handler
    startup_stm32f767xx.o(RESET) refers to stm32f7xx_it.o(i.DebugMon_Handler) for DebugMon_Handler
    startup_stm32f767xx.o(RESET) refers to stm32f7xx_it.o(i.SysTick_Handler) for SysTick_Handler
    startup_stm32f767xx.o(RESET) refers to stm32f7xx_it.o(i.EXTI0_IRQHandler) for EXTI0_IRQHandler
    startup_stm32f767xx.o(RESET) refers to stm32f7xx_it.o(i.DMA1_Stream2_IRQHandler) for DMA1_Stream2_IRQHandler
    startup_stm32f767xx.o(RESET) refers to stm32f7xx_it.o(i.ADC_IRQHandler) for ADC_IRQHandler
    startup_stm32f767xx.o(RESET) refers to stm32f7xx_it.o(i.TIM2_IRQHandler) for TIM2_IRQHandler
    startup_stm32f767xx.o(RESET) refers to stm32f7xx_it.o(i.I2C2_EV_IRQHandler) for I2C2_EV_IRQHandler
    startup_stm32f767xx.o(RESET) refers to stm32f7xx_it.o(i.EXTI15_10_IRQHandler) for EXTI15_10_IRQHandler
    startup_stm32f767xx.o(RESET) refers to stm32f7xx_it.o(i.TIM5_IRQHandler) for TIM5_IRQHandler
    startup_stm32f767xx.o(RESET) refers to stm32f7xx_it.o(i.UART5_IRQHandler) for UART5_IRQHandler
    startup_stm32f767xx.o(RESET) refers to stm32f7xx_it.o(i.TIM6_DAC_IRQHandler) for TIM6_DAC_IRQHandler
    startup_stm32f767xx.o(RESET) refers to stm32f7xx_it.o(i.DMA2_Stream6_IRQHandler) for DMA2_Stream6_IRQHandler
    startup_stm32f767xx.o(RESET) refers to stm32f7xx_it.o(i.USART6_IRQHandler) for USART6_IRQHandler
    startup_stm32f767xx.o(.text) refers to system_stm32f7xx_1.o(i.SystemInit) for SystemInit
    startup_stm32f767xx.o(.text) refers to entry.o(.ARM.Collect$$$$00000000) for __main
    main.o(i.HAL_ADC_ConvCpltCallback) refers to stm32f7xx_hal_adc.o(i.HAL_ADC_GetValue) for HAL_ADC_GetValue
    main.o(i.HAL_ADC_ConvCpltCallback) refers to queue.o(i.xQueueGenericSendFromISR) for xQueueGenericSendFromISR
    main.o(i.HAL_ADC_ConvCpltCallback) refers to tasks.o(.data) for xQueueHRRaw
    main.o(i.HAL_GPIO_EXTI_Callback) refers to queue.o(i.xQueueGiveFromISR) for xQueueGiveFromISR
    main.o(i.HAL_GPIO_EXTI_Callback) refers to tasks.o(.data) for xSemaphoreDistress
    main.o(i.HAL_I2C_MasterRxCpltCallback) refers to queue.o(i.xQueueGiveFromISR) for xQueueGiveFromISR
    main.o(i.HAL_I2C_MasterRxCpltCallback) refers to main.o(.data) for xHigherPriorityTaskWoken
    main.o(i.HAL_I2C_MasterRxCpltCallback) refers to tasks.o(.data) for xSemaphoreDMAFinish
    main.o(i.HAL_I2C_MemRxCpltCallback) refers to queue.o(i.xQueueGiveFromISR) for xQueueGiveFromISR
    main.o(i.HAL_I2C_MemRxCpltCallback) refers to main.o(.data) for xHigherPriorityTaskWoken
    main.o(i.HAL_I2C_MemRxCpltCallback) refers to tasks.o(.data) for xSemaphoreDMAFinish
    main.o(i.HAL_TIM_PeriodElapsedCallback) refers to queue.o(i.xQueueGiveFromISR) for xQueueGiveFromISR
    main.o(i.HAL_TIM_PeriodElapsedCallback) refers to tasks.o(.data) for xSemaphoreReadTemp
    main.o(i.HAL_UART_RxCpltCallback) refers to bluetooth.o(i.Rx_Bt_Handler) for Rx_Bt_Handler
    main.o(i.SystemClock_Config) refers to stm32f7xx_hal_rcc.o(i.HAL_RCC_OscConfig) for HAL_RCC_OscConfig
    main.o(i.SystemClock_Config) refers to main.o(i._Error_Handler) for _Error_Handler
    main.o(i.SystemClock_Config) refers to stm32f7xx_hal_pwr_ex.o(i.HAL_PWREx_EnableOverDrive) for HAL_PWREx_EnableOverDrive
    main.o(i.SystemClock_Config) refers to stm32f7xx_hal_rcc.o(i.HAL_RCC_ClockConfig) for HAL_RCC_ClockConfig
    main.o(i.SystemClock_Config) refers to stm32f7xx_hal_rcc_ex.o(i.HAL_RCCEx_PeriphCLKConfig) for HAL_RCCEx_PeriphCLKConfig
    main.o(i.SystemClock_Config) refers to stm32f7xx_hal_rcc.o(i.HAL_RCC_GetHCLKFreq) for HAL_RCC_GetHCLKFreq
    main.o(i.SystemClock_Config) refers to stm32f7xx_hal_cortex.o(i.HAL_SYSTICK_Config) for HAL_SYSTICK_Config
    main.o(i.SystemClock_Config) refers to stm32f7xx_hal_cortex.o(i.HAL_SYSTICK_CLKSourceConfig) for HAL_SYSTICK_CLKSourceConfig
    main.o(i.SystemClock_Config) refers to stm32f7xx_hal_cortex.o(i.HAL_NVIC_SetPriority) for HAL_NVIC_SetPriority
    main.o(i.main) refers to tasks.o(i.init_semaphores) for init_semaphores
    main.o(i.main) refers to tasks.o(i.init_mutexes) for init_mutexes
[...]
    _ll_ushift_r                             0x08000ab5   Thumb Code     0  llushr.o(.text)
    strtol                                   0x08000ad5   Thumb Code   112  strtol.o(.text)
    __I$use$fp                               0x08000b45   Thumb Code     0  iusefp.o(.text)
    __aeabi_dadd                             0x08000b45   Thumb Code   322  dadd.o(.text)
    __aeabi_dsub                             0x08000c87   Thumb Code     6  dadd.o(.text)
    __aeabi_drsub                            0x08000c8d   Thumb Code     6  dadd.o(.text)
    __aeabi_dmul                             0x08000c93   Thumb Code   228  dmul.o(.text)
    __aeabi_ddiv                             0x08000d77   Thumb Code   222  ddiv.o(.text)
    __ARM_scalbn                             0x08000e55   Thumb Code    46  dscalb.o(.text)
    scalbn                                   0x08000e55   Thumb Code     0  dscalb.o(.text)
    __aeabi_d2ulz                            0x08000e83   Thumb Code    48  dfixul.o(.text)
    __aeabi_cdrcmple                         0x08000eb5   Thumb Code    48  cdrcmple.o(.text)
    __scatterload                            0x08000ee5   Thumb Code    28  init.o(.text)
    __scatterload_rt2                        0x08000ee5   Thumb Code     0  init.o(.text)
    __aeabi_lasr                             0x08000f09   Thumb Code    36  llsshr.o(.text)
    _ll_sshift_r                             0x08000f09   Thumb Code     0  llsshr.o(.text)
    __rt_ctype_table                         0x08000f2d   Thumb Code     4  ctype_o.o(.text)
    _strtoul                                 0x08000f35   Thumb Code   158  _strtoul.o(.text)
    _double_round                            0x08000fd3   Thumb Code    30  depilogue.o(.text)
    _double_epilogue                         0x08000ff1   Thumb Code   156  depilogue.o(.text)
    _chval                                   0x0800108d   Thumb Code    28  _chval.o(.text)
    __decompress                             0x080010a9   Thumb Code     0  __dczerorl.o(.text)
    __decompress0                            0x080010a9   Thumb Code    58  __dczerorl.o(.text)
    ADC_IRQHandler                           0x080010e5   Thumb Code    10  stm32f7xx_it.o(i.ADC_IRQHandler)
    BT_Init                                  0x08001261   Thumb Code    14  bluetooth.o(i.BT_Init)
    BusFault_Handler                         0x08001279   Thumb Code     4  stm32f7xx_it.o(i.BusFault_Handler)
    DMA1_Stream2_IRQHandler                  0x08001295   Thumb Code    10  stm32f7xx_it.o(i.DMA1_Stream2_IRQHandler)
    DMA2_Stream6_IRQHandler                  0x080012a5   Thumb Code    10  stm32f7xx_it.o(i.DMA2_Stream6_IRQHandler)
    DebugMon_Handler                         0x080013bf   Thumb Code     2  stm32f7xx_it.o(i.DebugMon_Handler)
    EXTI0_IRQHandler                         0x080013c1   Thumb Code    10  stm32f7xx_it.o(i.EXTI0_IRQHandler)
    EXTI15_10_IRQHandler                     0x080013cb   Thumb Code    12  stm32f7xx_it.o(i.EXTI15_10_IRQHandler)
    GSM_Config                               0x080013d9   Thumb Code    20  gsm.o(i.GSM_Config)
    GSM_send_message                         0x08001425   Thumb Code    42  gsm.o(i.GSM_send_message)
    GSM_send_message_check_answer            0x08001455   Thumb Code    96  gsm.o(i.GSM_send_message_check_answer)
    HAL_ADCEx_InjectedConvCpltCallback       0x080015b5   Thumb Code     2  stm32f7xx_hal_adc_ex.o(i.HAL_ADCEx_InjectedConvCpltCallback)
    HAL_ADC_ConfigChannel                    0x080015b9   Thumb Code   414  stm32f7xx_hal_adc.o(i.HAL_ADC_ConfigChannel)
    HAL_ADC_ConvCpltCallback                 0x0800176d   Thumb Code    52  main.o(i.HAL_ADC_ConvCpltCallback)
    HAL_ADC_ErrorCallback                    0x080017a9   Thumb Code     2  stm32f7xx_hal_adc.o(i.HAL_ADC_ErrorCallback)
    HAL_ADC_GetValue                         0x080017ab   Thumb Code     8  stm32f7xx_hal_adc.o(i.HAL_ADC_GetValue)
    HAL_ADC_IRQHandler                       0x080017b3   Thumb Code   372  stm32f7xx_hal_adc.o(i.HAL_ADC_IRQHandler)
    HAL_ADC_Init                             0x08001929   Thumb Code   100  stm32f7xx_hal_adc.o(i.HAL_ADC_Init)
    HAL_ADC_LevelOutOfWindowCallback         0x08001991   Thumb Code     2  stm32f7xx_hal_adc.o(i.HAL_ADC_LevelOutOfWindowCallback)
    HAL_ADC_MspInit                          0x08001995   Thumb Code    82  adc.o(i.HAL_ADC_MspInit)
    HAL_ADC_Start_IT                         0x080019f5   Thumb Code   250  stm32f7xx_hal_adc.o(i.HAL_ADC_Start_IT)
    HAL_DMA_Abort_IT                         0x08001b05   Thumb Code    40  stm32f7xx_hal_dma.o(i.HAL_DMA_Abort_IT)
    HAL_DMA_IRQHandler                       0x08001b2d   Thumb Code   570  stm32f7xx_hal_dma.o(i.HAL_DMA_IRQHandler)
    HAL_DMA_Init                             0x08001d6d   Thumb Code   232  stm32f7xx_hal_dma.o(i.HAL_DMA_Init)
    HAL_DMA_Start_IT                         0x08001e59   Thumb Code   158  stm32f7xx_hal_dma.o(i.HAL_DMA_Start_IT)
    HAL_GPIO_EXTI_Callback                   0x08001ef9   Thumb Code    40  main.o(i.HAL_GPIO_EXTI_Callback)
    HAL_GPIO_EXTI_IRQHandler                 0x08001f29   Thumb Code    24  stm32f7xx_hal_gpio.o(i.HAL_GPIO_EXTI_IRQHandler)
    HAL_GPIO_Init                            0x08001f45   Thumb Code   484  stm32f7xx_hal_gpio.o(i.HAL_GPIO_Init)
    HAL_GPIO_WritePin                        0x0800215d   Thumb Code    12  stm32f7xx_hal_gpio.o(i.HAL_GPIO_WritePin)
    HAL_GetTick                              0x08002169   Thumb Code     6  stm32f7xx_hal.o(i.HAL_GetTick)
    HAL_I2CEx_ConfigAnalogFilter             0x08002175   Thumb Code   106  stm32f7xx_hal_i2c_ex.o(i.HAL_I2CEx_ConfigAnalogFilter)
    HAL_I2CEx_ConfigDigitalFilter            0x080021df   Thumb Code   106  stm32f7xx_hal_i2c_ex.o(i.HAL_I2CEx_ConfigDigitalFilter)
    HAL_I2C_AbortCpltCallback                0x08002249   Thumb Code     2  stm32f7xx_hal_i2c.o(i.HAL_I2C_AbortCpltCallback)
    HAL_I2C_AddrCallback                     0x0800224b   Thumb Code     2  stm32f7xx_hal_i2c.o(i.HAL_I2C_AddrCallback)
    HAL_I2C_EV_IRQHandler                    0x0800224d   Thumb Code    28  stm32f7xx_hal_i2c.o(i.HAL_I2C_EV_IRQHandler)
    HAL_I2C_ErrorCallback                    0x08002269   Thumb Code     2  stm32f7xx_hal_i2c.o(i.HAL_I2C_ErrorCallback)
    HAL_I2C_Init                             0x0800226d   Thumb Code   192  stm32f7xx_hal_i2c.o(i.HAL_I2C_Init)
    HAL_I2C_ListenCpltCallback               0x08002331   Thumb Code     2  stm32f7xx_hal_i2c.o(i.HAL_I2C_ListenCpltCallback)
    HAL_I2C_MasterRxCpltCallback             0x08002335   Thumb Code    52  main.o(i.HAL_I2C_MasterRxCpltCallback)
    HAL_I2C_MasterTxCpltCallback             0x08002379   Thumb Code     2  stm32f7xx_hal_i2c.o(i.HAL_I2C_MasterTxCpltCallback)
    HAL_I2C_Master_Transmit                  0x0800237d   Thumb Code   364  stm32f7xx_hal_i2c.o(i.HAL_I2C_Master_Transmit)
    HAL_I2C_MemRxCpltCallback                0x080024f1   Thumb Code    52  main.o(i.HAL_I2C_MemRxCpltCallback)
    HAL_I2C_MemTxCpltCallback                0x08002535   Thumb Code     2  stm32f7xx_hal_i2c.o(i.HAL_I2C_MemTxCpltCallback)
    HAL_I2C_Mem_Read                         0x08002539   Thumb Code   434  stm32f7xx_hal_i2c.o(i.HAL_I2C_Mem_Read)
    HAL_I2C_Mem_Read_DMA                     0x080026f5   Thumb Code   294  stm32f7xx_hal_i2c.o(i.HAL_I2C_Mem_Read_DMA)
    HAL_I2C_MspInit                          0x08002831   Thumb Code   220  i2c.o(i.HAL_I2C_MspInit)
    HAL_I2C_SlaveRxCpltCallback              0x08002935   Thumb Code     2  stm32f7xx_hal_i2c.o(i.HAL_I2C_SlaveRxCpltCallback)
    HAL_I2C_SlaveTxCpltCallback              0x08002937   Thumb Code     2  stm32f7xx_hal_i2c.o(i.HAL_I2C_SlaveTxCpltCallback)
    HAL_IncTick                              0x08002939   Thumb Code    16  stm32f7xx_hal.o(i.HAL_IncTick)
    HAL_Init                                 0x08002951   Thumb Code    22  stm32f7xx_hal.o(i.HAL_Init)
    HAL_InitTick                             0x08002969   Thumb Code    64  stm32f7xx_hal.o(i.HAL_InitTick)
    HAL_MspInit                              0x080029b5   Thumb Code   142  stm32f7xx_hal_msp.o(i.HAL_MspInit)
    HAL_NVIC_EnableIRQ                       0x08002a49   Thumb Code    26  stm32f7xx_hal_cortex.o(i.HAL_NVIC_EnableIRQ)
    HAL_NVIC_SetPriority                     0x08002a63   Thumb Code   124  stm32f7xx_hal_cortex.o(i.HAL_NVIC_SetPriority)
    HAL_NVIC_SetPriorityGrouping             0x08002ae1   Thumb Code    32  stm32f7xx_hal_cortex.o(i.HAL_NVIC_SetPriorityGrouping)
    HAL_PWREx_EnableOverDrive                0x08002b09   Thumb Code   136  stm32f7xx_hal_pwr_ex.o(i.HAL_PWREx_EnableOverDrive)
    HAL_RCCEx_PeriphCLKConfig                0x08002b99   Thumb Code  1876  stm32f7xx_hal_rcc_ex.o(i.HAL_RCCEx_PeriphCLKConfig)
    HAL_RCC_ClockConfig                      0x080032f1   Thumb Code   382  stm32f7xx_hal_rcc.o(i.HAL_RCC_ClockConfig)
    HAL_RCC_GetHCLKFreq                      0x08003481   Thumb Code     6  stm32f7xx_hal_rcc.o(i.HAL_RCC_GetHCLKFreq)
    HAL_RCC_GetPCLK1Freq                     0x0800348d   Thumb Code    22  stm32f7xx_hal_rcc.o(i.HAL_RCC_GetPCLK1Freq)
    HAL_RCC_GetPCLK2Freq                     0x080034ad   Thumb Code    22  stm32f7xx_hal_rcc.o(i.HAL_RCC_GetPCLK2Freq)
    HAL_RCC_GetSysClockFreq                  0x080034cd   Thumb Code   162  stm32f7xx_hal_rcc.o(i.HAL_RCC_GetSysClockFreq)
    HAL_RCC_OscConfig                        0x0800357d   Thumb Code  1204  stm32f7xx_hal_rcc.o(i.HAL_RCC_OscConfig)
    HAL_RTC_GetTime                          0x08003a35   Thumb Code    92  stm32f7xx_hal_rtc.o(i.HAL_RTC_GetTime)
    HAL_RTC_Init                             0x08003a95   Thumb Code   176  stm32f7xx_hal_rtc.o(i.HAL_RTC_Init)
    HAL_RTC_MspInit                          0x08003b49   Thumb Code    22  rtc.o(i.HAL_RTC_MspInit)
    HAL_RTC_SetDate                          0x08003b69   Thumb Code   254  stm32f7xx_hal_rtc.o(i.HAL_RTC_SetDate)
    HAL_RTC_SetTime                          0x08003c6d   Thumb Code   304  stm32f7xx_hal_rtc.o(i.HAL_RTC_SetTime)
    HAL_RTC_WaitForSynchro                   0x08003da1   Thumb Code    58  stm32f7xx_hal_rtc.o(i.HAL_RTC_WaitForSynchro)
    HAL_SYSTICK_CLKSourceConfig              0x08003ddb   Thumb Code    40  stm32f7xx_hal_cortex.o(i.HAL_SYSTICK_CLKSourceConfig)
    HAL_SYSTICK_Config                       0x08003e03   Thumb Code    52  stm32f7xx_hal_cortex.o(i.HAL_SYSTICK_Config)
    HAL_TIMEx_BreakCallback                  0x08003e37   Thumb Code     2  stm32f7xx_hal_tim_ex.o(i.HAL_TIMEx_BreakCallback)
    HAL_TIMEx_CommutationCallback            0x08003e39   Thumb Code     2  stm32f7xx_hal_tim_ex.o(i.HAL_TIMEx_CommutationCallback)
    HAL_TIMEx_MasterConfigSynchronization    0x08003e3d   Thumb Code    98  stm32f7xx_hal_tim_ex.o(i.HAL_TIMEx_MasterConfigSynchronization)
    HAL_TIM_Base_Init                        0x08003ea9   Thumb Code    52  stm32f7xx_hal_tim.o(i.HAL_TIM_Base_Init)
    HAL_TIM_Base_MspInit                     0x08003edd   Thumb Code   100  tim.o(i.HAL_TIM_Base_MspInit)
    HAL_TIM_Base_Start                       0x08003f4d   Thumb Code    30  stm32f7xx_hal_tim.o(i.HAL_TIM_Base_Start)
    HAL_TIM_Base_Start_IT                    0x08003f6b   Thumb Code    30  stm32f7xx_hal_tim.o(i.HAL_TIM_Base_Start_IT)
    HAL_TIM_IC_CaptureCallback               0x08003f89   Thumb Code     2  stm32f7xx_hal_tim.o(i.HAL_TIM_IC_CaptureCallback)
    HAL_TIM_IRQHandler                       0x08003f8b   Thumb Code   440  stm32f7xx_hal_tim.o(i.HAL_TIM_IRQHandler)
    HAL_TIM_MspPostInit                      0x08004145   Thumb Code    44  tim.o(i.HAL_TIM_MspPostInit)
    HAL_TIM_OC_ConfigChannel                 0x08004179   Thumb Code   148  stm32f7xx_hal_tim_ex.o(i.HAL_TIM_OC_ConfigChannel)
    HAL_TIM_OC_DelayElapsedCallback          0x0800420d   Thumb Code     2  stm32f7xx_hal_tim.o(i.HAL_TIM_OC_DelayElapsedCallback)
    HAL_TIM_OC_Init                          0x0800420f   Thumb Code    52  stm32f7xx_hal_tim.o(i.HAL_TIM_OC_Init)
    HAL_TIM_OC_MspInit                       0x08004245   Thumb Code   112  tim.o(i.HAL_TIM_OC_MspInit)
    HAL_TIM_PWM_ConfigChannel                0x080042bd   Thumb Code   372  stm32f7xx_hal_tim_ex.o(i.HAL_TIM_PWM_ConfigChannel)
    HAL_TIM_PWM_Init                         0x08004431   Thumb Code    52  stm32f7xx_hal_tim.o(i.HAL_TIM_PWM_Init)
    HAL_TIM_PWM_MspInit                      0x08004465   Thumb Code     2  stm32f7xx_hal_tim.o(i.HAL_TIM_PWM_MspInit)
    HAL_TIM_PWM_PulseFinishedCallback        0x08004467   Thumb Code     2  stm32f7xx_hal_tim.o(i.HAL_TIM_PWM_PulseFinishedCallback)
    HAL_TIM_PWM_Start                        0x08004469   Thumb Code    68  stm32f7xx_hal_tim.o(i.HAL_TIM_PWM_Start)
    HAL_TIM_PeriodElapsedCallback            0x080044b5   Thumb Code    86  main.o(i.HAL_TIM_PeriodElapsedCallback)
    HAL_TIM_TriggerCallback                  0x0800451d   Thumb Code     2  stm32f7xx_hal_tim.o(i.HAL_TIM_TriggerCallback)
    HAL_UART_ErrorCallback                   0x0800451f   Thumb Code     2  stm32f7xx_hal_uart.o(i.HAL_UART_ErrorCallback)
    HAL_UART_IRQHandler                      0x08004521   Thumb Code   348  stm32f7xx_hal_uart.o(i.HAL_UART_IRQHandler)
    HAL_UART_Init                            0x08004681   Thumb Code   120  stm32f7xx_hal_uart.o(i.HAL_UART_Init)
    HAL_UART_MspInit                         0x080046f9   Thumb Code   310  usart.o(i.HAL_UART_MspInit)
    HAL_UART_Receive                         0x08004865   Thumb Code   274  stm32f7xx_hal_uart.o(i.HAL_UART_Receive)
    HAL_UART_Receive_IT                      0x08004977   Thumb Code   188  stm32f7xx_hal_uart.o(i.HAL_UART_Receive_IT)
    HAL_UART_RxCpltCallback                  0x08004a35   Thumb Code    18  main.o(i.HAL_UART_RxCpltCallback)
    HAL_UART_Transmit                        0x08004a4d   Thumb Code   198  stm32f7xx_hal_uart.o(i.HAL_UART_Transmit)
    HAL_UART_Transmit_DMA                    0x08004b15   Thumb Code   146  stm32f7xx_hal_uart.o(i.HAL_UART_Transmit_DMA)
    HAL_UART_TxCpltCallback                  0x08004bb5   Thumb Code     2  stm32f7xx_hal_uart.o(i.HAL_UART_TxCpltCallback)
    HAL_UART_TxHalfCpltCallback              0x08004bb7   Thumb Code     2  stm32f7xx_hal_uart.o(i.HAL_UART_TxHalfCpltCallback)
    HR_Init                                  0x08004bb9   Thumb Code    82  heartrate.o(i.HR_Init)
    HardFault_Handler                        0x08004c49   Thumb Code     4  stm32f7xx_it.o(i.HardFault_Handler)
    I2C2_EV_IRQHandler                       0x08004c4d   Thumb Code    10  stm32f7xx_it.o(i.I2C2_EV_IRQHandler)
    MX_ADC1_Init                             0x0800582d   Thumb Code   104  adc.o(i.MX_ADC1_Init)
    MX_DMA_Init                              0x080058ad   Thumb Code    90  dma.o(i.MX_DMA_Init)
    MX_FREERTOS_Init                         0x0800590d   Thumb Code    30  freertos.o(i.MX_FREERTOS_Init)
    MX_GPIO_Init                             0x08005935   Thumb Code   250  gpio.o(i.MX_GPIO_Init)
    MX_I2C2_Init                             0x08005a45   Thumb Code    86  i2c.o(i.MX_I2C2_Init)
    MX_I2C4_Init                             0x08005ab9   Thumb Code    86  i2c.o(i.MX_I2C4_Init)
    MX_RTC_Init                              0x08005b2d   Thumb Code   136  rtc.o(i.MX_RTC_Init)
    MX_TIM11_Init                            0x08005bcd   Thumb Code   104  tim.o(i.MX_TIM11_Init)
    MX_TIM2_Init                             0x08005c4d   Thumb Code   106  tim.o(i.MX_TIM2_Init)
    MX_TIM5_Init                             0x08005cd1   Thumb Code   104  tim.o(i.MX_TIM5_Init)
    MX_TIM6_Init                             0x08005d55   Thumb Code    70  tim.o(i.MX_TIM6_Init)
    MX_UART5_Init                            0x08005db5   Thumb Code    60  usart.o(i.MX_UART5_Init)
    MX_USART3_UART_Init                      0x08005e09   Thumb Code    60  usart.o(i.MX_USART3_UART_Init)
    MX_USART6_UART_Init                      0x08005e5d   Thumb Code    60  usart.o(i.MX_USART6_UART_Init)
    MemManage_Handler                        0x08005eb1   Thumb Code     4  stm32f7xx_it.o(i.MemManage_Handler)
    NMI_Handler                              0x08005eb5   Thumb Code     2  stm32f7xx_it.o(i.NMI_Handler)
    RTC_Bcd2ToByte                           0x08005ef1   Thumb Code    22  stm32f7xx_hal_rtc.o(i.RTC_Bcd2ToByte)
    RTC_ByteToBcd2                           0x08005f07   Thumb Code    26  stm32f7xx_hal_rtc.o(i.RTC_ByteToBcd2)
    RTC_EnterInitMode                        0x08005f21   Thumb Code    62  stm32f7xx_hal_rtc.o(i.RTC_EnterInitMode)
    Rx_Bt_Handler                            0x08005f61   Thumb Code    90  bluetooth.o(i.Rx_Bt_Handler)
    StartDefaultTask                         0x08005fd5   Thumb Code    10  freertos.o(i.StartDefaultTask)
    SysTick_Handler                          0x08005fdf   Thumb Code    12  stm32f7xx_it.o(i.SysTick_Handler)
    SystemClock_Config                       0x08005fed   Thumb Code   246  main.o(i.SystemClock_Config)
    SystemInit                               0x08006101   Thumb Code    82  system_stm32f7xx_1.o(i.SystemInit)
    TEMP_Init                                0x08006165   Thumb Code    14  temperature.o(i.TEMP_Init)
    TIM2_IRQHandler                          0x08006179   Thumb Code    10  stm32f7xx_it.o(i.TIM2_IRQHandler)
    TIM5_IRQHandler                          0x08006189   Thumb Code    10  stm32f7xx_it.o(i.TIM5_IRQHandler)
    TIM6_DAC_IRQHandler                      0x08006199   Thumb Code    10  stm32f7xx_it.o(i.TIM6_DAC_IRQHandler)
    TIM_Base_SetConfig                       0x080061a9   Thumb Code   196  stm32f7xx_hal_tim.o(i.TIM_Base_SetConfig)
    TIM_CCxChannelCmd                        0x08006299   Thumb Code    28  stm32f7xx_hal_tim.o(i.TIM_CCxChannelCmd)
    TIM_OC1_SetConfig                        0x080062b5   Thumb Code   102  stm32f7xx_hal_tim.o(i.TIM_OC1_SetConfig)
    TIM_OC2_SetConfig                        0x08006329   Thumb Code   112  stm32f7xx_hal_tim.o(i.TIM_OC2_SetConfig)
    TIM_OC3_SetConfig                        0x080063a5   Thumb Code   110  stm32f7xx_hal_tim.o(i.TIM_OC3_SetConfig)
    TIM_OC4_SetConfig                        0x08006421   Thumb Code    88  stm32f7xx_hal_tim.o(i.TIM_OC4_SetConfig)
    UART5_IRQHandler                         0x08006535   Thumb Code    10  stm32f7xx_it.o(i.UART5_IRQHandler)
    UART_AdvFeatureConfig                    0x08006545   Thumb Code   234  stm32f7xx_hal_uart.o(i.UART_AdvFeatureConfig)
    UART_CheckIdleState                      0x0800662f   Thumb Code    78  stm32f7xx_hal_uart.o(i.UART_CheckIdleState)
    UART_SetConfig                           0x08006805   Thumb Code   858  stm32f7xx_hal_uart.o(i.UART_SetConfig)
    UART_WaitOnFlagUntilTimeout              0x08006bfb   Thumb Code   108  stm32f7xx_hal_uart.o(i.UART_WaitOnFlagUntilTimeout)
    USART6_IRQHandler                        0x08006c69   Thumb Code    10  stm32f7xx_it.o(i.USART6_IRQHandler)
    UsageFault_Handler                       0x08006c79   Thumb Code     4  stm32f7xx_it.o(i.UsageFault_Handler)
    _Error_Handler                           0x08006c7d   Thumb Code     4  main.o(i._Error_Handler)
    __0sprintf                               0x08006c81   Thumb Code    34  printfa.o(i.__0sprintf)
    __1sprintf                               0x08006c81   Thumb Code     0  printfa.o(i.__0sprintf)
    __2sprintf                               0x08006c81   Thumb Code     0  printfa.o(i.__0sprintf)
    __c89sprintf                             0x08006c81   Thumb Code     0  printfa.o(i.__0sprintf)
    sprintf                                  0x08006c81   Thumb Code     0  printfa.o(i.__0sprintf)
    __ARM_fpclassify                         0x08006ca9   Thumb Code    48  fpclassify.o(i.__ARM_fpclassify)
    __aeabi_errno_addr                       0x08006cd9   Thumb Code     4  errno.o(i.__aeabi_errno_addr)
    __rt_errno_addr                          0x08006cd9   Thumb Code     0  errno.o(i.__aeabi_errno_addr)
    __hardfp_atan                            0x08006ce1   Thumb Code   402  atan.o(i.__hardfp_atan)
    __hardfp_atan2                           0x08006ee1   Thumb Code   380  atan2.o(i.__hardfp_atan2)
    __hardfp_exp                             0x080070a1   Thumb Code   486  exp.o(i.__hardfp_exp)
    __hardfp_frexp                           0x08007309   Thumb Code   120  frexp.o(i.__hardfp_frexp)
    __hardfp_ldexp                           0x08007399   Thumb Code   180  ldexp.o(i.__hardfp_ldexp)
    __kernel_poly                            0x08007459   Thumb Code   112  poly.o(i.__kernel_poly)
    __mathlib_dbl_infnan                     0x080074c9   Thumb Code     6  dunder.o(i.__mathlib_dbl_infnan)
    __mathlib_dbl_infnan2                    0x080074cf   Thumb Code     6  dunder.o(i.__mathlib_dbl_infnan2)
    __mathlib_dbl_overflow                   0x080074d9   Thumb Code    10  dunder.o(i.__mathlib_dbl_overflow)
    __mathlib_dbl_underflow                  0x080074f1   Thumb Code    10  dunder.o(i.__mathlib_dbl_underflow)
    __scatterload_copy                       0x08007509   Thumb Code    14  handlers.o(i.__scatterload_copy)
    __scatterload_null                       0x08007517   Thumb Code     2  handlers.o(i.__scatterload_null)
    __scatterload_zeroinit                   0x08007519   Thumb Code    14  handlers.o(i.__scatterload_zeroinit)
    __set_errno                              0x08007529   Thumb Code     6  errno.o(i.__set_errno)
    accel_Config                             0x08007df1   Thumb Code    52  accelerometer.o(i.accel_Config)
    accel_Write                              0x08007e25   Thumb Code    32  accelerometer.o(i.accel_Write)
    accel_read_DMA                           0x08007e49   Thumb Code    12  accelerometer.o(i.accel_read_DMA)
    accel_start_DMA                          0x08007e59   Thumb Code    24  accelerometer.o(i.accel_start_DMA)
    addContact                               0x08007e79   Thumb Code    68  gsm.o(i.addContact)
    atan                                     0x08007eed   Thumb Code    16  atan.o(i.atan)
    buzzer_Init                              0x08008011   Thumb Code    12  buzzer.o(i.buzzer_Init)
    calculateHeartRate                       0x08008131   Thumb Code    46  heartrate.o(i.calculateHeartRate)
    calculateParameters                      0x08008179   Thumb Code    60  accelerometer.o(i.calculateParameters)
    calculateTemperature                     0x080081b5   Thumb Code    32  temperature.o(i.calculateTemperature)
    calculate_A_svm                          0x080081e9   Thumb Code   100  accelerometer.o(i.calculate_A_svm)
    calculate_Theta                          0x08008251   Thumb Code    74  accelerometer.o(i.calculate_Theta)
    changeEmergencyContact                   0x080082a5   Thumb Code   130  bluetooth.o(i.changeEmergencyContact)
    checkFallEvent                           0x08008351   Thumb Code   148  fall_detection.o(i.checkFallEvent)
    checkHeartRateIssue                      0x080083f9   Thumb Code    72  heartrate.o(i.checkHeartRateIssue)
    checkTemperatureIssue                    0x08008449   Thumb Code    90  temperature.o(i.checkTemperatureIssue)
    convertToGForce                          0x080084b5   Thumb Code   108  accelerometer.o(i.convertToGForce)
    executeCommand                           0x0800871d   Thumb Code    38  bluetooth.o(i.executeCommand)
    fabs                                     0x08008845   Thumb Code    24  fabs.o(i.fabs)
    fall_detection                           0x0800885d   Thumb Code   136  fall_detection.o(i.fall_detection)
    filter_accel_data                        0x0800890d   Thumb Code   164  accelerometer.o(i.filter_accel_data)
    firFilter                                0x080089c5   Thumb Code    56  heartrate.o(i.firFilter)
    getLastHeartRate                         0x08008a11   Thumb Code    16  heartrate.o(i.getLastHeartRate)
    getLastTemperature                       0x08008a25   Thumb Code     8  temperature.o(i.getLastTemperature)
    ignoreOutliers                           0x08008a31   Thumb Code    36  heartrate.o(i.ignoreOutliers)
    init_mutexes                             0x08008a59   Thumb Code    44  tasks.o(i.init_mutexes)
    init_queue_set                           0x08008a95   Thumb Code    50  tasks.o(i.init_queue_set)
    init_queues                              0x08008ad9   Thumb Code   102  tasks.o(i.init_queues)
    init_semaphores                          0x08008b5d   Thumb Code   116  tasks.o(i.init_semaphores)
    init_tasks                               0x08008bf1   Thumb Code   234  tasks.o(i.init_tasks)
    logRequest                               0x08009899   Thumb Code    18  bluetooth.o(i.logRequest)
    main                                     0x080098b1   Thumb Code   124  main.o(i.main)
    muscleNoise                              0x08009941   Thumb Code    20  heartrate.o(i.muscleNoise)
    osDelay                                  0x08009959   Thumb Code    24  cmsis_os.o(i.osDelay)
    osKernelStart                            0x08009971   Thumb Code    10  cmsis_os.o(i.osKernelStart)
    osSystickHandler                         0x0800997b   Thumb Code    16  cmsis_os.o(i.osSystickHandler)
    osThreadCreate                           0x0800998b   Thumb Code    48  cmsis_os.o(i.osThreadCreate)
    parseCommand                             0x080099bd   Thumb Code    62  bluetooth.o(i.parseCommand)
    predict_fall                             0x08009a09   Thumb Code   454  predict_fall.o(i.predict_fall)
    pvPortMalloc                             0x0800a291   Thumb Code   308  heap_4.o(i.pvPortMalloc)
    pvTaskIncrementMutexHeldCount            0x0800a3d9   Thumb Code    26  tasks_1.o(i.pvTaskIncrementMutexHeldCount)
    pxPortInitialiseStack                    0x0800a3f9   Thumb Code    38  port.o(i.pxPortInitialiseStack)
    readContact                              0x0800a425   Thumb Code    88  gsm.o(i.readContact)
    readTemperature                          0x0800a495   Thumb Code    42  temperature.o(i.readTemperature)
    resetHeartCount                          0x0800a4c9   Thumb Code    12  heartrate.o(i.resetHeartCount)
    resetTempCount                           0x0800a4dd   Thumb Code    12  temperature.o(i.resetTempCount)
    searchBeat                               0x0800a4f1   Thumb Code   134  heartrate.o(i.searchBeat)
    sendSMS                                  0x0800a591   Thumb Code    94  gsm.o(i.sendSMS)
    startSoundAlert                          0x0800a609   Thumb Code    12  buzzer.o(i.startSoundAlert)
    stopSoundAlert                           0x0800a619   Thumb Code    10  buzzer.o(i.stopSoundAlert)
    storeECGData                             0x0800a629   Thumb Code    54  heartrate.o(i.storeECGData)
    updateTime                               0x0800a669   Thumb Code    72  bluetooth.o(i.updateTime)
    uxListRemove                             0x0800a6c9   Thumb Code    40  list.o(i.uxListRemove)
    uxQueueMessagesWaiting                   0x0800a6f1   Thumb Code    46  queue.o(i.uxQueueMessagesWaiting)
    vListInitialise                          0x0800a71f   Thumb Code    26  list.o(i.vListInitialise)
    vListInitialiseItem                      0x0800a739   Thumb Code     6  list.o(i.vListInitialiseItem)
    vListInsert                              0x0800a73f   Thumb Code    52  list.o(i.vListInsert)
    vListInsertEnd                           0x0800a773   Thumb Code    24  list.o(i.vListInsertEnd)
    vPortEnterCritical                       0x0800a78d   Thumb Code    84  port.o(i.vPortEnterCritical)
    vPortExitCritical                        0x0800a7e9   Thumb Code    60  port.o(i.vPortExitCritical)
    vPortFree                                0x0800a829   Thumb Code   148  heap_4.o(i.vPortFree)
    vPortSetupTimerInterrupt                 0x0800a8c5   Thumb Code    26  port.o(i.vPortSetupTimerInterrupt)
    vPortValidateInterruptPriority           0x0800a8e5   Thumb Code   114  port.o(i.vPortValidateInterruptPriority)
    vTaskAcquireAccel                        0x0800a965   Thumb Code    58  tasks.o(i.vTaskAcquireAccel)
    vTaskAcquireTemp                         0x0800a9ad   Thumb Code    40  tasks.o(i.vTaskAcquireTemp)
    vTaskAnalyze                             0x0800a9dd   Thumb Code   174  tasks.o(i.vTaskAnalyze)
    vTaskDelay                               0x0800aaa1   Thumb Code    86  tasks_1.o(i.vTaskDelay)
    vTaskDelayUntil                          0x0800ab01   Thumb Code   212  tasks_1.o(i.vTaskDelayUntil)
    vTaskDistress                            0x0800abe1   Thumb Code    68  tasks.o(i.vTaskDistress)
    vTaskMissedYield                         0x0800ac3d   Thumb Code     8  tasks_1.o(i.vTaskMissedYield)
    vTaskPlaceOnEventList                    0x0800ac49   Thumb Code    56  tasks_1.o(i.vTaskPlaceOnEventList)
    vTaskPriorityInherit                     0x0800ac85   Thumb Code   164  tasks_1.o(i.vTaskPriorityInherit)
    vTaskProcessAccel                        0x0800ad35   Thumb Code   104  tasks.o(i.vTaskProcessAccel)
    vTaskProcessBT                           0x0800ada5   Thumb Code    68  tasks.o(i.vTaskProcessBT)
    vTaskProcessHeartRate                    0x0800adf1   Thumb Code    98  tasks.o(i.vTaskProcessHeartRate)
    vTaskProcessTemp                         0x0800ae61   Thumb Code    94  tasks.o(i.vTaskProcessTemp)
    vTaskSendBT                              0x0800aecd   Thumb Code    58  tasks.o(i.vTaskSendBT)
    vTaskSetTimeOutState                     0x0800af19   Thumb Code    42  tasks_1.o(i.vTaskSetTimeOutState)
    vTaskSoundAlert                          0x0800af4d   Thumb Code    44  tasks.o(i.vTaskSoundAlert)
    vTaskStartScheduler                      0x0800af7d   Thumb Code   116  tasks_1.o(i.vTaskStartScheduler)
    vTaskStore                               0x0800b00d   Thumb Code   188  tasks.o(i.vTaskStore)
    vTaskSuspendAll                          0x0800b0f1   Thumb Code    12  tasks_1.o(i.vTaskSuspendAll)
    vTaskSwitchContext                       0x0800b101   Thumb Code   122  tasks_1.o(i.vTaskSwitchContext)
    xPortStartScheduler                      0x0800b191   Thumb Code   206  port.o(i.xPortStartScheduler)
    xPortSysTickHandler                      0x0800b279   Thumb Code    50  port.o(i.xPortSysTickHandler)
    xQueueAddToSet                           0x0800b2b1   Thumb Code    38  queue.o(i.xQueueAddToSet)
    xQueueCreateMutex                        0x0800b2d7   Thumb Code    34  queue.o(i.xQueueCreateMutex)
    xQueueCreateSet                          0x0800b2f9   Thumb Code    20  queue.o(i.xQueueCreateSet)
    xQueueGenericCreate                      0x0800b30d   Thumb Code    92  queue.o(i.xQueueGenericCreate)
    xQueueGenericReceive                     0x0800b369   Thumb Code   458  queue.o(i.xQueueGenericReceive)
    xQueueGenericReset                       0x0800b539   Thumb Code   150  queue.o(i.xQueueGenericReset)
    xQueueGenericSend                        0x0800b5d5   Thumb Code   468  queue.o(i.xQueueGenericSend)
    xQueueGenericSendFromISR                 0x0800b7ad   Thumb Code   280  queue.o(i.xQueueGenericSendFromISR)
    xQueueGiveFromISR                        0x0800b8c5   Thumb Code   262  queue.o(i.xQueueGiveFromISR)
    xQueueSelectFromSet                      0x0800b9cb   Thumb Code    26  queue.o(i.xQueueSelectFromSet)
    xTaskCheckForTimeOut                     0x0800b9e5   Thumb Code   140  tasks_1.o(i.xTaskCheckForTimeOut)
    xTaskCreate                              0x0800ba79   Thumb Code    96  tasks_1.o(i.xTaskCreate)
    xTaskGetSchedulerState                   0x0800bad9   Thumb Code    24  tasks_1.o(i.xTaskGetSchedulerState)
    xTaskGetTickCount                        0x0800baf9   Thumb Code     6  tasks_1.o(i.xTaskGetTickCount)
    xTaskIncrementTick                       0x0800bb05   Thumb Code   286  tasks_1.o(i.xTaskIncrementTick)
    xTaskPriorityDisinherit                  0x0800bc51   Thumb Code   196  tasks_1.o(i.xTaskPriorityDisinherit)
    xTaskRemoveFromEventList                 0x0800bd21   Thumb Code   132  tasks_1.o(i.xTaskRemoveFromEventList)
    xTaskResumeAll                           0x0800bdbd   Thumb Code   228  tasks_1.o(i.xTaskResumeAll)
    AHBPrescTable                            0x08010ef8   Data          16  system_stm32f7xx_1.o(.constdata)
    APBPrescTable                            0x08010f08   Data           8  system_stm32f7xx_1.o(.constdata)
    __mathlib_zero                           0x08011000   Data           8  qnan.o(.constdata)
    __ctype_table                            0x08011008   Data         129  ctype_o.o(.constdata)
    Region$$Table$$Base                      0x0801109c   Number         0  anon$$obj.o(Region$$Table)
    Region$$Table$$Limit                     0x080110bc   Number         0  anon$$obj.o(Region$$Table)
    defaultTaskHandle                        0x2000005c   Data           4  freertos.o(.data)
    xSemaphoreBluetooth                      0x20000070   Data           4  tasks.o(.data)
    xSemaphoreReadTemp                       0x20000074   Data           4  tasks.o(.data)
    xSemaphoreSendBT                         0x20000078   Data           4  tasks.o(.data)
    xSemaphoreStore                          0x2000007c   Data           4  tasks.o(.data)
    xSemaphoreDistress                       0x20000080   Data           4  tasks.o(.data)
    xSemaphoreSoundAlert                     0x20000084   Data           4  tasks.o(.data)
    xSemaphoreActivateDMA                    0x20000088   Data           4  tasks.o(.data)
    xSemaphoreDMAFinish                      0x2000008c   Data           4  tasks.o(.data)
    xMutexTempStore                          0x20000090   Data           4  tasks.o(.data)
    xMutexHRStore                            0x20000094   Data           4  tasks.o(.data)
    xMutexSendBT                             0x20000098   Data           4  tasks.o(.data)
    xMutexEC                                 0x2000009c   Data           4  tasks.o(.data)
    xQueueBT                                 0x200000a0   Data           4  tasks.o(.data)
    xQueueTempProcessed                      0x200000a4   Data           4  tasks.o(.data)
    xQueueTempRaw                            0x200000a8   Data           4  tasks.o(.data)
    xQueueHRRaw                              0x200000ac   Data           4  tasks.o(.data)
    xQueueHRProcessed                        0x200000b0   Data           4  tasks.o(.data)
    xQueueAccelProcessed                     0x200000b4   Data           4  tasks.o(.data)
    xQueueAccelRaw                           0x200000b8   Data           4  tasks.o(.data)
    xQueueSetAnalysis                        0x200000bc   Data           4  tasks.o(.data)
    uwTick                                   0x200000c0   Data           4  stm32f7xx_hal.o(.data)
    uwTickPrio                               0x200000c4   Data           4  stm32f7xx_hal.o(.data)
    uwTickFreq                               0x200000c8   Data           1  stm32f7xx_hal.o(.data)
    SystemCoreClock                          0x200000cc   Data           4  system_stm32f7xx_1.o(.data)
    pxCurrentTCB                             0x200000f4   Data           4  tasks_1.o(.data)
    hadc1                                    0x200006cc   Data          72  adc.o(.bss)
    hi2c2                                    0x20000714   Data          76  i2c.o(.bss)
    hi2c4                                    0x20000760   Data          76  i2c.o(.bss)
    hdma_i2c2_rx                             0x200007ac   Data          96  i2c.o(.bss)
    hrtc                                     0x2000080c   Data          32  rtc.o(.bss)
    htim2                                    0x2000082c   Data          64  tim.o(.bss)
    htim5                                    0x2000086c   Data          64  tim.o(.bss)
    htim6                                    0x200008ac   Data          64  tim.o(.bss)
    htim11                                   0x200008ec   Data          64  tim.o(.bss)
    huart5                                   0x2000092c   Data         112  usart.o(.bss)
    huart3                                   0x2000099c   Data         112  usart.o(.bss)
    huart6                                   0x20000a0c   Data         112  usart.o(.bss)
    hdma_usart6_tx                           0x20000a7c   Data          96  usart.o(.bss)
    logData                                  0x20000b16   Data        4000  tasks.o(.bss)
    emergency_contact                        0x20001ab6   Data          13  tasks.o(.bss)
    __initial_sp                             0x2001f478   Data           0  startup_stm32f767xx.o(STACK)



==============================================================================

Memory Map of the image

  Image Entry point : 0x080001f9

  Load Region LR_IROM1 (Base: 0x08000000, Size: 0x000111f4, Max: 0x00200000, ABSOLUTE, COMPRESSED[0x000110e4])

    Execution Region ER_IROM1 (Exec base: 0x08000000, Load base: 0x08000000, Size: 0x000110bc, Max: 0x00200000, ABSOLUTE)

    Exec Addr    Load Addr    Size         Type   Attr      Idx    E Section Name        Object

    0x08000000   0x08000000   0x000001f8   Data   RO            3    RESET               startup_stm32f767xx.o
    0x080001f8   0x080001f8   0x00000000   Code   RO         6328  * .ARM.Collect$$$$00000000  mc_w.l(entry.o)
    0x080001f8   0x080001f8   0x00000004   Code   RO         6657    .ARM.Collect$$$$00000001  mc_w.l(entry2.o)
    0x080001fc   0x080001fc   0x00000004   Code   RO         6660    .ARM.Collect$$$$00000004  mc_w.l(entry5.o)
    0x08000200   0x08000200   0x00000000   Code   RO         6662    .ARM.Collect$$$$00000008  mc_w.l(entry7b.o)
    0x08000200   0x08000200   0x00000000   Code   RO         6664    .ARM.Collect$$$$0000000A  mc_w.l(entry8b.o)
    0x08000200   0x08000200   0x00000008   Code   RO         6665    .ARM.Collect$$$$0000000B  mc_w.l(entry9a.o)
    0x08000208   0x08000208   0x00000000   Code   RO         6667    .ARM.Collect$$$$0000000D  mc_w.l(entry10a.o)
    0x08000208   0x08000208   0x00000000   Code   RO         6669    .ARM.Collect$$$$0000000F  mc_w.l(entry11a.o)
    0x08000208   0x08000208   0x00000004   Code   RO         6658    .ARM.Collect$$$$00002712  mc_w.l(entry2.o)
    0x0800020c   0x0800020c   0x000000ba   Code   RO         5101    .emb_text           port.o
    0x080002c6   0x080002c6   0x00000002   PAD
    0x080002c8   0x080002c8   0x00000024   Code   RO            4    .text               startup_stm32f767xx.o
    0x080002ec   0x080002ec   0x00000444   Code   RO         6165    .text               arm_cortexM7lfdp_math.lib(arm_fir_f32.o)
    0x08000730   0x08000730   0x0000001c   Code   RO         6211    .text               arm_cortexM7lfdp_math.lib(arm_fir_init_f32.o)
    0x0800074c   0x0800074c   0x000000ce   Code   RO         6235    .text               arm_cortexM7lfdp_math.lib(arm_min_f32.o)
    0x0800081a   0x0800081a   0x00000002   PAD
    0x0800081c   0x0800081c   0x000000d4   Code   RO         6259    .text               arm_cortexM7lfdp_math.lib(arm_power_f32.o)
    0x080008f0   0x080008f0   0x00000062   Code   RO         6331    .text               mc_w.l(uldiv.o)
    0x08000952   0x08000952   0x00000024   Code   RO         6333    .text               mc_w.l(memcpya.o)
    0x08000976   0x08000976   0x00000024   Code   RO         6335    .text               mc_w.l(memseta.o)
    0x0800099a   0x0800099a   0x00000018   Code   RO         6337    .text               mc_w.l(strcat.o)
    0x080009b2   0x080009b2   0x0000000e   Code   RO         6339    .text               mc_w.l(strlen.o)
    0x080009c0   0x080009c0   0x0000001c   Code   RO         6341    .text               mc_w.l(strcmp.o)
    0x080009dc   0x080009dc   0x00000012   Code   RO         6343    .text               mc_w.l(strcpy.o)
    0x080009ee   0x080009ee   0x0000001e   Code   RO         6345    .text               mc_w.l(strncmp.o)
    0x08000a0c   0x08000a0c   0x00000044   Code   RO         6347    .text               mc_w.l(strtok.o)
    0x08000a50   0x08000a50   0x0000001a   Code   RO         6616    .text               mc_w.l(atoi.o)
    0x08000a6a   0x08000a6a   0x0000002c   Code   RO         6674    .text               mc_w.l(uidiv.o)
    0x08000a96   0x08000a96   0x0000001e   Code   RO         6676    .text               mc_w.l(llshl.o)
    0x08000ab4   0x08000ab4   0x00000020   Code   RO         6678    .text               mc_w.l(llushr.o)
    0x08000ad4   0x08000ad4   0x00000070   Code   RO         6687    .text               mc_w.l(strtol.o)
    0x08000b44   0x08000b44   0x00000000   Code   RO         6689    .text               mc_w.l(iusefp.o)
    0x08000b44   0x08000b44   0x0000014e   Code   RO         6690    .text               mf_w.l(dadd.o)
    0x08000c92   0x08000c92   0x000000e4   Code   RO         6692    .text               mf_w.l(dmul.o)
    0x08000d76   0x08000d76   0x000000de   Code   RO         6694    .text               mf_w.l(ddiv.o)
    0x08000e54   0x08000e54   0x0000002e   Code   RO         6696    .text               mf_w.l(dscalb.o)
    0x08000e82   0x08000e82   0x00000030   Code   RO         6698    .text               mf_w.l(dfixul.o)
    0x08000eb2   0x08000eb2   0x00000002   PAD
    0x08000eb4   0x08000eb4   0x00000030   Code   RO         6700    .text               mf_w.l(cdrcmple.o)
    0x08000ee4   0x08000ee4   0x00000024   Code   RO         6704    .text               mc_w.l(init.o)
    0x08000f08   0x08000f08   0x00000024   Code   RO         6707    .text               mc_w.l(llsshr.o)
    0x08000f2c   0x08000f2c   0x00000008   Code   RO         6709    .text               mc_w.l(ctype_o.o)
    0x08000f34   0x08000f34   0x0000009e   Code   RO         6737    .text               mc_w.l(_strtoul.o)
    0x08000fd2   0x08000fd2   0x000000ba   Code   RO         6740    .text               mf_w.l(depilogue.o)
    0x0800108c   0x0800108c   0x0000001c   Code   RO         6742    .text               mc_w.l(_chval.o)
    0x080010a8   0x080010a8   0x0000003a   Code   RO         6752    .text               mc_w.l(__dczerorl.o)
    0x080010e2   0x080010e2   0x00000002   PAD
    0x080010e4   0x080010e4   0x00000010   Code   RO          882    i.ADC_IRQHandler    stm32f7xx_it.o
    0x080010f4   0x080010f4   0x0000016c   Code   RO         1499    i.ADC_Init          stm32f7xx_hal_adc.o
    0x08001260   0x08001260   0x00000018   Code   RO          454    i.BT_Init           bluetooth.o
    0x08001278   0x08001278   0x00000004   Code   RO          883    i.BusFault_Handler  stm32f7xx_it.o
    0x0800127c   0x0800127c   0x00000018   Code   RO         1291    i.CompactSVM_CompactSVM  predict_fall.o
    0x08001294   0x08001294   0x00000010   Code   RO          884    i.DMA1_Stream2_IRQHandler  stm32f7xx_it.o
    0x080012a4   0x080012a4   0x00000010   Code   RO          885    i.DMA2_Stream6_IRQHandler  stm32f7xx_it.o
    0x080012b4   0x080012b4   0x00000034   Code   RO         4427    i.DMA_CalcBaseAndBitshift  stm32f7xx_hal_dma.o
    0x080012e8   0x080012e8   0x000000aa   Code   RO         4428    i.DMA_CheckFifoParam  stm32f7xx_hal_dma.o
    0x08001392   0x08001392   0x0000002c   Code   RO         4429    i.DMA_SetConfig     stm32f7xx_hal_dma.o
    0x080013be   0x080013be   0x00000002   Code   RO          886    i.DebugMon_Handler  stm32f7xx_it.o
    0x080013c0   0x080013c0   0x0000000a   Code   RO          887    i.EXTI0_IRQHandler  stm32f7xx_it.o
    0x080013ca   0x080013ca   0x0000000c   Code   RO          888    i.EXTI15_10_IRQHandler  stm32f7xx_it.o
    0x080013d6   0x080013d6   0x00000002   PAD
    0x080013d8   0x080013d8   0x0000004c   Code   RO         1225    i.GSM_Config        gsm.o
    0x08001424   0x08001424   0x00000030   Code   RO         1227    i.GSM_send_message  gsm.o
    0x08001454   0x08001454   0x00000068   Code   RO         1228    i.GSM_send_message_check_answer  gsm.o
    0x080014bc   0x080014bc   0x000000f8   Code   RO         1292    i.Gaussian          predict_fall.o
    0x080015b4   0x080015b4   0x00000002   Code   RO         1670    i.HAL_ADCEx_InjectedConvCpltCallback  stm32f7xx_hal_adc_ex.o
    0x080015b6   0x080015b6   0x00000002   PAD
    0x080015b8   0x080015b8   0x000001b4   Code   RO         1501    i.HAL_ADC_ConfigChannel  stm32f7xx_hal_adc.o
    0x0800176c   0x0800176c   0x0000003c   Code   RO           13    i.HAL_ADC_ConvCpltCallback  main.o
    0x080017a8   0x080017a8   0x00000002   Code   RO         1505    i.HAL_ADC_ErrorCallback  stm32f7xx_hal_adc.o
    0x080017aa   0x080017aa   0x00000008   Code   RO         1508    i.HAL_ADC_GetValue  stm32f7xx_hal_adc.o
    0x080017b2   0x080017b2   0x00000174   Code   RO         1509    i.HAL_ADC_IRQHandler  stm32f7xx_hal_adc.o
    0x08001926   0x08001926   0x00000002   PAD
    0x08001928   0x08001928   0x00000068   Code   RO         1510    i.HAL_ADC_Init      stm32f7xx_hal_adc.o
    0x08001990   0x08001990   0x00000002   Code   RO         1511    i.HAL_ADC_LevelOutOfWindowCallback  stm32f7xx_hal_adc.o
    0x08001992   0x08001992   0x00000002   PAD
    0x08001994   0x08001994   0x00000060   Code   RO          542    i.HAL_ADC_MspInit   adc.o
    0x080019f4   0x080019f4   0x00000110   Code   RO         1518    i.HAL_ADC_Start_IT  stm32f7xx_hal_adc.o
    0x08001b04   0x08001b04   0x00000028   Code   RO         4431    i.HAL_DMA_Abort_IT  stm32f7xx_hal_dma.o
    0x08001b2c   0x08001b2c   0x00000240   Code   RO         4435    i.HAL_DMA_IRQHandler  stm32f7xx_hal_dma.o
    0x08001d6c   0x08001d6c   0x000000ec   Code   RO         4436    i.HAL_DMA_Init      stm32f7xx_hal_dma.o
    0x08001e58   0x08001e58   0x0000009e   Code   RO         4440    i.HAL_DMA_Start_IT  stm32f7xx_hal_dma.o
    0x08001ef6   0x08001ef6   0x00000002   PAD
    0x08001ef8   0x08001ef8   0x00000030   Code   RO           14    i.HAL_GPIO_EXTI_Callback  main.o
    0x08001f28   0x08001f28   0x0000001c   Code   RO         4363    i.HAL_GPIO_EXTI_IRQHandler  stm32f7xx_hal_gpio.o
    0x08001f44   0x08001f44   0x00000218   Code   RO         4364    i.HAL_GPIO_Init     stm32f7xx_hal_gpio.o
    0x0800215c   0x0800215c   0x0000000c   Code   RO         4368    i.HAL_GPIO_WritePin  stm32f7xx_hal_gpio.o
    0x08002168   0x08002168   0x0000000c   Code   RO         4807    i.HAL_GetTick       stm32f7xx_hal.o
    0x08002174   0x08002174   0x0000006a   Code   RO         2339    i.HAL_I2CEx_ConfigAnalogFilter  stm32f7xx_hal_i2c_ex.o
    0x080021de   0x080021de   0x0000006a   Code   RO         2340    i.HAL_I2CEx_ConfigDigitalFilter  stm32f7xx_hal_i2c_ex.o
    0x08002248   0x08002248   0x00000002   Code   RO         1911    i.HAL_I2C_AbortCpltCallback  stm32f7xx_hal_i2c.o
    0x0800224a   0x0800224a   0x00000002   Code   RO         1912    i.HAL_I2C_AddrCallback  stm32f7xx_hal_i2c.o
    0x0800224c   0x0800224c   0x0000001c   Code   RO         1916    i.HAL_I2C_EV_IRQHandler  stm32f7xx_hal_i2c.o
    0x08002268   0x08002268   0x00000002   Code   RO         1918    i.HAL_I2C_ErrorCallback  stm32f7xx_hal_i2c.o
    0x0800226a   0x0800226a   0x00000002   PAD
    0x0800226c   0x0800226c   0x000000c4   Code   RO         1922    i.HAL_I2C_Init      stm32f7xx_hal_i2c.o
    0x08002330   0x08002330   0x00000002   Code   RO         1924    i.HAL_I2C_ListenCpltCallback  stm32f7xx_hal_i2c.o
    0x08002332   0x08002332   0x00000002   PAD
    0x08002334   0x08002334   0x00000044   Code   RO           15    i.HAL_I2C_MasterRxCpltCallback  main.o
    0x08002378   0x08002378   0x00000002   Code   RO         1926    i.HAL_I2C_MasterTxCpltCallback  stm32f7xx_hal_i2c.o
    0x0800237a   0x0800237a   0x00000002   PAD
    0x0800237c   0x0800237c   0x00000174   Code   RO         1933    i.HAL_I2C_Master_Transmit  stm32f7xx_hal_i2c.o
    0x080024f0   0x080024f0   0x00000044   Code   RO           16    i.HAL_I2C_MemRxCpltCallback  main.o
    0x08002534   0x08002534   0x00000002   Code   RO         1937    i.HAL_I2C_MemTxCpltCallback  stm32f7xx_hal_i2c.o
    0x08002536   0x08002536   0x00000002   PAD
    0x08002538   0x08002538   0x000001bc   Code   RO         1938    i.HAL_I2C_Mem_Read  stm32f7xx_hal_i2c.o
    0x080026f4   0x080026f4   0x0000013c   Code   RO         1939    i.HAL_I2C_Mem_Read_DMA  stm32f7xx_hal_i2c.o
    0x08002830   0x08002830   0x00000104   Code   RO          661    i.HAL_I2C_MspInit   i2c.o
    0x08002934   0x08002934   0x00000002   Code   RO         1946    i.HAL_I2C_SlaveRxCpltCallback  stm32f7xx_hal_i2c.o
    0x08002936   0x08002936   0x00000002   Code   RO         1947    i.HAL_I2C_SlaveTxCpltCallback  stm32f7xx_hal_i2c.o
    0x08002938   0x08002938   0x00000018   Code   RO         4813    i.HAL_IncTick       stm32f7xx_hal.o
    0x08002950   0x08002950   0x00000016   Code   RO         4814    i.HAL_Init          stm32f7xx_hal.o
    0x08002966   0x08002966   0x00000002   PAD
    0x08002968   0x08002968   0x0000004c   Code   RO         4815    i.HAL_InitTick      stm32f7xx_hal.o
    0x080029b4   0x080029b4   0x00000094   Code   RO         1012    i.HAL_MspInit       stm32f7xx_hal_msp.o
    0x08002a48   0x08002a48   0x0000001a   Code   RO         1776    i.HAL_NVIC_EnableIRQ  stm32f7xx_hal_cortex.o
    0x08002a62   0x08002a62   0x0000007c   Code   RO         1782    i.HAL_NVIC_SetPriority  stm32f7xx_hal_cortex.o
    0x08002ade   0x08002ade   0x00000002   PAD
    0x08002ae0   0x08002ae0   0x00000028   Code   RO         1783    i.HAL_NVIC_SetPriorityGrouping  stm32f7xx_hal_cortex.o
    0x08002b08   0x08002b08   0x00000090   Code   RO         4704    i.HAL_PWREx_EnableOverDrive  stm32f7xx_hal_pwr_ex.o
    0x08002b98   0x08002b98   0x00000758   Code   RO         4080    i.HAL_RCCEx_PeriphCLKConfig  stm32f7xx_hal_rcc_ex.o
    0x080032f0   0x080032f0   0x00000190   Code   RO         3973    i.HAL_RCC_ClockConfig  stm32f7xx_hal_rcc.o
    0x08003480   0x08003480   0x0000000c   Code   RO         3978    i.HAL_RCC_GetHCLKFreq  stm32f7xx_hal_rcc.o
    0x0800348c   0x0800348c   0x00000020   Code   RO         3980    i.HAL_RCC_GetPCLK1Freq  stm32f7xx_hal_rcc.o
    0x080034ac   0x080034ac   0x00000020   Code   RO         3981    i.HAL_RCC_GetPCLK2Freq  stm32f7xx_hal_rcc.o
    0x080034cc   0x080034cc   0x000000b0   Code   RO         3982    i.HAL_RCC_GetSysClockFreq  stm32f7xx_hal_rcc.o
    0x0800357c   0x0800357c   0x000004b8   Code   RO         3985    i.HAL_RCC_OscConfig  stm32f7xx_hal_rcc.o
    0x08003a34   0x08003a34   0x00000060   Code   RO         2388    i.HAL_RTC_GetTime   stm32f7xx_hal_rtc.o
    0x08003a94   0x08003a94   0x000000b4   Code   RO         2389    i.HAL_RTC_Init      stm32f7xx_hal_rtc.o
    0x08003b48   0x08003b48   0x00000020   Code   RO          709    i.HAL_RTC_MspInit   rtc.o
    0x08003b68   0x08003b68   0x00000104   Code   RO         2395    i.HAL_RTC_SetDate   stm32f7xx_hal_rtc.o
    0x08003c6c   0x08003c6c   0x00000134   Code   RO         2396    i.HAL_RTC_SetTime   stm32f7xx_hal_rtc.o
    0x08003da0   0x08003da0   0x0000003a   Code   RO         2397    i.HAL_RTC_WaitForSynchro  stm32f7xx_hal_rtc.o
    0x08003dda   0x08003dda   0x00000028   Code   RO         1785    i.HAL_SYSTICK_CLKSourceConfig  stm32f7xx_hal_cortex.o
    0x08003e02   0x08003e02   0x00000034   Code   RO         1787    i.HAL_SYSTICK_Config  stm32f7xx_hal_cortex.o
    0x08003e36   0x08003e36   0x00000002   Code   RO         3404    i.HAL_TIMEx_BreakCallback  stm32f7xx_hal_tim_ex.o
    0x08003e38   0x08003e38   0x00000002   Code   RO         3405    i.HAL_TIMEx_CommutationCallback  stm32f7xx_hal_tim_ex.o
    0x08003e3a   0x08003e3a   0x00000002   PAD
    0x08003e3c   0x08003e3c   0x0000006c   Code   RO         3423    i.HAL_TIMEx_MasterConfigSynchronization  stm32f7xx_hal_tim_ex.o
    0x08003ea8   0x08003ea8   0x00000034   Code   RO         2761    i.HAL_TIM_Base_Init  stm32f7xx_hal_tim.o
    0x08003edc   0x08003edc   0x00000070   Code   RO          751    i.HAL_TIM_Base_MspInit  tim.o
    0x08003f4c   0x08003f4c   0x0000001e   Code   RO         2764    i.HAL_TIM_Base_Start  stm32f7xx_hal_tim.o
    0x08003f6a   0x08003f6a   0x0000001e   Code   RO         2766    i.HAL_TIM_Base_Start_IT  stm32f7xx_hal_tim.o
    0x08003f88   0x08003f88   0x00000002   Code   RO         2790    i.HAL_TIM_IC_CaptureCallback  stm32f7xx_hal_tim.o
    0x08003f8a   0x08003f8a   0x000001b8   Code   RO         2803    i.HAL_TIM_IRQHandler  stm32f7xx_hal_tim.o
    0x08004142   0x08004142   0x00000002   PAD
    0x08004144   0x08004144   0x00000034   Code   RO          752    i.HAL_TIM_MspPostInit  tim.o
    0x08004178   0x08004178   0x00000094   Code   RO         3442    i.HAL_TIM_OC_ConfigChannel  stm32f7xx_hal_tim_ex.o
    0x0800420c   0x0800420c   0x00000002   Code   RO         2806    i.HAL_TIM_OC_DelayElapsedCallback  stm32f7xx_hal_tim.o
    0x0800420e   0x0800420e   0x00000034   Code   RO         2808    i.HAL_TIM_OC_Init   stm32f7xx_hal_tim.o
    0x08004242   0x08004242   0x00000002   PAD
    0x08004244   0x08004244   0x00000078   Code   RO          754    i.HAL_TIM_OC_MspInit  tim.o
    0x080042bc   0x080042bc   0x00000174   Code   RO         3443    i.HAL_TIM_PWM_ConfigChannel  stm32f7xx_hal_tim_ex.o
    0x08004430   0x08004430   0x00000034   Code   RO         2830    i.HAL_TIM_PWM_Init  stm32f7xx_hal_tim.o
    0x08004464   0x08004464   0x00000002   Code   RO         2832    i.HAL_TIM_PWM_MspInit  stm32f7xx_hal_tim.o
    0x08004466   0x08004466   0x00000002   Code   RO         2833    i.HAL_TIM_PWM_PulseFinishedCallback  stm32f7xx_hal_tim.o
    0x08004468   0x08004468   0x0000004c   Code   RO         2834    i.HAL_TIM_PWM_Start  stm32f7xx_hal_tim.o
    0x080044b4   0x080044b4   0x00000068   Code   RO           17    i.HAL_TIM_PeriodElapsedCallback  main.o
    0x0800451c   0x0800451c   0x00000002   Code   RO         2844    i.HAL_TIM_TriggerCallback  stm32f7xx_hal_tim.o
    0x0800451e   0x0800451e   0x00000002   Code   RO         3698    i.HAL_UART_ErrorCallback  stm32f7xx_hal_uart.o
    0x08004520   0x08004520   0x00000160   Code   RO         3701    i.HAL_UART_IRQHandler  stm32f7xx_hal_uart.o
    0x08004680   0x08004680   0x00000078   Code   RO         3702    i.HAL_UART_Init     stm32f7xx_hal_uart.o
    0x080046f8   0x080046f8   0x0000016c   Code   RO          829    i.HAL_UART_MspInit  usart.o
    0x08004864   0x08004864   0x00000112   Code   RO         3705    i.HAL_UART_Receive  stm32f7xx_hal_uart.o
    0x08004976   0x08004976   0x000000bc   Code   RO         3707    i.HAL_UART_Receive_IT  stm32f7xx_hal_uart.o
    0x08004a32   0x08004a32   0x00000002   PAD
    0x08004a34   0x08004a34   0x00000018   Code   RO           18    i.HAL_UART_RxCpltCallback  main.o
    0x08004a4c   0x08004a4c   0x000000c6   Code   RO         3710    i.HAL_UART_Transmit  stm32f7xx_hal_uart.o
    0x08004b12   0x08004b12   0x00000002   PAD
    0x08004b14   0x08004b14   0x000000a0   Code   RO         3711    i.HAL_UART_Transmit_DMA  stm32f7xx_hal_uart.o
    0x08004bb4   0x08004bb4   0x00000002   Code   RO         3713    i.HAL_UART_TxCpltCallback  stm32f7xx_hal_uart.o
    0x08004bb6   0x08004bb6   0x00000002   Code   RO         3714    i.HAL_UART_TxHalfCpltCallback  stm32f7xx_hal_uart.o
    0x08004bb8   0x08004bb8   0x00000090   Code   RO          303    i.HR_Init           heartrate.o
    0x08004c48   0x08004c48   0x00000004   Code   RO          889    i.HardFault_Handler  stm32f7xx_it.o
    0x08004c4c   0x08004c4c   0x00000010   Code   RO          890    i.I2C2_EV_IRQHandler  stm32f7xx_it.o
    0x08004c5c   0x08004c5c   0x0000003a   Code   RO         1956    i.I2C_DMAAbort      stm32f7xx_hal_i2c.o
    0x08004c96   0x08004c96   0x0000001c   Code   RO         1957    i.I2C_DMAError      stm32f7xx_hal_i2c.o
    0x08004cb2   0x08004cb2   0x00000052   Code   RO         1958    i.I2C_DMAMasterReceiveCplt  stm32f7xx_hal_i2c.o
    0x08004d04   0x08004d04   0x0000007c   Code   RO         1962    i.I2C_Disable_IRQ   stm32f7xx_hal_i2c.o
    0x08004d80   0x08004d80   0x0000008c   Code   RO         1963    i.I2C_Enable_IRQ    stm32f7xx_hal_i2c.o
    0x08004e0c   0x08004e0c   0x00000028   Code   RO         1964    i.I2C_Flush_TXDR    stm32f7xx_hal_i2c.o
    0x08004e34   0x08004e34   0x000000d2   Code   RO         1965    i.I2C_ITAddrCplt    stm32f7xx_hal_i2c.o
    0x08004f06   0x08004f06   0x00000002   PAD
    0x08004f08   0x08004f08   0x00000118   Code   RO         1966    i.I2C_ITError       stm32f7xx_hal_i2c.o
    0x08005020   0x08005020   0x0000006c   Code   RO         1967    i.I2C_ITListenCplt  stm32f7xx_hal_i2c.o
    0x0800508c   0x0800508c   0x000000e8   Code   RO         1968    i.I2C_ITMasterCplt  stm32f7xx_hal_i2c.o
    0x08005174   0x08005174   0x00000130   Code   RO         1970    i.I2C_ITSlaveCplt   stm32f7xx_hal_i2c.o
    0x080052a4   0x080052a4   0x00000062   Code   RO         1971    i.I2C_ITSlaveSequentialCplt  stm32f7xx_hal_i2c.o
    0x08005306   0x08005306   0x00000002   PAD
    0x08005308   0x08005308   0x0000008c   Code   RO         1972    i.I2C_IsAcknowledgeFailed  stm32f7xx_hal_i2c.o
    0x08005394   0x08005394   0x000000fc   Code   RO         1973    i.I2C_Master_ISR_DMA  stm32f7xx_hal_i2c.o
    0x08005490   0x08005490   0x00000090   Code   RO         1975    i.I2C_RequestMemoryRead  stm32f7xx_hal_i2c.o
    0x08005520   0x08005520   0x00000090   Code   RO         1977    i.I2C_Slave_ISR_DMA  stm32f7xx_hal_i2c.o
    0x080055b0   0x080055b0   0x00000140   Code   RO         1978    i.I2C_Slave_ISR_IT  stm32f7xx_hal_i2c.o
    0x080056f0   0x080056f0   0x00000034   Code   RO         1979    i.I2C_TransferConfig  stm32f7xx_hal_i2c.o
    0x08005724   0x08005724   0x00000056   Code   RO         1980    i.I2C_WaitOnFlagUntilTimeout  stm32f7xx_hal_i2c.o
    0x0800577a   0x0800577a   0x00000056   Code   RO         1982    i.I2C_WaitOnSTOPFlagUntilTimeout  stm32f7xx_hal_i2c.o
    0x080057d0   0x080057d0   0x0000005a   Code   RO         1983    i.I2C_WaitOnTXISFlagUntilTimeout  stm32f7xx_hal_i2c.o
    0x0800582a   0x0800582a   0x00000002   PAD
    0x0800582c   0x0800582c   0x00000080   Code   RO          543    i.MX_ADC1_Init      adc.o
    0x080058ac   0x080058ac   0x00000060   Code   RO          583    i.MX_DMA_Init       dma.o
    0x0800590c   0x0800590c   0x00000028   Code   RO          607    i.MX_FREERTOS_Init  freertos.o
    0x08005934   0x08005934   0x00000110   Code   RO          517    i.MX_GPIO_Init      gpio.o
    0x08005a44   0x08005a44   0x00000074   Code   RO          662    i.MX_I2C2_Init      i2c.o
    0x08005ab8   0x08005ab8   0x00000074   Code   RO          663    i.MX_I2C4_Init      i2c.o
    0x08005b2c   0x08005b2c   0x000000a0   Code   RO          710    i.MX_RTC_Init       rtc.o
    0x08005bcc   0x08005bcc   0x00000080   Code   RO          755    i.MX_TIM11_Init     tim.o
    0x08005c4c   0x08005c4c   0x00000084   Code   RO          756    i.MX_TIM2_Init      tim.o
    0x08005cd0   0x08005cd0   0x00000084   Code   RO          757    i.MX_TIM5_Init      tim.o
    0x08005d54   0x08005d54   0x00000060   Code   RO          758    i.MX_TIM6_Init      tim.o
    0x08005db4   0x08005db4   0x00000054   Code   RO          830    i.MX_UART5_Init     usart.o
    0x08005e08   0x08005e08   0x00000054   Code   RO          831    i.MX_USART3_UART_Init  usart.o
    0x08005e5c   0x08005e5c   0x00000054   Code   RO          832    i.MX_USART6_UART_Init  usart.o
    0x08005eb0   0x08005eb0   0x00000004   Code   RO          891    i.MemManage_Handler  stm32f7xx_it.o
    0x08005eb4   0x08005eb4   0x00000002   Code   RO          892    i.NMI_Handler       stm32f7xx_it.o
    0x08005eb6   0x08005eb6   0x00000002   PAD
    0x08005eb8   0x08005eb8   0x00000010   Code   RO         1789    i.NVIC_GetPriorityGrouping  stm32f7xx_hal_cortex.o
    0x08005ec8   0x08005ec8   0x00000028   Code   RO         1790    i.NVIC_SetPriority  stm32f7xx_hal_cortex.o
    0x08005ef0   0x08005ef0   0x00000016   Code   RO         2398    i.RTC_Bcd2ToByte    stm32f7xx_hal_rtc.o
    0x08005f06   0x08005f06   0x0000001a   Code   RO         2399    i.RTC_ByteToBcd2    stm32f7xx_hal_rtc.o
    0x08005f20   0x08005f20   0x0000003e   Code   RO         2400    i.RTC_EnterInitMode  stm32f7xx_hal_rtc.o
    0x08005f5e   0x08005f5e   0x00000002   PAD
    0x08005f60   0x08005f60   0x00000074   Code   RO          455    i.Rx_Bt_Handler     bluetooth.o
    0x08005fd4   0x08005fd4   0x0000000a   Code   RO          608    i.StartDefaultTask  freertos.o
    0x08005fde   0x08005fde   0x0000000c   Code   RO          893    i.SysTick_Handler   stm32f7xx_it.o
    0x08005fea   0x08005fea   0x00000002   PAD
    0x08005fec   0x08005fec   0x00000114   Code   RO           19    i.SystemClock_Config  main.o
    0x08006100   0x08006100   0x00000064   Code   RO         4998    i.SystemInit        system_stm32f7xx_1.o
    0x08006164   0x08006164   0x00000014   Code   RO          395    i.TEMP_Init         temperature.o
    0x08006178   0x08006178   0x00000010   Code   RO          894    i.TIM2_IRQHandler   stm32f7xx_it.o
    0x08006188   0x08006188   0x00000010   Code   RO          895    i.TIM5_IRQHandler   stm32f7xx_it.o
    0x08006198   0x08006198   0x00000010   Code   RO          896    i.TIM6_DAC_IRQHandler  stm32f7xx_it.o
    0x080061a8   0x080061a8   0x000000f0   Code   RO         2845    i.TIM_Base_SetConfig  stm32f7xx_hal_tim.o
    0x08006298   0x08006298   0x0000001c   Code   RO         2846    i.TIM_CCxChannelCmd  stm32f7xx_hal_tim.o
    0x080062b4   0x080062b4   0x00000074   Code   RO         2854    i.TIM_OC1_SetConfig  stm32f7xx_hal_tim.o
    0x08006328   0x08006328   0x0000007c   Code   RO         2855    i.TIM_OC2_SetConfig  stm32f7xx_hal_tim.o
    0x080063a4   0x080063a4   0x0000007c   Code   RO         2856    i.TIM_OC3_SetConfig  stm32f7xx_hal_tim.o
    0x08006420   0x08006420   0x00000064   Code   RO         2857    i.TIM_OC4_SetConfig  stm32f7xx_hal_tim.o
    0x08006484   0x08006484   0x00000058   Code   RO         3446    i.TIM_OC5_SetConfig  stm32f7xx_hal_tim_ex.o
    0x080064dc   0x080064dc   0x00000058   Code   RO         3447    i.TIM_OC6_SetConfig  stm32f7xx_hal_tim_ex.o
    0x08006534   0x08006534   0x00000010   Code   RO          897    i.UART5_IRQHandler  stm32f7xx_it.o
    0x08006544   0x08006544   0x000000ea   Code   RO         3715    i.UART_AdvFeatureConfig  stm32f7xx_hal_uart.o
    0x0800662e   0x0800662e   0x0000004e   Code   RO         3716    i.UART_CheckIdleState  stm32f7xx_hal_uart.o
    0x0800667c   0x0800667c   0x00000018   Code   RO         3717    i.UART_DMAAbortOnError  stm32f7xx_hal_uart.o
    0x08006694   0x08006694   0x0000004e   Code   RO         3718    i.UART_DMAError     stm32f7xx_hal_uart.o
    0x080066e2   0x080066e2   0x00000038   Code   RO         3721    i.UART_DMATransmitCplt  stm32f7xx_hal_uart.o
    0x0800671a   0x0800671a   0x0000000e   Code   RO         3722    i.UART_DMATxHalfCplt  stm32f7xx_hal_uart.o
    0x08006728   0x08006728   0x00000020   Code   RO         3723    i.UART_EndRxTransfer  stm32f7xx_hal_uart.o
    0x08006748   0x08006748   0x00000020   Code   RO         3724    i.UART_EndTransmit_IT  stm32f7xx_hal_uart.o
    0x08006768   0x08006768   0x00000014   Code   RO         3725    i.UART_EndTxTransfer  stm32f7xx_hal_uart.o
    0x0800677c   0x0800677c   0x00000088   Code   RO         3726    i.UART_Receive_IT   stm32f7xx_hal_uart.o
    0x08006804   0x08006804   0x0000038c   Code   RO         3727    i.UART_SetConfig    stm32f7xx_hal_uart.o
    0x08006b90   0x08006b90   0x0000006a   Code   RO         3728    i.UART_Transmit_IT  stm32f7xx_hal_uart.o
    0x08006bfa   0x08006bfa   0x0000006c   Code   RO         3729    i.UART_WaitOnFlagUntilTimeout  stm32f7xx_hal_uart.o
    0x08006c66   0x08006c66   0x00000002   PAD
    0x08006c68   0x08006c68   0x00000010   Code   RO          898    i.USART6_IRQHandler  stm32f7xx_it.o
    0x08006c78   0x08006c78   0x00000004   Code   RO          899    i.UsageFault_Handler  stm32f7xx_it.o
    0x08006c7c   0x08006c7c   0x00000004   Code   RO           20    i._Error_Handler    main.o
    0x08006c80   0x08006c80   0x00000028   Code   RO         6590    i.__0sprintf        mc_w.l(printfa.o)
    0x08006ca8   0x08006ca8   0x00000030   Code   RO         6652    i.__ARM_fpclassify  m_wv.l(fpclassify.o)
    0x08006cd8   0x08006cd8   0x00000008   Code   RO         6680    i.__aeabi_errno_addr  mc_w.l(errno.o)
    0x08006ce0   0x08006ce0   0x00000200   Code   RO         6618    i.__hardfp_atan     m_wv.l(atan.o)
    0x08006ee0   0x08006ee0   0x000001c0   Code   RO         6280    i.__hardfp_atan2    m_wv.l(atan2.o)
    0x080070a0   0x080070a0   0x00000268   Code   RO         6292    i.__hardfp_exp      m_wv.l(exp.o)
    0x08007308   0x08007308   0x0000008c   Code   RO         6306    i.__hardfp_frexp    m_wv.l(frexp.o)
    0x08007394   0x08007394   0x00000004   PAD
    0x08007398   0x08007398   0x000000c0   Code   RO         6312    i.__hardfp_ldexp    m_wv.l(ldexp.o)
    0x08007458   0x08007458   0x00000070   Code   RO         6654    i.__kernel_poly     m_wv.l(poly.o)
    0x080074c8   0x080074c8   0x00000006   Code   RO         6633    i.__mathlib_dbl_infnan  m_wv.l(dunder.o)
    0x080074ce   0x080074ce   0x00000006   Code   RO         6634    i.__mathlib_dbl_infnan2  m_wv.l(dunder.o)
    0x080074d4   0x080074d4   0x00000004   PAD
    0x080074d8   0x080074d8   0x00000018   Code   RO         6636    i.__mathlib_dbl_overflow  m_wv.l(dunder.o)
    0x080074f0   0x080074f0   0x00000018   Code   RO         6638    i.__mathlib_dbl_underflow  m_wv.l(dunder.o)
    0x08007508   0x08007508   0x0000000e   Code   RO         6746    i.__scatterload_copy  mc_w.l(handlers.o)
    0x08007516   0x08007516   0x00000002   Code   RO         6747    i.__scatterload_null  mc_w.l(handlers.o)
    0x08007518   0x08007518   0x0000000e   Code   RO         6748    i.__scatterload_zeroinit  mc_w.l(handlers.o)
    0x08007526   0x08007526   0x00000002   PAD
    0x08007528   0x08007528   0x0000000c   Code   RO         6682    i.__set_errno       mc_w.l(errno.o)
    0x08007534   0x08007534   0x00000184   Code   RO         6595    i._fp_digits        mc_w.l(printfa.o)
    0x080076b8   0x080076b8   0x000006dc   Code   RO         6596    i._printf_core      mc_w.l(printfa.o)
    0x08007d94   0x08007d94   0x00000024   Code   RO         6597    i._printf_post_padding  mc_w.l(printfa.o)
    0x08007db8   0x08007db8   0x0000002e   Code   RO         6598    i._printf_pre_padding  mc_w.l(printfa.o)
    0x08007de6   0x08007de6   0x0000000a   Code   RO         6600    i._sputc            mc_w.l(printfa.o)
    0x08007df0   0x08007df0   0x00000034   Code   RO         1036    i.accel_Config      accelerometer.o
    0x08007e24   0x08007e24   0x00000024   Code   RO         1037    i.accel_Write       accelerometer.o
    0x08007e48   0x08007e48   0x00000010   Code   RO         1038    i.accel_read_DMA    accelerometer.o
    0x08007e58   0x08007e58   0x00000020   Code   RO         1039    i.accel_start_DMA   accelerometer.o
    0x08007e78   0x08007e78   0x00000074   Code   RO         1229    i.addContact        gsm.o
    0x08007eec   0x08007eec   0x00000010   Code   RO         6620    i.atan              m_wv.l(atan.o)
    0x08007efc   0x08007efc   0x00000018   Code   RO         1293    i.b_CompactSVM_CompactSVM  predict_fall.o
    0x08007f14   0x08007f14   0x000000fc   Code   RO         1294    i.b_Gaussian        predict_fall.o
    0x08008010   0x08008010   0x00000010   Code   RO         1141    i.buzzer_Init       buzzer.o
    0x08008020   0x08008020   0x00000014   Code   RO         1295    i.c_CompactSVM_CompactSVM  predict_fall.o
    0x08008034   0x08008034   0x000000fc   Code   RO         1296    i.c_Gaussian        predict_fall.o
    0x08008130   0x08008130   0x00000048   Code   RO          304    i.calculateHeartRate  heartrate.o
    0x08008178   0x08008178   0x0000003c   Code   RO         1040    i.calculateParameters  accelerometer.o
    0x080081b4   0x080081b4   0x00000034   Code   RO          396    i.calculateTemperature  temperature.o
    0x080081e8   0x080081e8   0x00000068   Code   RO         1041    i.calculate_A_svm   accelerometer.o
    0x08008250   0x08008250   0x00000054   Code   RO         1042    i.calculate_Theta   accelerometer.o
    0x080082a4   0x080082a4   0x000000ac   Code   RO          456    i.changeEmergencyContact  bluetooth.o
    0x08008350   0x08008350   0x000000a8   Code   RO         1177    i.checkFallEvent    fall_detection.o
    0x080083f8   0x080083f8   0x00000050   Code   RO          305    i.checkHeartRateIssue  heartrate.o
    0x08008448   0x08008448   0x0000006c   Code   RO          397    i.checkTemperatureIssue  temperature.o
    0x080084b4   0x080084b4   0x00000074   Code   RO         1043    i.convertToGForce   accelerometer.o
    0x08008528   0x08008528   0x000000fc   Code   RO         1297    i.d_Gaussian        predict_fall.o
    0x08008624   0x08008624   0x000000f8   Code   RO         1298    i.e_Gaussian        predict_fall.o
    0x0800871c   0x0800871c   0x00000030   Code   RO          457    i.executeCommand    bluetooth.o
    0x0800874c   0x0800874c   0x000000f8   Code   RO         1299    i.f_Gaussian        predict_fall.o
    0x08008844   0x08008844   0x00000018   Code   RO         6648    i.fabs              m_wv.l(fabs.o)
    0x0800885c   0x0800885c   0x000000b0   Code   RO         1178    i.fall_detection    fall_detection.o
    0x0800890c   0x0800890c   0x000000b8   Code   RO         1044    i.filter_accel_data  accelerometer.o
    0x080089c4   0x080089c4   0x0000004c   Code   RO          306    i.firFilter         heartrate.o
    0x08008a10   0x08008a10   0x00000014   Code   RO          307    i.getLastHeartRate  heartrate.o
    0x08008a24   0x08008a24   0x0000000c   Code   RO          398    i.getLastTemperature  temperature.o
    0x08008a30   0x08008a30   0x00000028   Code   RO          308    i.ignoreOutliers    heartrate.o
    0x08008a58   0x08008a58   0x0000003c   Code   RO         1375    i.init_mutexes      tasks.o
    0x08008a94   0x08008a94   0x00000044   Code   RO         1376    i.init_queue_set    tasks.o
    0x08008ad8   0x08008ad8   0x00000084   Code   RO         1377    i.init_queues       tasks.o
    0x08008b5c   0x08008b5c   0x00000094   Code   RO         1378    i.init_semaphores   tasks.o
    0x08008bf0   0x08008bf0   0x00000178   Code   RO         1379    i.init_tasks        tasks.o
    0x08008d68   0x08008d68   0x00000b30   Code   RO         1300    i.localScore        predict_fall.o
    0x08009898   0x08009898   0x00000018   Code   RO          458    i.logRequest        bluetooth.o
    0x080098b0   0x080098b0   0x00000080   Code   RO           21    i.main              main.o
    0x08009930   0x08009930   0x0000000e   Code   RO         5795    i.makeFreeRtosPriority  cmsis_os.o
    0x0800993e   0x0800993e   0x00000002   PAD
    0x08009940   0x08009940   0x00000018   Code   RO          309    i.muscleNoise       heartrate.o
    0x08009958   0x08009958   0x00000018   Code   RO         5797    i.osDelay           cmsis_os.o
    0x08009970   0x08009970   0x0000000a   Code   RO         5800    i.osKernelStart     cmsis_os.o
    0x0800997a   0x0800997a   0x00000010   Code   RO         5833    i.osSystickHandler  cmsis_os.o
    0x0800998a   0x0800998a   0x00000030   Code   RO         5834    i.osThreadCreate    cmsis_os.o
    0x080099ba   0x080099ba   0x00000002   PAD
    0x080099bc   0x080099bc   0x0000004c   Code   RO          459    i.parseCommand      bluetooth.o
    0x08009a08   0x08009a08   0x000001d8   Code   RO         1301    i.predict_fall      predict_fall.o
    0x08009be0   0x08009be0   0x00000098   Code   RO         5494    i.prvAddCurrentTaskToDelayedList  tasks_1.o
    0x08009c78   0x08009c78   0x000000b4   Code   RO         5495    i.prvAddNewTaskToReadyList  tasks_1.o
    0x08009d2c   0x08009d2c   0x00000064   Code   RO         5496    i.prvCheckTasksWaitingTermination  tasks_1.o
    0x08009d90   0x08009d90   0x0000002a   Code   RO         5304    i.prvCopyDataFromQueue  queue.o
    0x08009dba   0x08009dba   0x0000007c   Code   RO         5305    i.prvCopyDataToQueue  queue.o
    0x08009e36   0x08009e36   0x00000012   Code   RO         5497    i.prvDeleteTCB      tasks_1.o
    0x08009e48   0x08009e48   0x0000007c   Code   RO         5031    i.prvHeapInit       heap_4.o
    0x08009ec4   0x08009ec4   0x00000028   Code   RO         5498    i.prvIdleTask       tasks_1.o
    0x08009eec   0x08009eec   0x0000001c   Code   RO         5306    i.prvInitialiseMutex  queue.o
    0x08009f08   0x08009f08   0x0000002a   Code   RO         5307    i.prvInitialiseNewQueue  queue.o
    0x08009f32   0x08009f32   0x000000ae   Code   RO         5499    i.prvInitialiseNewTask  tasks_1.o
    0x08009fe0   0x08009fe0   0x00000068   Code   RO         5500    i.prvInitialiseTaskLists  tasks_1.o
    0x0800a048   0x0800a048   0x00000068   Code   RO         5032    i.prvInsertBlockIntoFreeList  heap_4.o
    0x0800a0b0   0x0800a0b0   0x0000001a   Code   RO         5308    i.prvIsQueueEmpty   queue.o
    0x0800a0ca   0x0800a0ca   0x0000001e   Code   RO         5309    i.prvIsQueueFull    queue.o
    0x0800a0e8   0x0800a0e8   0x00000098   Code   RO         5310    i.prvNotifyQueueSetContainer  queue.o
    0x0800a180   0x0800a180   0x00000034   Code   RO         5501    i.prvResetNextTaskUnblockTime  tasks_1.o
    0x0800a1b4   0x0800a1b4   0x00000048   Code   RO         5102    i.prvTaskExitError  port.o
    0x0800a1fc   0x0800a1fc   0x00000092   Code   RO         5311    i.prvUnlockQueue    queue.o
    0x0800a28e   0x0800a28e   0x00000002   PAD
    0x0800a290   0x0800a290   0x00000148   Code   RO         5033    i.pvPortMalloc      heap_4.o
    0x0800a3d8   0x0800a3d8   0x00000020   Code   RO         5503    i.pvTaskIncrementMutexHeldCount  tasks_1.o
    0x0800a3f8   0x0800a3f8   0x0000002c   Code   RO         5103    i.pxPortInitialiseStack  port.o
    0x0800a424   0x0800a424   0x00000070   Code   RO         1230    i.readContact       gsm.o
    0x0800a494   0x0800a494   0x00000034   Code   RO          399    i.readTemperature   temperature.o
    0x0800a4c8   0x0800a4c8   0x00000014   Code   RO          310    i.resetHeartCount   heartrate.o
    0x0800a4dc   0x0800a4dc   0x00000014   Code   RO          400    i.resetTempCount    temperature.o
    0x0800a4f0   0x0800a4f0   0x000000a0   Code   RO          311    i.searchBeat        heartrate.o
    0x0800a590   0x0800a590   0x00000078   Code   RO         1231    i.sendSMS           gsm.o
    0x0800a608   0x0800a608   0x00000010   Code   RO         1142    i.startSoundAlert   buzzer.o
    0x0800a618   0x0800a618   0x00000010   Code   RO         1143    i.stopSoundAlert    buzzer.o
    0x0800a628   0x0800a628   0x00000040   Code   RO          312    i.storeECGData      heartrate.o
    0x0800a668   0x0800a668   0x00000060   Code   RO          460    i.updateTime        bluetooth.o
    0x0800a6c8   0x0800a6c8   0x00000028   Code   RO         5267    i.uxListRemove      list.o
    0x0800a6f0   0x0800a6f0   0x0000002e   Code   RO         5312    i.uxQueueMessagesWaiting  queue.o
    0x0800a71e   0x0800a71e   0x0000001a   Code   RO         5268    i.vListInitialise   list.o
    0x0800a738   0x0800a738   0x00000006   Code   RO         5269    i.vListInitialiseItem  list.o
    0x0800a73e   0x0800a73e   0x00000034   Code   RO         5270    i.vListInsert       list.o
    0x0800a772   0x0800a772   0x00000018   Code   RO         5271    i.vListInsertEnd    list.o
    0x0800a78a   0x0800a78a   0x00000002   PAD
    0x0800a78c   0x0800a78c   0x0000005c   Code   RO         5105    i.vPortEnterCritical  port.o
    0x0800a7e8   0x0800a7e8   0x00000040   Code   RO         5106    i.vPortExitCritical  port.o
    0x0800a828   0x0800a828   0x0000009c   Code   RO         5034    i.vPortFree         heap_4.o
    0x0800a8c4   0x0800a8c4   0x00000020   Code   RO         5107    i.vPortSetupTimerInterrupt  port.o
    0x0800a8e4   0x0800a8e4   0x00000080   Code   RO         5108    i.vPortValidateInterruptPriority  port.o
    0x0800a964   0x0800a964   0x00000048   Code   RO         1380    i.vTaskAcquireAccel  tasks.o
    0x0800a9ac   0x0800a9ac   0x00000030   Code   RO         1381    i.vTaskAcquireTemp  tasks.o
    0x0800a9dc   0x0800a9dc   0x000000c4   Code   RO         1382    i.vTaskAnalyze      tasks.o
    0x0800aaa0   0x0800aaa0   0x00000060   Code   RO         5509    i.vTaskDelay        tasks_1.o
    0x0800ab00   0x0800ab00   0x000000e0   Code   RO         5510    i.vTaskDelayUntil   tasks_1.o
    0x0800abe0   0x0800abe0   0x0000005c   Code   RO         1383    i.vTaskDistress     tasks.o
    0x0800ac3c   0x0800ac3c   0x0000000c   Code   RO         5513    i.vTaskMissedYield  tasks_1.o
    0x0800ac48   0x0800ac48   0x0000003c   Code   RO         5515    i.vTaskPlaceOnEventList  tasks_1.o
    0x0800ac84   0x0800ac84   0x000000b0   Code   RO         5517    i.vTaskPriorityInherit  tasks_1.o
    0x0800ad34   0x0800ad34   0x00000070   Code   RO         1384    i.vTaskProcessAccel  tasks.o
    0x0800ada4   0x0800ada4   0x0000004c   Code   RO         1385    i.vTaskProcessBT    tasks.o
    0x0800adf0   0x0800adf0   0x00000070   Code   RO         1386    i.vTaskProcessHeartRate  tasks.o
    0x0800ae60   0x0800ae60   0x0000006c   Code   RO         1387    i.vTaskProcessTemp  tasks.o
    0x0800aecc   0x0800aecc   0x0000004c   Code   RO         1388    i.vTaskSendBT       tasks.o
    0x0800af18   0x0800af18   0x00000034   Code   RO         5520    i.vTaskSetTimeOutState  tasks_1.o
    0x0800af4c   0x0800af4c   0x00000030   Code   RO         1389    i.vTaskSoundAlert   tasks.o
    0x0800af7c   0x0800af7c   0x00000090   Code   RO         5521    i.vTaskStartScheduler  tasks_1.o
    0x0800b00c   0x0800b00c   0x000000e4   Code   RO         1390    i.vTaskStore        tasks.o
    0x0800b0f0   0x0800b0f0   0x00000010   Code   RO         5523    i.vTaskSuspendAll   tasks_1.o
    0x0800b100   0x0800b100   0x00000090   Code   RO         5524    i.vTaskSwitchContext  tasks_1.o
    0x0800b190   0x0800b190   0x000000e8   Code   RO         5109    i.xPortStartScheduler  port.o
    0x0800b278   0x0800b278   0x00000038   Code   RO         5110    i.xPortSysTickHandler  port.o
    0x0800b2b0   0x0800b2b0   0x00000026   Code   RO         5318    i.xQueueAddToSet    queue.o
    0x0800b2d6   0x0800b2d6   0x00000022   Code   RO         5319    i.xQueueCreateMutex  queue.o
    0x0800b2f8   0x0800b2f8   0x00000014   Code   RO         5320    i.xQueueCreateSet   queue.o
    0x0800b30c   0x0800b30c   0x0000005c   Code   RO         5321    i.xQueueGenericCreate  queue.o
    0x0800b368   0x0800b368   0x000001d0   Code   RO         5322    i.xQueueGenericReceive  queue.o
    0x0800b538   0x0800b538   0x0000009c   Code   RO         5323    i.xQueueGenericReset  queue.o
    0x0800b5d4   0x0800b5d4   0x000001d8   Code   RO         5324    i.xQueueGenericSend  queue.o
    0x0800b7ac   0x0800b7ac   0x00000118   Code   RO         5325    i.xQueueGenericSendFromISR  queue.o
    0x0800b8c4   0x0800b8c4   0x00000106   Code   RO         5326    i.xQueueGiveFromISR  queue.o
    0x0800b9ca   0x0800b9ca   0x0000001a   Code   RO         5332    i.xQueueSelectFromSet  queue.o
    0x0800b9e4   0x0800b9e4   0x00000094   Code   RO         5525    i.xTaskCheckForTimeOut  tasks_1.o
    0x0800ba78   0x0800ba78   0x00000060   Code   RO         5526    i.xTaskCreate       tasks_1.o
    0x0800bad8   0x0800bad8   0x00000020   Code   RO         5530    i.xTaskGetSchedulerState  tasks_1.o
    0x0800baf8   0x0800baf8   0x0000000c   Code   RO         5531    i.xTaskGetTickCount  tasks_1.o
    0x0800bb04   0x0800bb04   0x0000014c   Code   RO         5533    i.xTaskIncrementTick  tasks_1.o
    0x0800bc50   0x0800bc50   0x000000d0   Code   RO         5536    i.xTaskPriorityDisinherit  tasks_1.o
    0x0800bd20   0x0800bd20   0x0000009c   Code   RO         5537    i.xTaskRemoveFromEventList  tasks_1.o
    0x0800bdbc   0x0800bdbc   0x00000108   Code   RO         5539    i.xTaskResumeAll    tasks_1.o
    0x0800bec4   0x0800bec4   0x00000074   Data   RO          314    .constdata          heartrate.o
    0x0800bf38   0x0800bf38   0x00000014   Data   RO          609    .constdata          freertos.o
    0x0800bf4c   0x0800bf4c   0x00000004   PAD
    0x0800bf50   0x0800bf50   0x00004fa0   Data   RO         1304    .constdata          predict_fall.o
    0x08010ef0   0x08010ef0   0x00000008   Data   RO         4442    .constdata          stm32f7xx_hal_dma.o
    0x08010ef8   0x08010ef8   0x00000018   Data   RO         4999    .constdata          system_stm32f7xx_1.o
    0x08010f10   0x08010f10   0x00000058   Data   RO         6295    .constdata          m_wv.l(exp.o)
    0x08010f68   0x08010f68   0x00000098   Data   RO         6621    .constdata          m_wv.l(atan.o)
    0x08011000   0x08011000   0x00000008   Data   RO         6656    .constdata          m_wv.l(qnan.o)
    0x08011008   0x08011008   0x00000081   Data   RO         6710    .constdata          mc_w.l(ctype_o.o)
    0x08011089   0x08011089   0x00000003   PAD
    0x0801108c   0x0801108c   0x00000004   Data   RO         6711    .constdata          mc_w.l(ctype_o.o)
    0x08011090   0x08011090   0x0000000c   Data   RO          610    .conststring        freertos.o
    0x0801109c   0x0801109c   0x00000020   Data   RO         6744    Region$$Table       anon$$obj.o


    Execution Region RW_IRAM1 (Exec base: 0x20000000, Load base: 0x080110bc, Size: 0x0001f478, Max: 0x00080000, ABSOLUTE, COMPRESSED[0x00000028])

    Exec Addr    Load Addr    Size         Type   Attr      Idx    E Section Name        Object

    0x20000000   COMPRESSED   0x00000008   Data   RW           22    .data               main.o
    0x20000008   COMPRESSED   0x0000002c   Data   RW          315    .data               heartrate.o
    0x20000034   COMPRESSED   0x00000008   Data   RW          401    .data               temperature.o
    0x2000003c   COMPRESSED   0x0000001d   Data   RW          462    .data               bluetooth.o
    0x20000059   COMPRESSED   0x00000003   PAD
    0x2000005c   COMPRESSED   0x00000004   Data   RW          611    .data               freertos.o
    0x20000060   COMPRESSED   0x00000006   Data   RW         1046    .data               accelerometer.o
    0x20000066   COMPRESSED   0x00000006   Data   RW         1180    .data               fall_detection.o
    0x2000006c   COMPRESSED   0x00000001   Data   RW         1232    .data               gsm.o
    0x2000006d   COMPRESSED   0x00000003   PAD
    0x20000070   COMPRESSED   0x00000050   Data   RW         1392    .data               tasks.o
    0x200000c0   COMPRESSED   0x00000009   Data   RW         4821    .data               stm32f7xx_hal.o
    0x200000c9   COMPRESSED   0x00000003   PAD
    0x200000cc   COMPRESSED   0x00000004   Data   RW         5000    .data               system_stm32f7xx_1.o
    0x200000d0   COMPRESSED   0x00000018   Data   RW         5039    .data               heap_4.o
    0x200000e8   COMPRESSED   0x0000000c   Data   RW         5111    .data               port.o
    0x200000f4   COMPRESSED   0x0000003c   Data   RW         5542    .data               tasks_1.o
    0x20000130   COMPRESSED   0x00000004   Data   RW         6348    .data               mc_w.l(strtok.o)
    0x20000134   COMPRESSED   0x00000004   Data   RW         6683    .data               mc_w.l(errno.o)
    0x20000138        -       0x000004fc   Zero   RW          313    .bss                heartrate.o
    0x20000634        -       0x00000097   Zero   RW          461    .bss                bluetooth.o
    0x200006cb   COMPRESSED   0x00000001   PAD
    0x200006cc        -       0x00000048   Zero   RW          544    .bss                adc.o
    0x20000714        -       0x000000f8   Zero   RW          664    .bss                i2c.o
    0x2000080c        -       0x00000020   Zero   RW          711    .bss                rtc.o
    0x2000082c        -       0x00000100   Zero   RW          759    .bss                tim.o
    0x2000092c        -       0x000001b0   Zero   RW          833    .bss                usart.o
    0x20000adc   COMPRESSED   0x00000004   PAD
    0x20000ae0        -       0x00000018   Zero   RW         1045    .bss                accelerometer.o
    0x20000af8        -       0x0000001e   Zero   RW         1179    .bss                fall_detection.o
    0x20000b16        -       0x00000fad   Zero   RW         1391    .bss                tasks.o
    0x20001ac3        -       0x0001d4c0   Zero   RW         5038    .bss                heap_4.o
    0x2001ef83   COMPRESSED   0x00000001   PAD
    0x2001ef84        -       0x000000f0   Zero   RW         5541    .bss                tasks_1.o
    0x2001f074   COMPRESSED   0x00000004   PAD
    0x2001f078        -       0x00000400   Zero   RW            1    STACK               startup_stm32f767xx.o


==============================================================================

Image component sizes


      Code (inc. data)   RO Data    RW Data    ZI Data      Debug   Object Name

       684         58          0          6         24      19348   accelerometer.o
       224         38          0          0         72       1617   adc.o
       556        132          0         29        151       4385   bluetooth.o
        48         14          0          0          0       1329   buzzer.o
       112          0          0          0          0      12986   cmsis_os.o
        96          6          0          0          0        770   dma.o
         0          0          0          0          0       8040   event_groups.o
       344         60          0          6         30       3666   fall_detection.o
        50         10         32          4          0       1650   freertos.o
       272         22          0          0          0        995   gpio.o
       576        168          0          1          0       4425   gsm.o
       712         64          0         24     120000       8807   heap_4.o
       700        172        116         44       1276      19597   heartrate.o
       492        100          0          0        248       2287   i2c.o
       148          0          0          0          0       3534   list.o
       780        106          0          8          0     919606   main.o
       906         90          0         12          0      11769   port.o
      4904        250      20384          0          0      12115   predict_fall.o
      2480         16          0          0          0      19483   queue.o
       192         34          0          0         32       1499   rtc.o
        36          8        504          0       1024        828   startup_stm32f767xx.o
       134         26          0          9          0       3277   stm32f7xx_hal.o
      1560         62          0          0          0       6101   stm32f7xx_hal_adc.o
         2          0          0          0          0        989   stm32f7xx_hal_adc_ex.o
       338         22          0          0          0      36485   stm32f7xx_hal_cortex.o
      1276         16          8          0          0       6162   stm32f7xx_hal_dma.o
       576         56          0          0          0       3035   stm32f7xx_hal_gpio.o
      4390         96          0          0          0      27438   stm32f7xx_hal_i2c.o
       212          0          0          0          0       1939   stm32f7xx_hal_i2c_ex.o
       148          6          0          0          0        878   stm32f7xx_hal_msp.o
       144          8          0          0          0       1260   stm32f7xx_hal_pwr_ex.o
      1860         70          0          0          0       5476   stm32f7xx_hal_rcc.o
      1880         16          0          0          0       2224   stm32f7xx_hal_rcc_ex.o
      1012         18          0          0          0       6460   stm32f7xx_hal_rtc.o
      1474        104          0          0          0      12643   stm32f7xx_hal_tim.o
       808         36          0          0          0       5741   stm32f7xx_hal_tim_ex.o
      3124         68          0          0          0      16521   stm32f7xx_hal_uart.o
       198         54          0          0          0       8488   stm32f7xx_it.o
       100         18         24          4          0       1139   system_stm32f7xx_1.o
      1952        412          0         80       4013      10185   tasks.o
      3024        376          0         60        240      24377   tasks_1.o
       264         66          0          8          0       7275   temperature.o
       772        132          0          0        256       4650   tim.o
       616        126          0          0        432       2933   usart.o

    ----------------------------------------------------------------------
     40232       3136      21104        304     127808    1254412   Object Totals
         0          0         32          0          0          0   (incl. Generated)
        56          0          4          9         10          0   (incl. Padding)

    ----------------------------------------------------------------------

      Code (inc. data)   RO Data    RW Data    ZI Data      Debug   Library Member Name

      1092          6          0          0          0      20210   arm_fir_f32.o
        28          0          0          0          0       1103   arm_fir_init_f32.o
       206          0          0          0          0       1754   arm_min_f32.o
       212          4          0          0          0       1116   arm_power_f32.o
       528        110        152          0          0        348   atan.o
       448         68          0          0          0        180   atan2.o
        60         28          0          0          0        464   dunder.o
       616        130         88          0          0        260   exp.o
        24          0          0          0          0        124   fabs.o
        48          0          0          0          0        124   fpclassify.o
       140         20          0          0          0        144   frexp.o
       192         12          0          0          0        180   ldexp.o
       112          0          0          0          0        116   poly.o
         0          0          8          0          0          0   qnan.o
        58          0          0          0          0          0   __dczerorl.o
        28          0          0          0          0         68   _chval.o
       158          0          0          0          0         92   _strtoul.o
        26          0          0          0          0         80   atoi.o
         8          4        133          0          0         68   ctype_o.o
         0          0          0          0          0          0   entry.o
         0          0          0          0          0          0   entry10a.o
         0          0          0          0          0          0   entry11a.o
         8          4          0          0          0          0   entry2.o
         4          0          0          0          0          0   entry5.o
         0          0          0          0          0          0   entry7b.o
         0          0          0          0          0          0   entry8b.o
         8          4          0          0          0          0   entry9a.o
        20         10          0          4          0        136   errno.o
        30          0          0          0          0          0   handlers.o
        36          8          0          0          0         68   init.o
         0          0          0          0          0          0   iusefp.o
        30          0          0          0          0         68   llshl.o
        36          0          0          0          0         68   llsshr.o
        32          0          0          0          0         68   llushr.o
        36          0          0          0          0         68   memcpya.o
        36          0          0          0          0        108   memseta.o
      2276         86          0          0          0        520   printfa.o
        24          0          0          0          0         68   strcat.o
        28          0          0          0          0         76   strcmp.o
        18          0          0          0          0         68   strcpy.o
        14          0          0          0          0         68   strlen.o
        30          0          0          0          0         80   strncmp.o
        68          6          0          4          0         80   strtok.o
       112          0          0          0          0         88   strtol.o
        44          0          0          0          0         80   uidiv.o
        98          0          0          0          0         92   uldiv.o
        48          0          0          0          0         68   cdrcmple.o
       334          0          0          0          0        148   dadd.o
       222          0          0          0          0        100   ddiv.o
       186          0          0          0          0        176   depilogue.o
        48          0          0          0          0         68   dfixul.o
       228          0          0          0          0         96   dmul.o
        46          0          0          0          0         80   dscalb.o

    ----------------------------------------------------------------------
      8100        504        384          8          0      28971   Library Totals
        16          4          3          0          0          0   (incl. Padding)

    ----------------------------------------------------------------------

      Code (inc. data)   RO Data    RW Data    ZI Data      Debug   Library Name

      1538         10          0          0          0      24183   arm_cortexM7lfdp_math.lib
      2168        368        248          0          0       1940   m_wv.l
      3266        122        133          8          0       2112   mc_w.l
      1112          0          0          0          0        736   mf_w.l

    ----------------------------------------------------------------------
      8100        504        384          8          0      28971   Library Totals

    ----------------------------------------------------------------------

==============================================================================


      Code (inc. data)   RO Data    RW Data    ZI Data      Debug   

     48332       3640      21488        312     127808    1249959   Grand Totals
     48332       3640      21488         40     127808    1249959   ELF Image Totals (compressed)
     48332       3640      21488         40          0          0   ROM Totals

==============================================================================

    Total RO  Size (Code + RO Data)                69820 (  68.18kB)
    Total RW  Size (RW Data + ZI Data)            128120 ( 125.12kB)
    Total ROM Size (Code + RO Data + RW Data)      69860 (  68.22kB)

==============================================================================

