Component: ARM Compiler 5.06 update 6 (build 750) Tool: armlink [4d35ed]

==============================================================================

Section Cross References

    startup_stm32f767xx.o(RESET) refers to startup_stm32f767xx.o(STACK) for __initial_sp
    startup_stm32f767xx.o(RESET) refers to startup_stm32f767xx.o(.text) for Reset_Handler
    startup_stm32f767xx.o(RESET) refers to stm32f7xx_it.o(i.NMI_Handler) for NMI_Handler
    startup_stm32f767xx.o(RESET) refers to stm32f7xx_it.o(i.HardFault_Handler) for HardFault_Handler
    startup_stm32f767xx.o(RESET) refers to stm32f7xx_it.o(i.MemManage_Handler) for MemManage_Handler
    startup_stm32f767xx.o(RESET) refers to stm32f7xx_it.o(i.BusFault_Handler) for BusFault_Handler
    startup_stm32f767xx.o(RESET) refers to stm32f7xx_it.o(i.UsageFault_Handler) for UsageFault_Handler
    startup_stm32f767xx.o(RESET) refers to port.o(.emb_text) for SVC_Handler
    startup_stm32f767xx.o(RESET) refers to stm32f7xx_it.o(i.DebugMon_Handler) for DebugMon_Handler
    startup_stm32f767xx.o(RESET) refers to stm32f7xx_it.o(i.SysTick_Handler) for SysTick_Handler
    startup_stm32f767xx.o(RESET) refers to stm32f7xx_it.o(i.EXTI0_IRQHandler) for EXTI0_IRQHandler
    startup_stm32f767xx.o(RESET) refers to stm32f7xx_it.o(i.DMA1_Stream2_IRQHandler) for DMA1_Stream2_IRQHandler
    startup_stm32f767xx.o(RESET) refers to stm32f7xx_it.o(i.ADC_IRQHandler) for ADC_IRQHandler
    startup_stm32f767xx.o(RESET) refers to stm32f7xx_it.o(i.TIM2_IRQHandler) for TIM2_IRQHandler
    startup_stm32f767xx.o(RESET) refers to stm32f7xx_it.o(i.I2C2_EV_IRQHandler) for I2C2_EV_IRQHandler
    startup_stm32f767xx.o(RESET) refers to stm32f7xx_it.o(i.EXTI15_10_IRQHandler) for EXTI15_10_IRQHandler
    startup_stm32f767xx.o(RESET) refers to stm32f7xx_it.o(i.TIM5_IRQHandler) for TIM5_IRQHandler
    startup_stm32f767xx.o(RESET) refers to stm32f7xx_it.o(i.UART5_IRQHandler) for UART5_IRQHandler
    startup_stm32f767xx.o(RESET) refers to stm32f7xx_it.o(i.TIM6_DAC_IRQHandler) for TIM6_DAC_IRQHandler
    startup_stm32f767xx.o(RESET) refers to stm32f7xx_it.o(i.DMA2_Stream6_IRQHandler) for DMA2_Stream6_IRQHandler
    startup_stm32f767xx.o(RESET) refers to stm32f7xx_it.o(i.USART6_IRQHandler) for USART6_IRQHandler
    startup_stm32f767xx.o(.text) refers to system_stm32f7xx_1.o(i.SystemInit) for SystemInit
    startup_stm32f767xx.o(.text) refers to entry.o(.ARM.Collect$$$$00000000) for __main
    main.o(i.HAL_ADC_ConvCpltCallback) refers to queue.o(i.xQueueGenericSendFromISR) for xQueueGenericSendFromISR
    main.o(i.HAL_ADC_ConvCpltCallback) refers to main.o(.data) for ecgarrindex
    main.o(i.HAL_ADC_ConvCpltCallback) refers to tasks.o(.data) for xQueueHRRaw
    main.o(i.HAL_GPIO_EXTI_Callback) refers to queue.o(i.xQueueGiveFromISR) for xQueueGiveFromISR
    main.o(i.HAL_GPIO_EXTI_Callback) refers to tasks.o(.data) for xSemaphoreDistress
    main.o(i.HAL_I2C_MasterRxCpltCallback) refers to queue.o(i.xQueueGiveFromISR) for xQueueGiveFromISR
    main.o(i.HAL_I2C_MasterRxCpltCallback) refers to main.o(.data) for xHigherPriorityTaskWoken
    main.o(i.HAL_I2C_MasterRxCpltCallback) refers to tasks.o(.data) for xSemaphoreDMAFinish
    main.o(i.HAL_I2C_MemRxCpltCallback) refers to queue.o(i.xQueueGiveFromISR) for xQueueGiveFromISR
    main.o(i.HAL_I2C_MemRxCpltCallback) refers to main.o(.data) for xHigherPriorityTaskWoken
    main.o(i.HAL_I2C_MemRxCpltCallback) refers to tasks.o(.data) for xSemaphoreDMAFinish
    main.o(i.HAL_TIM_PeriodElapsedCallback) refers to queue.o(i.xQueueGiveFromISR) for xQueueGiveFromISR
    main.o(i.HAL_TIM_PeriodElapsedCallback) refers to tasks.o(.data) for xSemaphoreReadTemp
    main.o(i.HAL_UART_RxCpltCallback) refers to bluetooth.o(i.Rx_Bt_Handler) for Rx_Bt_Handler
    main.o(i.SystemClock_Config) refers to stm32f7xx_hal_rcc.o(i.HAL_RCC_OscConfig) for HAL_RCC_OscConfig
    main.o(i.SystemClock_Config) refers to main.o(i._Error_Handler) for _Error_Handler
    main.o(i.SystemClock_Config) refers to stm32f7xx_hal_pwr_ex.o(i.HAL_PWREx_EnableOverDrive) for HAL_PWREx_EnableOverDrive
    main.o(i.SystemClock_Config) refers to stm32f7xx_hal_rcc.o(i.HAL_RCC_ClockConfig) for HAL_RCC_ClockConfig
    main.o(i.SystemClock_Config) refers to stm32f7xx_hal_rcc_ex.o(i.HAL_RCCEx_PeriphCLKConfig) for HAL_RCCEx_PeriphCLKConfig
    main.o(i.SystemClock_Config) refers to stm32f7xx_hal_rcc.o(i.HAL_RCC_GetHCLKFreq) for HAL_RCC_GetHCLKFreq
    main.o(i.SystemClock_Config) refers to stm32f7xx_hal_cortex.o(i.HAL_SYSTICK_Config) for HAL_SYSTICK_Config
    main.o(i.SystemClock_Config) refers to stm32f7xx_hal_cortex.o(i.HAL_SYSTICK_CLKSourceConfig) for HAL_SYSTICK_CLKSourceConfig
    main.o(i.SystemClock_Config) refers to stm32f7xx_hal_cortex.o(i.HAL_NVIC_SetPriority) for HAL_NVIC_SetPriority
    main.o(i.main) refers to tasks.o(i.init_semaphores) for init_semaphores
    main.o(i.main) refers to tasks.o(i.init_mutexes) for init_mutexes
    main.o(i.main) refers to tasks.o(i.init_queues) for init_queues
[...]
    i.vTaskSuspendAll                        0x080064f0   Section        0  tasks_1.o(i.vTaskSuspendAll)
    i.vTaskSwitchContext                     0x08006500   Section        0  tasks_1.o(i.vTaskSwitchContext)
    i.xPortStartScheduler                    0x08006590   Section        0  port.o(i.xPortStartScheduler)
    i.xPortSysTickHandler                    0x08006678   Section        0  port.o(i.xPortSysTickHandler)
    i.xQueueAddToSet                         0x080066b0   Section        0  queue.o(i.xQueueAddToSet)
    i.xQueueCreateMutex                      0x080066d6   Section        0  queue.o(i.xQueueCreateMutex)
    i.xQueueCreateSet                        0x080066f8   Section        0  queue.o(i.xQueueCreateSet)
    i.xQueueGenericCreate                    0x0800670c   Section        0  queue.o(i.xQueueGenericCreate)
    i.xQueueGenericReceive                   0x08006768   Section        0  queue.o(i.xQueueGenericReceive)
    i.xQueueGenericReset                     0x08006938   Section        0  queue.o(i.xQueueGenericReset)
    i.xQueueGenericSend                      0x080069d4   Section        0  queue.o(i.xQueueGenericSend)
    i.xQueueGenericSendFromISR               0x08006bac   Section        0  queue.o(i.xQueueGenericSendFromISR)
    i.xQueueGiveFromISR                      0x08006cc4   Section        0  queue.o(i.xQueueGiveFromISR)
    i.xTaskCheckForTimeOut                   0x08006dcc   Section        0  tasks_1.o(i.xTaskCheckForTimeOut)
    i.xTaskCreate                            0x08006e60   Section        0  tasks_1.o(i.xTaskCreate)
    i.xTaskGetSchedulerState                 0x08006ec0   Section        0  tasks_1.o(i.xTaskGetSchedulerState)
    i.xTaskIncrementTick                     0x08006ee0   Section        0  tasks_1.o(i.xTaskIncrementTick)
    i.xTaskPriorityDisinherit                0x0800702c   Section        0  tasks_1.o(i.xTaskPriorityDisinherit)
    i.xTaskRemoveFromEventList               0x080070fc   Section        0  tasks_1.o(i.xTaskRemoveFromEventList)
    i.xTaskResumeAll                         0x08007198   Section        0  tasks_1.o(i.xTaskResumeAll)
    .constdata                               0x080072a0   Section      116  heartrate.o(.constdata)
    firCoeffs                                0x080072a0   Data         116  heartrate.o(.constdata)
    .constdata                               0x08007314   Section       20  freertos.o(.constdata)
    .constdata                               0x08007328   Section        8  stm32f7xx_hal_dma.o(.constdata)
    flagBitshiftOffset                       0x08007328   Data           8  stm32f7xx_hal_dma.o(.constdata)
    .constdata                               0x08007330   Section       24  system_stm32f7xx_1.o(.constdata)
    .constdata                               0x08007348   Section      129  ctype_o.o(.constdata)
    .constdata                               0x080073cc   Section        4  ctype_o.o(.constdata)
    table                                    0x080073cc   Data           4  ctype_o.o(.constdata)
    .conststring                             0x080073d0   Section       12  freertos.o(.conststring)
    .data                                    0x20000000   Section      524  main.o(.data)
    xHigherPriorityTaskWoken                 0x20000204   Data           4  main.o(.data)
    xHigherPriorityTaskWoken                 0x20000208   Data           4  main.o(.data)
    .data                                    0x2000020c   Section       44  heartrate.o(.data)
    lastBPM                                  0x2000020c   Data           4  heartrate.o(.data)
    tachyCount                               0x20000210   Data           1  heartrate.o(.data)
    bradyCount                               0x20000211   Data           1  heartrate.o(.data)
    peakSearcher                             0x20000214   Data           4  heartrate.o(.data)
    peakCounter                              0x20000218   Data           4  heartrate.o(.data)
    hrPeak                                   0x2000021c   Data           8  heartrate.o(.data)
    ecgDataCount                             0x20000224   Data           4  heartrate.o(.data)
    inputF32                                 0x20000228   Data           4  heartrate.o(.data)
    outputF32                                0x2000022c   Data           4  heartrate.o(.data)
    blockSize                                0x20000230   Data           4  heartrate.o(.data)
    numBlocks                                0x20000234   Data           4  heartrate.o(.data)
    .data                                    0x20000238   Section       29  bluetooth.o(.data)
    ch                                       0x20000238   Data           1  bluetooth.o(.data)
    cmd_table                                0x2000023c   Data          24  bluetooth.o(.data)
    delimiter                                0x20000254   Data           1  bluetooth.o(.data)
    .data                                    0x20000258   Section        4  freertos.o(.data)
    .data                                    0x2000025c   Section       80  tasks.o(.data)
    .data                                    0x200002ac   Section        9  stm32f7xx_hal.o(.data)
    .data                                    0x200002b8   Section        4  system_stm32f7xx_1.o(.data)
    .data                                    0x200002bc   Section       24  heap_4.o(.data)
    xStart                                   0x200002bc   Data           8  heap_4.o(.data)
    pxEnd                                    0x200002c4   Data           4  heap_4.o(.data)
    xFreeBytesRemaining                      0x200002c8   Data           4  heap_4.o(.data)
    xMinimumEverFreeBytesRemaining           0x200002cc   Data           4  heap_4.o(.data)
    xBlockAllocatedBit                       0x200002d0   Data           4  heap_4.o(.data)
    .data                                    0x200002d4   Section       12  port.o(.data)
    uxCriticalNesting                        0x200002d4   Data           4  port.o(.data)
    ucMaxSysCallPriority                     0x200002d8   Data           1  port.o(.data)
    ulMaxPRIGROUPValue                       0x200002dc   Data           4  port.o(.data)
    .data                                    0x200002e0   Section       60  tasks_1.o(.data)
    pxDelayedTaskList                        0x200002e4   Data           4  tasks_1.o(.data)
    pxOverflowDelayedTaskList                0x200002e8   Data           4  tasks_1.o(.data)
    uxDeletedTasksWaitingCleanUp             0x200002ec   Data           4  tasks_1.o(.data)
    uxCurrentNumberOfTasks                   0x200002f0   Data           4  tasks_1.o(.data)
    xTickCount                               0x200002f4   Data           4  tasks_1.o(.data)
    uxTopReadyPriority                       0x200002f8   Data           4  tasks_1.o(.data)
    xSchedulerRunning                        0x200002fc   Data           4  tasks_1.o(.data)
    uxPendedTicks                            0x20000300   Data           4  tasks_1.o(.data)
    xYieldPending                            0x20000304   Data           4  tasks_1.o(.data)
    xNumOfOverflows                          0x20000308   Data           4  tasks_1.o(.data)
    uxTaskNumber                             0x2000030c   Data           4  tasks_1.o(.data)
    xNextTaskUnblockTime                     0x20000310   Data           4  tasks_1.o(.data)
    xIdleTaskHandle                          0x20000314   Data           4  tasks_1.o(.data)
    uxSchedulerSuspended                     0x20000318   Data           4  tasks_1.o(.data)
    .data                                    0x2000031c   Section        4  errno.o(.data)
    _errno                                   0x2000031c   Data           4  errno.o(.data)
    .bss                                     0x20000320   Section     1276  heartrate.o(.bss)
    ecgInput                                 0x20000320   Data         512  heartrate.o(.bss)
    ecgOutput                                0x20000520   Data         512  heartrate.o(.bss)
    firStateF32                              0x20000720   Data         240  heartrate.o(.bss)
    S                                        0x20000810   Data          12  heartrate.o(.bss)
    .bss                                     0x2000081c   Section      151  bluetooth.o(.bss)
    str_arr                                  0x2000081c   Data         151  bluetooth.o(.bss)
    .bss                                     0x200008b4   Section       72  adc.o(.bss)
    .bss                                     0x200008fc   Section      248  i2c.o(.bss)
    .bss                                     0x200009f4   Section       32  rtc.o(.bss)
    .bss                                     0x20000a14   Section      256  tim.o(.bss)
    .bss                                     0x20000b14   Section      432  usart.o(.bss)
    .bss                                     0x20000cc4   Section    120000  heap_4.o(.bss)
    ucHeap                                   0x20000cc4   Data       120000  heap_4.o(.bss)
    .bss                                     0x2001e184   Section      240  tasks_1.o(.bss)
    pxReadyTasksLists                        0x2001e184   Data         140  tasks_1.o(.bss)
    xDelayedTaskList1                        0x2001e210   Data          20  tasks_1.o(.bss)
    xDelayedTaskList2                        0x2001e224   Data          20  tasks_1.o(.bss)
    xPendingReadyList                        0x2001e238   Data          20  tasks_1.o(.bss)
    xTasksWaitingTermination                 0x2001e24c   Data          20  tasks_1.o(.bss)
    xSuspendedTaskList                       0x2001e260   Data          20  tasks_1.o(.bss)
    STACK                                    0x2001e278   Section     1024  startup_stm32f767xx.o(STACK)

    Global Symbols

    Symbol Name                              Value     Ov Type        Size  Object(Section)

    BuildAttributes$$THM_ISAv4$E$P$D$K$B$S$7EM$VFPv5_D16$PE$PLD8$A:L22UL41UL21$X:L11$S22US41US21$IEEE1$IW$USESV6$~STKCKD$USESV7$~SHL$OTIME$ROPI$IEEEX$EBA8$MICROLIB$REQ8$PRES8$EABIv2 0x00000000   Number         0  anon$$obj.o ABSOLUTE
    __ARM_use_no_argv                        0x00000000   Number         0  main.o ABSOLUTE
    _printf_a                                0x00000000   Number         0  stubs.o ABSOLUTE
    _printf_c                                0x00000000   Number         0  stubs.o ABSOLUTE
    _printf_charcount                        0x00000000   Number         0  stubs.o ABSOLUTE
    _printf_d                                0x00000000   Number         0  stubs.o ABSOLUTE
    _printf_e                                0x00000000   Number         0  stubs.o ABSOLUTE
    _printf_f                                0x00000000   Number         0  stubs.o ABSOLUTE
    _printf_flags                            0x00000000   Number         0  stubs.o ABSOLUTE
    _printf_fp_dec                           0x00000000   Number         0  stubs.o ABSOLUTE
    _printf_fp_hex                           0x00000000   Number         0  stubs.o ABSOLUTE
    _printf_g                                0x00000000   Number         0  stubs.o ABSOLUTE
    _printf_i                                0x00000000   Number         0  stubs.o ABSOLUTE
    _printf_int_dec                          0x00000000   Number         0  stubs.o ABSOLUTE
    _printf_l                                0x00000000   Number         0  stubs.o ABSOLUTE
    _printf_lc                               0x00000000   Number         0  stubs.o ABSOLUTE
    _printf_ll                               0x00000000   Number         0  stubs.o ABSOLUTE
    _printf_lld                              0x00000000   Number         0  stubs.o ABSOLUTE
    _printf_lli                              0x00000000   Number         0  stubs.o ABSOLUTE
    _printf_llo                              0x00000000   Number         0  stubs.o ABSOLUTE
    _printf_llu                              0x00000000   Number         0  stubs.o ABSOLUTE
    _printf_llx                              0x00000000   Number         0  stubs.o ABSOLUTE
    _printf_longlong_dec                     0x00000000   Number         0  stubs.o ABSOLUTE
    _printf_longlong_hex                     0x00000000   Number         0  stubs.o ABSOLUTE
    _printf_longlong_oct                     0x00000000   Number         0  stubs.o ABSOLUTE
    _printf_ls                               0x00000000   Number         0  stubs.o ABSOLUTE
    _printf_mbtowc                           0x00000000   Number         0  stubs.o ABSOLUTE
    _printf_n                                0x00000000   Number         0  stubs.o ABSOLUTE
    _printf_o                                0x00000000   Number         0  stubs.o ABSOLUTE
    _printf_p                                0x00000000   Number         0  stubs.o ABSOLUTE
    _printf_percent                          0x00000000   Number         0  stubs.o ABSOLUTE
    _printf_pre_padding                      0x00000000   Number         0  stubs.o ABSOLUTE
    _printf_return_value                     0x00000000   Number         0  stubs.o ABSOLUTE
    _printf_s                                0x00000000   Number         0  stubs.o ABSOLUTE
    _printf_sizespec                         0x00000000   Number         0  stubs.o ABSOLUTE
    _printf_str                              0x00000000   Number         0  stubs.o ABSOLUTE
    _printf_truncate_signed                  0x00000000   Number         0  stubs.o ABSOLUTE
    _printf_truncate_unsigned                0x00000000   Number         0  stubs.o ABSOLUTE
    _printf_u                                0x00000000   Number         0  stubs.o ABSOLUTE
    _printf_wc                               0x00000000   Number         0  stubs.o ABSOLUTE
    _printf_wctomb                           0x00000000   Number         0  stubs.o ABSOLUTE
    _printf_widthprec                        0x00000000   Number         0  stubs.o ABSOLUTE
    _printf_x                                0x00000000   Number         0  stubs.o ABSOLUTE
    __cpp_initialize__aeabi_                  - Undefined Weak Reference
    __cxa_finalize                            - Undefined Weak Reference
    _clock_init                               - Undefined Weak Reference
    _microlib_exit                            - Undefined Weak Reference
    __Vectors_Size                           0x000001f8   Number         0  startup_stm32f767xx.o ABSOLUTE
    __Vectors                                0x08000000   Data           4  startup_stm32f767xx.o(RESET)
    __Vectors_End                            0x080001f8   Data           0  startup_stm32f767xx.o(RESET)
    __main                                   0x080001f9   Thumb Code     0  entry.o(.ARM.Collect$$$$00000000)
    _main_stk                                0x080001f9   Thumb Code     0  entry2.o(.ARM.Collect$$$$00000001)
    _main_scatterload                        0x080001fd   Thumb Code     0  entry5.o(.ARM.Collect$$$$00000004)
    __main_after_scatterload                 0x08000201   Thumb Code     0  entry5.o(.ARM.Collect$$$$00000004)
    _main_clock                              0x08000201   Thumb Code     0  entry7b.o(.ARM.Collect$$$$00000008)
    _main_cpp_init                           0x08000201   Thumb Code     0  entry8b.o(.ARM.Collect$$$$0000000A)
    _main_init                               0x08000201   Thumb Code     0  entry9a.o(.ARM.Collect$$$$0000000B)
    __rt_final_cpp                           0x08000209   Thumb Code     0  entry10a.o(.ARM.Collect$$$$0000000D)
    __rt_final_exit                          0x08000209   Thumb Code     0  entry11a.o(.ARM.Collect$$$$0000000F)
    SVC_Handler                              0x0800020d   Thumb Code    28  port.o(.emb_text)
    __asm___6_port_c_39a90d8d__prvStartFirstTask 0x0800022d   Thumb Code    28  port.o(.emb_text)
    __asm___6_port_c_39a90d8d__prvEnableVFP  0x0800024d   Thumb Code    16  port.o(.emb_text)
    PendSV_Handler                           0x08000261   Thumb Code    92  port.o(.emb_text)
    vPortGetIPSR                             0x080002c1   Thumb Code     6  port.o(.emb_text)
    Reset_Handler                            0x080002c9   Thumb Code     8  startup_stm32f767xx.o(.text)
    CAN1_RX0_IRQHandler                      0x080002e3   Thumb Code     0  startup_stm32f767xx.o(.text)
    CAN1_RX1_IRQHandler                      0x080002e3   Thumb Code     0  startup_stm32f767xx.o(.text)
    CAN1_SCE_IRQHandler                      0x080002e3   Thumb Code     0  startup_stm32f767xx.o(.text)
    CAN1_TX_IRQHandler                       0x080002e3   Thumb Code     0  startup_stm32f767xx.o(.text)
    CAN2_RX0_IRQHandler                      0x080002e3   Thumb Code     0  startup_stm32f767xx.o(.text)
    CAN2_RX1_IRQHandler                      0x080002e3   Thumb Code     0  startup_stm32f767xx.o(.text)
    CAN2_SCE_IRQHandler                      0x080002e3   Thumb Code     0  startup_stm32f767xx.o(.text)
    CAN2_TX_IRQHandler                       0x080002e3   Thumb Code     0  startup_stm32f767xx.o(.text)
    CAN3_RX0_IRQHandler                      0x080002e3   Thumb Code     0  startup_stm32f767xx.o(.text)
    CAN3_RX1_IRQHandler                      0x080002e3   Thumb Code     0  startup_stm32f767xx.o(.text)
    CAN3_SCE_IRQHandler                      0x080002e3   Thumb Code     0  startup_stm32f767xx.o(.text)
    CAN3_TX_IRQHandler                       0x080002e3   Thumb Code     0  startup_stm32f767xx.o(.text)
    CEC_IRQHandler                           0x080002e3   Thumb Code     0  startup_stm32f767xx.o(.text)
    DCMI_IRQHandler                          0x080002e3   Thumb Code     0  startup_stm32f767xx.o(.text)
    DFSDM1_FLT0_IRQHandler                   0x080002e3   Thumb Code     0  startup_stm32f767xx.o(.text)
    DFSDM1_FLT1_IRQHandler                   0x080002e3   Thumb Code     0  startup_stm32f767xx.o(.text)
    DFSDM1_FLT2_IRQHandler                   0x080002e3   Thumb Code     0  startup_stm32f767xx.o(.text)
    DFSDM1_FLT3_IRQHandler                   0x080002e3   Thumb Code     0  startup_stm32f767xx.o(.text)
    DMA1_Stream0_IRQHandler                  0x080002e3   Thumb Code     0  startup_stm32f767xx.o(.text)
    DMA1_Stream1_IRQHandler                  0x080002e3   Thumb Code     0  startup_stm32f767xx.o(.text)
    DMA1_Stream3_IRQHandler                  0x080002e3   Thumb Code     0  startup_stm32f767xx.o(.text)
    DMA1_Stream4_IRQHandler                  0x080002e3   Thumb Code     0  startup_stm32f767xx.o(.text)
    DMA1_Stream5_IRQHandler                  0x080002e3   Thumb Code     0  startup_stm32f767xx.o(.text)
    DMA1_Stream6_IRQHandler                  0x080002e3   Thumb Code     0  startup_stm32f767xx.o(.text)
    DMA1_Stream7_IRQHandler                  0x080002e3   Thumb Code     0  startup_stm32f767xx.o(.text)
    DMA2D_IRQHandler                         0x080002e3   Thumb Code     0  startup_stm32f767xx.o(.text)
    DMA2_Stream0_IRQHandler                  0x080002e3   Thumb Code     0  startup_stm32f767xx.o(.text)
    DMA2_Stream1_IRQHandler                  0x080002e3   Thumb Code     0  startup_stm32f767xx.o(.text)
    DMA2_Stream2_IRQHandler                  0x080002e3   Thumb Code     0  startup_stm32f767xx.o(.text)
    DMA2_Stream3_IRQHandler                  0x080002e3   Thumb Code     0  startup_stm32f767xx.o(.text)
    DMA2_Stream4_IRQHandler                  0x080002e3   Thumb Code     0  startup_stm32f767xx.o(.text)
    DMA2_Stream5_IRQHandler                  0x080002e3   Thumb Code     0  startup_stm32f767xx.o(.text)
    DMA2_Stream7_IRQHandler                  0x080002e3   Thumb Code     0  startup_stm32f767xx.o(.text)
    ETH_IRQHandler                           0x080002e3   Thumb Code     0  startup_stm32f767xx.o(.text)
    ETH_WKUP_IRQHandler                      0x080002e3   Thumb Code     0  startup_stm32f767xx.o(.text)
    EXTI1_IRQHandler                         0x080002e3   Thumb Code     0  startup_stm32f767xx.o(.text)
    EXTI2_IRQHandler                         0x080002e3   Thumb Code     0  startup_stm32f767xx.o(.text)
    EXTI3_IRQHandler                         0x080002e3   Thumb Code     0  startup_stm32f767xx.o(.text)
    EXTI4_IRQHandler                         0x080002e3   Thumb Code     0  startup_stm32f767xx.o(.text)
    EXTI9_5_IRQHandler                       0x080002e3   Thumb Code     0  startup_stm32f767xx.o(.text)
    FLASH_IRQHandler                         0x080002e3   Thumb Code     0  startup_stm32f767xx.o(.text)
    FMC_IRQHandler                           0x080002e3   Thumb Code     0  startup_stm32f767xx.o(.text)
    FPU_IRQHandler                           0x080002e3   Thumb Code     0  startup_stm32f767xx.o(.text)
    I2C1_ER_IRQHandler                       0x080002e3   Thumb Code     0  startup_stm32f767xx.o(.text)
    I2C1_EV_IRQHandler                       0x080002e3   Thumb Code     0  startup_stm32f767xx.o(.text)
    I2C2_ER_IRQHandler                       0x080002e3   Thumb Code     0  startup_stm32f767xx.o(.text)
    I2C3_ER_IRQHandler                       0x080002e3   Thumb Code     0  startup_stm32f767xx.o(.text)
    I2C3_EV_IRQHandler                       0x080002e3   Thumb Code     0  startup_stm32f767xx.o(.text)
    I2C4_ER_IRQHandler                       0x080002e3   Thumb Code     0  startup_stm32f767xx.o(.text)
    I2C4_EV_IRQHandler                       0x080002e3   Thumb Code     0  startup_stm32f767xx.o(.text)
    JPEG_IRQHandler                          0x080002e3   Thumb Code     0  startup_stm32f767xx.o(.text)
    LPTIM1_IRQHandler                        0x080002e3   Thumb Code     0  startup_stm32f767xx.o(.text)
    LTDC_ER_IRQHandler                       0x080002e3   Thumb Code     0  startup_stm32f767xx.o(.text)
    LTDC_IRQHandler                          0x080002e3   Thumb Code     0  startup_stm32f767xx.o(.text)
    MDIOS_IRQHandler                         0x080002e3   Thumb Code     0  startup_stm32f767xx.o(.text)
    OTG_FS_IRQHandler                        0x080002e3   Thumb Code     0  startup_stm32f767xx.o(.text)
    OTG_FS_WKUP_IRQHandler                   0x080002e3   Thumb Code     0  startup_stm32f767xx.o(.text)
    OTG_HS_EP1_IN_IRQHandler                 0x080002e3   Thumb Code     0  startup_stm32f767xx.o(.text)
    OTG_HS_EP1_OUT_IRQHandler                0x080002e3   Thumb Code     0  startup_stm32f767xx.o(.text)
    OTG_HS_IRQHandler                        0x080002e3   Thumb Code     0  startup_stm32f767xx.o(.text)
    OTG_HS_WKUP_IRQHandler                   0x080002e3   Thumb Code     0  startup_stm32f767xx.o(.text)
    PVD_IRQHandler                           0x080002e3   Thumb Code     0  startup_stm32f767xx.o(.text)
    QUADSPI_IRQHandler                       0x080002e3   Thumb Code     0  startup_stm32f767xx.o(.text)
    RCC_IRQHandler                           0x080002e3   Thumb Code     0  startup_stm32f767xx.o(.text)
    RNG_IRQHandler                           0x080002e3   Thumb Code     0  startup_stm32f767xx.o(.text)
    RTC_Alarm_IRQHandler                     0x080002e3   Thumb Code     0  startup_stm32f767xx.o(.text)
    RTC_WKUP_IRQHandler                      0x080002e3   Thumb Code     0  startup_stm32f767xx.o(.text)
    SAI1_IRQHandler                          0x080002e3   Thumb Code     0  startup_stm32f767xx.o(.text)
    SAI2_IRQHandler                          0x080002e3   Thumb Code     0  startup_stm32f767xx.o(.text)
    SDMMC1_IRQHandler                        0x080002e3   Thumb Code     0  startup_stm32f767xx.o(.text)
    SDMMC2_IRQHandler                        0x080002e3   Thumb Code     0  startup_stm32f767xx.o(.text)
    SPDIF_RX_IRQHandler                      0x080002e3   Thumb Code     0  startup_stm32f767xx.o(.text)
    SPI1_IRQHandler                          0x080002e3   Thumb Code     0  startup_stm32f767xx.o(.text)
    SPI2_IRQHandler                          0x080002e3   Thumb Code     0  startup_stm32f767xx.o(.text)
    SPI3_IRQHandler                          0x080002e3   Thumb Code     0  startup_stm32f767xx.o(.text)
    SPI4_IRQHandler                          0x080002e3   Thumb Code     0  startup_stm32f767xx.o(.text)
    SPI5_IRQHandler                          0x080002e3   Thumb Code     0  startup_stm32f767xx.o(.text)
    SPI6_IRQHandler                          0x080002e3   Thumb Code     0  startup_stm32f767xx.o(.text)
    TAMP_STAMP_IRQHandler                    0x080002e3   Thumb Code     0  startup_stm32f767xx.o(.text)
    TIM1_BRK_TIM9_IRQHandler                 0x080002e3   Thumb Code     0  startup_stm32f767xx.o(.text)
    TIM1_CC_IRQHandler                       0x080002e3   Thumb Code     0  startup_stm32f767xx.o(.text)
    TIM1_TRG_COM_TIM11_IRQHandler            0x080002e3   Thumb Code     0  startup_stm32f767xx.o(.text)
    TIM1_UP_TIM10_IRQHandler                 0x080002e3   Thumb Code     0  startup_stm32f767xx.o(.text)
    TIM3_IRQHandler                          0x080002e3   Thumb Code     0  startup_stm32f767xx.o(.text)
    TIM4_IRQHandler                          0x080002e3   Thumb Code     0  startup_stm32f767xx.o(.text)
    TIM7_IRQHandler                          0x080002e3   Thumb Code     0  startup_stm32f767xx.o(.text)
    TIM8_BRK_TIM12_IRQHandler                0x080002e3   Thumb Code     0  startup_stm32f767xx.o(.text)
    TIM8_CC_IRQHandler                       0x080002e3   Thumb Code     0  startup_stm32f767xx.o(.text)
    TIM8_TRG_COM_TIM14_IRQHandler            0x080002e3   Thumb Code     0  startup_stm32f767xx.o(.text)
    TIM8_UP_TIM13_IRQHandler                 0x080002e3   Thumb Code     0  startup_stm32f767xx.o(.text)
    UART4_IRQHandler                         0x080002e3   Thumb Code     0  startup_stm32f767xx.o(.text)
    UART7_IRQHandler                         0x080002e3   Thumb Code     0  startup_stm32f767xx.o(.text)
    UART8_IRQHandler                         0x080002e3   Thumb Code     0  startup_stm32f767xx.o(.text)
    USART1_IRQHandler                        0x080002e3   Thumb Code     0  startup_stm32f767xx.o(.text)
    USART2_IRQHandler                        0x080002e3   Thumb Code     0  startup_stm32f767xx.o(.text)
    USART3_IRQHandler                        0x080002e3   Thumb Code     0  startup_stm32f767xx.o(.text)
    WWDG_IRQHandler                          0x080002e3   Thumb Code     0  startup_stm32f767xx.o(.text)
    arm_fir_f32                              0x080002ed   Thumb Code  1092  arm_fir_f32.o(.text)
    arm_fir_init_f32                         0x08000731   Thumb Code    28  arm_fir_init_f32.o(.text)
    arm_min_f32                              0x0800074d   Thumb Code   206  arm_min_f32.o(.text)
    __aeabi_uldivmod                         0x0800081b   Thumb Code    98  uldiv.o(.text)
    __aeabi_memcpy                           0x0800087d   Thumb Code    36  memcpya.o(.text)
    __aeabi_memcpy4                          0x0800087d   Thumb Code     0  memcpya.o(.text)
    __aeabi_memcpy8                          0x0800087d   Thumb Code     0  memcpya.o(.text)
    __aeabi_memset                           0x080008a1   Thumb Code    14  memseta.o(.text)
    __aeabi_memset4                          0x080008a1   Thumb Code     0  memseta.o(.text)
    __aeabi_memset8                          0x080008a1   Thumb Code     0  memseta.o(.text)
    __aeabi_memclr                           0x080008af   Thumb Code     4  memseta.o(.text)
    __aeabi_memclr4                          0x080008af   Thumb Code     0  memseta.o(.text)
    __aeabi_memclr8                          0x080008af   Thumb Code     0  memseta.o(.text)
    _memset$wrapper                          0x080008b3   Thumb Code    18  memseta.o(.text)
    strcat                                   0x080008c5   Thumb Code    24  strcat.o(.text)
    strlen                                   0x080008dd   Thumb Code    14  strlen.o(.text)
    strcpy                                   0x080008eb   Thumb Code    18  strcpy.o(.text)
    atoi                                     0x080008fd   Thumb Code    26  atoi.o(.text)
    __aeabi_llsl                             0x08000917   Thumb Code    30  llshl.o(.text)
    _ll_shift_l                              0x08000917   Thumb Code     0  llshl.o(.text)
    __aeabi_llsr                             0x08000935   Thumb Code    32  llushr.o(.text)
    _ll_ushift_r                             0x08000935   Thumb Code     0  llushr.o(.text)
    strtol                                   0x08000955   Thumb Code   112  strtol.o(.text)
    __scatterload                            0x080009c5   Thumb Code    28  init.o(.text)
    __scatterload_rt2                        0x080009c5   Thumb Code     0  init.o(.text)
    __rt_ctype_table                         0x080009e9   Thumb Code     4  ctype_o.o(.text)
    _strtoul                                 0x080009f1   Thumb Code   158  _strtoul.o(.text)
    _chval                                   0x08000a8f   Thumb Code    28  _chval.o(.text)
    __decompress                             0x08000aab   Thumb Code     0  __dczerorl2.o(.text)
    __decompress1                            0x08000aab   Thumb Code    86  __dczerorl2.o(.text)
    ADC_IRQHandler                           0x08000b01   Thumb Code    10  stm32f7xx_it.o(i.ADC_IRQHandler)
    BusFault_Handler                         0x08000c7d   Thumb Code     4  stm32f7xx_it.o(i.BusFault_Handler)
    DMA1_Stream2_IRQHandler                  0x08000c81   Thumb Code    10  stm32f7xx_it.o(i.DMA1_Stream2_IRQHandler)
    DMA2_Stream6_IRQHandler                  0x08000c91   Thumb Code    10  stm32f7xx_it.o(i.DMA2_Stream6_IRQHandler)
    DebugMon_Handler                         0x08000dab   Thumb Code     2  stm32f7xx_it.o(i.DebugMon_Handler)
    EXTI0_IRQHandler                         0x08000dad   Thumb Code    10  stm32f7xx_it.o(i.EXTI0_IRQHandler)
    EXTI15_10_IRQHandler                     0x08000db7   Thumb Code    12  stm32f7xx_it.o(i.EXTI15_10_IRQHandler)
    GSM_send_message                         0x08000dc5   Thumb Code    42  gsm.o(i.GSM_send_message)
    HAL_ADCEx_InjectedConvCpltCallback       0x08000df5   Thumb Code     2  stm32f7xx_hal_adc_ex.o(i.HAL_ADCEx_InjectedConvCpltCallback)
    HAL_ADC_ConfigChannel                    0x08000df9   Thumb Code   414  stm32f7xx_hal_adc.o(i.HAL_ADC_ConfigChannel)
    HAL_ADC_ConvCpltCallback                 0x08000fad   Thumb Code    78  main.o(i.HAL_ADC_ConvCpltCallback)
    HAL_ADC_ErrorCallback                    0x0800100d   Thumb Code     2  stm32f7xx_hal_adc.o(i.HAL_ADC_ErrorCallback)
    HAL_ADC_IRQHandler                       0x0800100f   Thumb Code   372  stm32f7xx_hal_adc.o(i.HAL_ADC_IRQHandler)
    HAL_ADC_Init                             0x08001185   Thumb Code   100  stm32f7xx_hal_adc.o(i.HAL_ADC_Init)
    HAL_ADC_LevelOutOfWindowCallback         0x080011ed   Thumb Code     2  stm32f7xx_hal_adc.o(i.HAL_ADC_LevelOutOfWindowCallback)
    HAL_ADC_MspInit                          0x080011f1   Thumb Code    82  adc.o(i.HAL_ADC_MspInit)
    HAL_ADC_Start_IT                         0x08001251   Thumb Code   250  stm32f7xx_hal_adc.o(i.HAL_ADC_Start_IT)
    HAL_DMA_Abort_IT                         0x08001361   Thumb Code    40  stm32f7xx_hal_dma.o(i.HAL_DMA_Abort_IT)
    HAL_DMA_IRQHandler                       0x08001389   Thumb Code   570  stm32f7xx_hal_dma.o(i.HAL_DMA_IRQHandler)
    HAL_DMA_Init                             0x080015c9   Thumb Code   232  stm32f7xx_hal_dma.o(i.HAL_DMA_Init)
    HAL_DMA_Start_IT                         0x080016b5   Thumb Code   158  stm32f7xx_hal_dma.o(i.HAL_DMA_Start_IT)
    HAL_GPIO_EXTI_Callback                   0x08001755   Thumb Code    40  main.o(i.HAL_GPIO_EXTI_Callback)
    HAL_GPIO_EXTI_IRQHandler                 0x08001785   Thumb Code    24  stm32f7xx_hal_gpio.o(i.HAL_GPIO_EXTI_IRQHandler)
    HAL_GPIO_Init                            0x080017a1   Thumb Code   484  stm32f7xx_hal_gpio.o(i.HAL_GPIO_Init)
    HAL_GPIO_WritePin                        0x080019b9   Thumb Code    12  stm32f7xx_hal_gpio.o(i.HAL_GPIO_WritePin)
    HAL_GetTick                              0x080019c5   Thumb Code     6  stm32f7xx_hal.o(i.HAL_GetTick)
    HAL_I2CEx_ConfigAnalogFilter             0x080019d1   Thumb Code   106  stm32f7xx_hal_i2c_ex.o(i.HAL_I2CEx_ConfigAnalogFilter)
    HAL_I2CEx_ConfigDigitalFilter            0x08001a3b   Thumb Code   106  stm32f7xx_hal_i2c_ex.o(i.HAL_I2CEx_ConfigDigitalFilter)
    HAL_I2C_EV_IRQHandler                    0x08001aa5   Thumb Code    28  stm32f7xx_hal_i2c.o(i.HAL_I2C_EV_IRQHandler)
    HAL_I2C_Init                             0x08001ac1   Thumb Code   192  stm32f7xx_hal_i2c.o(i.HAL_I2C_Init)
    HAL_I2C_MspInit                          0x08001b85   Thumb Code   220  i2c.o(i.HAL_I2C_MspInit)
    HAL_IncTick                              0x08001c89   Thumb Code    16  stm32f7xx_hal.o(i.HAL_IncTick)
    HAL_Init                                 0x08001ca1   Thumb Code    22  stm32f7xx_hal.o(i.HAL_Init)
    HAL_InitTick                             0x08001cb9   Thumb Code    64  stm32f7xx_hal.o(i.HAL_InitTick)
    HAL_MspInit                              0x08001d05   Thumb Code   142  stm32f7xx_hal_msp.o(i.HAL_MspInit)
    HAL_NVIC_EnableIRQ                       0x08001d99   Thumb Code    26  stm32f7xx_hal_cortex.o(i.HAL_NVIC_EnableIRQ)
    HAL_NVIC_SetPriority                     0x08001db3   Thumb Code   124  stm32f7xx_hal_cortex.o(i.HAL_NVIC_SetPriority)
    HAL_NVIC_SetPriorityGrouping             0x08001e31   Thumb Code    32  stm32f7xx_hal_cortex.o(i.HAL_NVIC_SetPriorityGrouping)
    HAL_PWREx_EnableOverDrive                0x08001e59   Thumb Code   136  stm32f7xx_hal_pwr_ex.o(i.HAL_PWREx_EnableOverDrive)
    HAL_RCCEx_PeriphCLKConfig                0x08001ee9   Thumb Code  1876  stm32f7xx_hal_rcc_ex.o(i.HAL_RCCEx_PeriphCLKConfig)
    HAL_RCC_ClockConfig                      0x08002641   Thumb Code   382  stm32f7xx_hal_rcc.o(i.HAL_RCC_ClockConfig)
    HAL_RCC_GetHCLKFreq                      0x080027d1   Thumb Code     6  stm32f7xx_hal_rcc.o(i.HAL_RCC_GetHCLKFreq)
    HAL_RCC_GetPCLK1Freq                     0x080027dd   Thumb Code    22  stm32f7xx_hal_rcc.o(i.HAL_RCC_GetPCLK1Freq)
    HAL_RCC_GetPCLK2Freq                     0x080027fd   Thumb Code    22  stm32f7xx_hal_rcc.o(i.HAL_RCC_GetPCLK2Freq)
    HAL_RCC_GetSysClockFreq                  0x0800281d   Thumb Code   162  stm32f7xx_hal_rcc.o(i.HAL_RCC_GetSysClockFreq)
    HAL_RCC_OscConfig                        0x080028cd   Thumb Code  1204  stm32f7xx_hal_rcc.o(i.HAL_RCC_OscConfig)
    HAL_RTC_Init                             0x08002d85   Thumb Code   176  stm32f7xx_hal_rtc.o(i.HAL_RTC_Init)
    HAL_RTC_MspInit                          0x08002e39   Thumb Code    22  rtc.o(i.HAL_RTC_MspInit)
    HAL_RTC_SetDate                          0x08002e59   Thumb Code   254  stm32f7xx_hal_rtc.o(i.HAL_RTC_SetDate)
    HAL_RTC_SetTime                          0x08002f5d   Thumb Code   304  stm32f7xx_hal_rtc.o(i.HAL_RTC_SetTime)
    HAL_RTC_WaitForSynchro                   0x08003091   Thumb Code    58  stm32f7xx_hal_rtc.o(i.HAL_RTC_WaitForSynchro)
    HAL_SYSTICK_CLKSourceConfig              0x080030cb   Thumb Code    40  stm32f7xx_hal_cortex.o(i.HAL_SYSTICK_CLKSourceConfig)
    HAL_SYSTICK_Config                       0x080030f3   Thumb Code    52  stm32f7xx_hal_cortex.o(i.HAL_SYSTICK_Config)
    HAL_TIMEx_BreakCallback                  0x08003127   Thumb Code     2  stm32f7xx_hal_tim_ex.o(i.HAL_TIMEx_BreakCallback)
    HAL_TIMEx_CommutationCallback            0x08003129   Thumb Code     2  stm32f7xx_hal_tim_ex.o(i.HAL_TIMEx_CommutationCallback)
    HAL_TIMEx_MasterConfigSynchronization    0x0800312d   Thumb Code    98  stm32f7xx_hal_tim_ex.o(i.HAL_TIMEx_MasterConfigSynchronization)
    HAL_TIM_Base_Init                        0x08003199   Thumb Code    52  stm32f7xx_hal_tim.o(i.HAL_TIM_Base_Init)
    HAL_TIM_Base_MspInit                     0x080031cd   Thumb Code   100  tim.o(i.HAL_TIM_Base_MspInit)
    HAL_TIM_Base_Start                       0x0800323d   Thumb Code    30  stm32f7xx_hal_tim.o(i.HAL_TIM_Base_Start)
    HAL_TIM_Base_Start_IT                    0x0800325b   Thumb Code    30  stm32f7xx_hal_tim.o(i.HAL_TIM_Base_Start_IT)
    HAL_TIM_IC_CaptureCallback               0x08003279   Thumb Code     2  stm32f7xx_hal_tim.o(i.HAL_TIM_IC_CaptureCallback)
    HAL_TIM_IRQHandler                       0x0800327b   Thumb Code   440  stm32f7xx_hal_tim.o(i.HAL_TIM_IRQHandler)
    HAL_TIM_MspPostInit                      0x08003435   Thumb Code    44  tim.o(i.HAL_TIM_MspPostInit)
    HAL_TIM_OC_ConfigChannel                 0x08003469   Thumb Code   148  stm32f7xx_hal_tim_ex.o(i.HAL_TIM_OC_ConfigChannel)
    HAL_TIM_OC_DelayElapsedCallback          0x080034fd   Thumb Code     2  stm32f7xx_hal_tim.o(i.HAL_TIM_OC_DelayElapsedCallback)
    HAL_TIM_OC_Init                          0x080034ff   Thumb Code    52  stm32f7xx_hal_tim.o(i.HAL_TIM_OC_Init)
    HAL_TIM_OC_MspInit                       0x08003535   Thumb Code   112  tim.o(i.HAL_TIM_OC_MspInit)
    HAL_TIM_PWM_ConfigChannel                0x080035ad   Thumb Code   372  stm32f7xx_hal_tim_ex.o(i.HAL_TIM_PWM_ConfigChannel)
    HAL_TIM_PWM_Init                         0x08003721   Thumb Code    52  stm32f7xx_hal_tim.o(i.HAL_TIM_PWM_Init)
    HAL_TIM_PWM_MspInit                      0x08003755   Thumb Code     2  stm32f7xx_hal_tim.o(i.HAL_TIM_PWM_MspInit)
    HAL_TIM_PWM_PulseFinishedCallback        0x08003757   Thumb Code     2  stm32f7xx_hal_tim.o(i.HAL_TIM_PWM_PulseFinishedCallback)
    HAL_TIM_PeriodElapsedCallback            0x08003759   Thumb Code    86  main.o(i.HAL_TIM_PeriodElapsedCallback)
    HAL_TIM_TriggerCallback                  0x080037c1   Thumb Code     2  stm32f7xx_hal_tim.o(i.HAL_TIM_TriggerCallback)
    HAL_UART_ErrorCallback                   0x080037c3   Thumb Code     2  stm32f7xx_hal_uart.o(i.HAL_UART_ErrorCallback)
    HAL_UART_IRQHandler                      0x080037c5   Thumb Code   348  stm32f7xx_hal_uart.o(i.HAL_UART_IRQHandler)
    HAL_UART_Init                            0x08003925   Thumb Code   120  stm32f7xx_hal_uart.o(i.HAL_UART_Init)
    HAL_UART_MspInit                         0x0800399d   Thumb Code   310  usart.o(i.HAL_UART_MspInit)
    HAL_UART_Receive_IT                      0x08003b09   Thumb Code   188  stm32f7xx_hal_uart.o(i.HAL_UART_Receive_IT)
    HAL_UART_RxCpltCallback                  0x08003bc5   Thumb Code    18  main.o(i.HAL_UART_RxCpltCallback)
    HAL_UART_Transmit                        0x08003bdd   Thumb Code   198  stm32f7xx_hal_uart.o(i.HAL_UART_Transmit)
    HAL_UART_Transmit_DMA                    0x08003ca5   Thumb Code   146  stm32f7xx_hal_uart.o(i.HAL_UART_Transmit_DMA)
    HAL_UART_TxCpltCallback                  0x08003d45   Thumb Code     2  stm32f7xx_hal_uart.o(i.HAL_UART_TxCpltCallback)
    HAL_UART_TxHalfCpltCallback              0x08003d47   Thumb Code     2  stm32f7xx_hal_uart.o(i.HAL_UART_TxHalfCpltCallback)
    HR_Init                                  0x08003d49   Thumb Code    78  heartrate.o(i.HR_Init)
    HardFault_Handler                        0x08003dd5   Thumb Code     4  stm32f7xx_it.o(i.HardFault_Handler)
    I2C2_EV_IRQHandler                       0x08003dd9   Thumb Code    10  stm32f7xx_it.o(i.I2C2_EV_IRQHandler)
    MX_ADC1_Init                             0x08003de9   Thumb Code   104  adc.o(i.MX_ADC1_Init)
    MX_DMA_Init                              0x08003e69   Thumb Code    90  dma.o(i.MX_DMA_Init)
    MX_FREERTOS_Init                         0x08003ec9   Thumb Code    30  freertos.o(i.MX_FREERTOS_Init)
    MX_GPIO_Init                             0x08003ef1   Thumb Code   250  gpio.o(i.MX_GPIO_Init)
    MX_I2C2_Init                             0x08004001   Thumb Code    86  i2c.o(i.MX_I2C2_Init)
    MX_I2C4_Init                             0x08004075   Thumb Code    86  i2c.o(i.MX_I2C4_Init)
    MX_RTC_Init                              0x080040e9   Thumb Code   136  rtc.o(i.MX_RTC_Init)
    MX_TIM11_Init                            0x08004189   Thumb Code   104  tim.o(i.MX_TIM11_Init)
    MX_TIM2_Init                             0x08004209   Thumb Code   106  tim.o(i.MX_TIM2_Init)
    MX_TIM5_Init                             0x0800428d   Thumb Code   104  tim.o(i.MX_TIM5_Init)
    MX_TIM6_Init                             0x08004311   Thumb Code    70  tim.o(i.MX_TIM6_Init)
    MX_UART5_Init                            0x08004371   Thumb Code    60  usart.o(i.MX_UART5_Init)
    MX_USART3_UART_Init                      0x080043c5   Thumb Code    60  usart.o(i.MX_USART3_UART_Init)
    MX_USART6_UART_Init                      0x08004419   Thumb Code    60  usart.o(i.MX_USART6_UART_Init)
    MemManage_Handler                        0x0800446d   Thumb Code     4  stm32f7xx_it.o(i.MemManage_Handler)
    NMI_Handler                              0x08004471   Thumb Code     2  stm32f7xx_it.o(i.NMI_Handler)
    RTC_Bcd2ToByte                           0x080044ad   Thumb Code    22  stm32f7xx_hal_rtc.o(i.RTC_Bcd2ToByte)
    RTC_ByteToBcd2                           0x080044c3   Thumb Code    26  stm32f7xx_hal_rtc.o(i.RTC_ByteToBcd2)
    RTC_EnterInitMode                        0x080044dd   Thumb Code    62  stm32f7xx_hal_rtc.o(i.RTC_EnterInitMode)
    Rx_Bt_Handler                            0x0800451d   Thumb Code    90  bluetooth.o(i.Rx_Bt_Handler)
    StartDefaultTask                         0x08004591   Thumb Code    10  freertos.o(i.StartDefaultTask)
    SysTick_Handler                          0x0800459b   Thumb Code    12  stm32f7xx_it.o(i.SysTick_Handler)
    SystemClock_Config                       0x080045a9   Thumb Code   254  main.o(i.SystemClock_Config)
    SystemInit                               0x080046c5   Thumb Code    82  system_stm32f7xx_1.o(i.SystemInit)
    TIM2_IRQHandler                          0x08004729   Thumb Code    10  stm32f7xx_it.o(i.TIM2_IRQHandler)
    TIM5_IRQHandler                          0x08004739   Thumb Code    10  stm32f7xx_it.o(i.TIM5_IRQHandler)
    TIM6_DAC_IRQHandler                      0x08004749   Thumb Code    10  stm32f7xx_it.o(i.TIM6_DAC_IRQHandler)
    TIM_Base_SetConfig                       0x08004759   Thumb Code   196  stm32f7xx_hal_tim.o(i.TIM_Base_SetConfig)
    TIM_OC1_SetConfig                        0x08004849   Thumb Code   102  stm32f7xx_hal_tim.o(i.TIM_OC1_SetConfig)
    TIM_OC2_SetConfig                        0x080048bd   Thumb Code   112  stm32f7xx_hal_tim.o(i.TIM_OC2_SetConfig)
    TIM_OC3_SetConfig                        0x08004939   Thumb Code   110  stm32f7xx_hal_tim.o(i.TIM_OC3_SetConfig)
    TIM_OC4_SetConfig                        0x080049b5   Thumb Code    88  stm32f7xx_hal_tim.o(i.TIM_OC4_SetConfig)
    UART5_IRQHandler                         0x08004ac9   Thumb Code    10  stm32f7xx_it.o(i.UART5_IRQHandler)
    UART_AdvFeatureConfig                    0x08004ad9   Thumb Code   234  stm32f7xx_hal_uart.o(i.UART_AdvFeatureConfig)
    UART_CheckIdleState                      0x08004bc3   Thumb Code    78  stm32f7xx_hal_uart.o(i.UART_CheckIdleState)
    UART_SetConfig                           0x08004d99   Thumb Code   858  stm32f7xx_hal_uart.o(i.UART_SetConfig)
    UART_WaitOnFlagUntilTimeout              0x0800518f   Thumb Code   108  stm32f7xx_hal_uart.o(i.UART_WaitOnFlagUntilTimeout)
    USART6_IRQHandler                        0x080051fd   Thumb Code    10  stm32f7xx_it.o(i.USART6_IRQHandler)
    UsageFault_Handler                       0x0800520d   Thumb Code     4  stm32f7xx_it.o(i.UsageFault_Handler)
    _Error_Handler                           0x08005211   Thumb Code     4  main.o(i._Error_Handler)
    __aeabi_errno_addr                       0x08005215   Thumb Code     4  errno.o(i.__aeabi_errno_addr)
    __rt_errno_addr                          0x08005215   Thumb Code     0  errno.o(i.__aeabi_errno_addr)
    __scatterload_copy                       0x0800521d   Thumb Code    14  handlers.o(i.__scatterload_copy)
    __scatterload_null                       0x0800522b   Thumb Code     2  handlers.o(i.__scatterload_null)
    __scatterload_zeroinit                   0x0800522d   Thumb Code    14  handlers.o(i.__scatterload_zeroinit)
    addContact                               0x0800523d   Thumb Code    80  gsm.o(i.addContact)
    calculateHeartRate                       0x080052a5   Thumb Code    46  heartrate.o(i.calculateHeartRate)
    changeEmergencyContact                   0x080052ed   Thumb Code   106  bluetooth.o(i.changeEmergencyContact)
    firFilter                                0x0800537d   Thumb Code    56  heartrate.o(i.firFilter)
    getLastHeartRate                         0x080053c9   Thumb Code    16  heartrate.o(i.getLastHeartRate)
    ignoreOutliers                           0x080053dd   Thumb Code    36  heartrate.o(i.ignoreOutliers)
    init_mutexes                             0x08005405   Thumb Code    34  tasks.o(i.init_mutexes)
    init_queue_set                           0x08005435   Thumb Code    50  tasks.o(i.init_queue_set)
    init_queues                              0x08005479   Thumb Code   102  tasks.o(i.init_queues)
    init_semaphores                          0x080054fd   Thumb Code   116  tasks.o(i.init_semaphores)
    init_tasks                               0x08005591   Thumb Code    24  tasks.o(i.init_tasks)
    logRequest                               0x080055b1   Thumb Code    18  bluetooth.o(i.logRequest)
    main                                     0x080055c9   Thumb Code    96  main.o(i.main)
    osDelay                                  0x08005637   Thumb Code    24  cmsis_os.o(i.osDelay)
    osKernelStart                            0x0800564f   Thumb Code    10  cmsis_os.o(i.osKernelStart)
    osSystickHandler                         0x08005659   Thumb Code    16  cmsis_os.o(i.osSystickHandler)
    osThreadCreate                           0x08005669   Thumb Code    48  cmsis_os.o(i.osThreadCreate)
    pvPortMalloc                             0x08005d49   Thumb Code   308  heap_4.o(i.pvPortMalloc)
    pvTaskIncrementMutexHeldCount            0x08005e91   Thumb Code    26  tasks_1.o(i.pvTaskIncrementMutexHeldCount)
    pxPortInitialiseStack                    0x08005eb1   Thumb Code    38  port.o(i.pxPortInitialiseStack)
    searchBeat                               0x08005edd   Thumb Code   126  heartrate.o(i.searchBeat)
    storeECGData                             0x08005f75   Thumb Code    54  heartrate.o(i.storeECGData)
    updateTime                               0x08005fb5   Thumb Code    48  bluetooth.o(i.updateTime)
    uxListRemove                             0x08005ff9   Thumb Code    40  list.o(i.uxListRemove)
    vListInitialise                          0x08006021   Thumb Code    26  list.o(i.vListInitialise)
    vListInitialiseItem                      0x0800603b   Thumb Code     6  list.o(i.vListInitialiseItem)
    vListInsert                              0x08006041   Thumb Code    52  list.o(i.vListInsert)
    vListInsertEnd                           0x08006075   Thumb Code    24  list.o(i.vListInsertEnd)
    vPortEnterCritical                       0x0800608d   Thumb Code    84  port.o(i.vPortEnterCritical)
    vPortExitCritical                        0x080060e9   Thumb Code    60  port.o(i.vPortExitCritical)
    vPortFree                                0x08006129   Thumb Code   148  heap_4.o(i.vPortFree)
    vPortSetupTimerInterrupt                 0x080061c5   Thumb Code    26  port.o(i.vPortSetupTimerInterrupt)
    vPortValidateInterruptPriority           0x080061e5   Thumb Code   114  port.o(i.vPortValidateInterruptPriority)
    vTaskDelay                               0x08006265   Thumb Code    86  tasks_1.o(i.vTaskDelay)
    vTaskMissedYield                         0x080062c5   Thumb Code     8  tasks_1.o(i.vTaskMissedYield)
    vTaskPlaceOnEventList                    0x080062d1   Thumb Code    56  tasks_1.o(i.vTaskPlaceOnEventList)
    vTaskPriorityInherit                     0x0800630d   Thumb Code   164  tasks_1.o(i.vTaskPriorityInherit)
    vTaskProcessHeartRate                    0x080063bd   Thumb Code    98  tasks.o(i.vTaskProcessHeartRate)
    vTaskSetTimeOutState                     0x0800642d   Thumb Code    42  tasks_1.o(i.vTaskSetTimeOutState)
    vTaskStartScheduler                      0x08006461   Thumb Code   116  tasks_1.o(i.vTaskStartScheduler)
    vTaskSuspendAll                          0x080064f1   Thumb Code    12  tasks_1.o(i.vTaskSuspendAll)
    vTaskSwitchContext                       0x08006501   Thumb Code   122  tasks_1.o(i.vTaskSwitchContext)
    xPortStartScheduler                      0x08006591   Thumb Code   206  port.o(i.xPortStartScheduler)
    xPortSysTickHandler                      0x08006679   Thumb Code    50  port.o(i.xPortSysTickHandler)
    xQueueAddToSet                           0x080066b1   Thumb Code    38  queue.o(i.xQueueAddToSet)
    xQueueCreateMutex                        0x080066d7   Thumb Code    34  queue.o(i.xQueueCreateMutex)
    xQueueCreateSet                          0x080066f9   Thumb Code    20  queue.o(i.xQueueCreateSet)
    xQueueGenericCreate                      0x0800670d   Thumb Code    92  queue.o(i.xQueueGenericCreate)
    xQueueGenericReceive                     0x08006769   Thumb Code   458  queue.o(i.xQueueGenericReceive)
    xQueueGenericReset                       0x08006939   Thumb Code   150  queue.o(i.xQueueGenericReset)
    xQueueGenericSend                        0x080069d5   Thumb Code   468  queue.o(i.xQueueGenericSend)
    xQueueGenericSendFromISR                 0x08006bad   Thumb Code   280  queue.o(i.xQueueGenericSendFromISR)
    xQueueGiveFromISR                        0x08006cc5   Thumb Code   262  queue.o(i.xQueueGiveFromISR)
    xTaskCheckForTimeOut                     0x08006dcd   Thumb Code   140  tasks_1.o(i.xTaskCheckForTimeOut)
    xTaskCreate                              0x08006e61   Thumb Code    96  tasks_1.o(i.xTaskCreate)
    xTaskGetSchedulerState                   0x08006ec1   Thumb Code    24  tasks_1.o(i.xTaskGetSchedulerState)
    xTaskIncrementTick                       0x08006ee1   Thumb Code   286  tasks_1.o(i.xTaskIncrementTick)
    xTaskPriorityDisinherit                  0x0800702d   Thumb Code   196  tasks_1.o(i.xTaskPriorityDisinherit)
    xTaskRemoveFromEventList                 0x080070fd   Thumb Code   132  tasks_1.o(i.xTaskRemoveFromEventList)
    xTaskResumeAll                           0x08007199   Thumb Code   228  tasks_1.o(i.xTaskResumeAll)
    AHBPrescTable                            0x08007330   Data          16  system_stm32f7xx_1.o(.constdata)
    APBPrescTable                            0x08007340   Data           8  system_stm32f7xx_1.o(.constdata)
    __ctype_table                            0x08007348   Data         129  ctype_o.o(.constdata)
    Region$$Table$$Base                      0x080073dc   Number         0  anon$$obj.o(Region$$Table)
    Region$$Table$$Limit                     0x080073fc   Number         0  anon$$obj.o(Region$$Table)
    ecgarr                                   0x20000000   Data         512  main.o(.data)
    ecgarrindex                              0x20000200   Data           4  main.o(.data)
    defaultTaskHandle                        0x20000258   Data           4  freertos.o(.data)
    xSemaphoreBluetooth                      0x2000025c   Data           4  tasks.o(.data)
    xSemaphoreReadTemp                       0x20000260   Data           4  tasks.o(.data)
    xSemaphoreSendBT                         0x20000264   Data           4  tasks.o(.data)
    xSemaphoreStore                          0x20000268   Data           4  tasks.o(.data)
    xSemaphoreDistress                       0x2000026c   Data           4  tasks.o(.data)
    xSemaphoreSoundAlert                     0x20000270   Data           4  tasks.o(.data)
    xSemaphoreActivateDMA                    0x20000274   Data           4  tasks.o(.data)
    xSemaphoreDMAFinish                      0x20000278   Data           4  tasks.o(.data)
    xMutexTempStore                          0x2000027c   Data           4  tasks.o(.data)
    xMutexHRStore                            0x20000280   Data           4  tasks.o(.data)
    xMutexSendBT                             0x20000284   Data           4  tasks.o(.data)
    xMutexEC                                 0x20000288   Data           4  tasks.o(.data)
    xQueueBT                                 0x2000028c   Data           4  tasks.o(.data)
    xQueueTempProcessed                      0x20000290   Data           4  tasks.o(.data)
    xQueueTempRaw                            0x20000294   Data           4  tasks.o(.data)
    xQueueHRRaw                              0x20000298   Data           4  tasks.o(.data)
    xQueueHRProcessed                        0x2000029c   Data           4  tasks.o(.data)
    xQueueAccelProcessed                     0x200002a0   Data           4  tasks.o(.data)
    xQueueAccelRaw                           0x200002a4   Data           4  tasks.o(.data)
    xQueueSetAnalysis                        0x200002a8   Data           4  tasks.o(.data)
    uwTick                                   0x200002ac   Data           4  stm32f7xx_hal.o(.data)
    uwTickPrio                               0x200002b0   Data           4  stm32f7xx_hal.o(.data)
    uwTickFreq                               0x200002b4   Data           1  stm32f7xx_hal.o(.data)
    SystemCoreClock                          0x200002b8   Data           4  system_stm32f7xx_1.o(.data)
    pxCurrentTCB                             0x200002e0   Data           4  tasks_1.o(.data)
    hadc1                                    0x200008b4   Data          72  adc.o(.bss)
    hi2c2                                    0x200008fc   Data          76  i2c.o(.bss)
    hi2c4                                    0x20000948   Data          76  i2c.o(.bss)
    hdma_i2c2_rx                             0x20000994   Data          96  i2c.o(.bss)
    hrtc                                     0x200009f4   Data          32  rtc.o(.bss)
    htim2                                    0x20000a14   Data          64  tim.o(.bss)
    htim5                                    0x20000a54   Data          64  tim.o(.bss)
    htim6                                    0x20000a94   Data          64  tim.o(.bss)
    htim11                                   0x20000ad4   Data          64  tim.o(.bss)
    huart5                                   0x20000b14   Data         112  usart.o(.bss)
    huart3                                   0x20000b84   Data         112  usart.o(.bss)
    huart6                                   0x20000bf4   Data         112  usart.o(.bss)
    hdma_usart6_tx                           0x20000c64   Data          96  usart.o(.bss)
    __initial_sp                             0x2001e678   Data           0  startup_stm32f767xx.o(STACK)



==============================================================================

Memory Map of the image

  Image Entry point : 0x080001f9

  Load Region LR_IROM1 (Base: 0x08000000, Size: 0x0000771c, Max: 0x00200000, ABSOLUTE, COMPRESSED[0x0000755c])

    Execution Region ER_IROM1 (Exec base: 0x08000000, Load base: 0x08000000, Size: 0x000073fc, Max: 0x00200000, ABSOLUTE)

    Exec Addr    Load Addr    Size         Type   Attr      Idx    E Section Name        Object

    0x08000000   0x08000000   0x000001f8   Data   RO            3    RESET               startup_stm32f767xx.o
    0x080001f8   0x080001f8   0x00000000   Code   RO         6352  * .ARM.Collect$$$$00000000  mc_w.l(entry.o)
    0x080001f8   0x080001f8   0x00000004   Code   RO         6681    .ARM.Collect$$$$00000001  mc_w.l(entry2.o)
    0x080001fc   0x080001fc   0x00000004   Code   RO         6684    .ARM.Collect$$$$00000004  mc_w.l(entry5.o)
    0x08000200   0x08000200   0x00000000   Code   RO         6686    .ARM.Collect$$$$00000008  mc_w.l(entry7b.o)
    0x08000200   0x08000200   0x00000000   Code   RO         6688    .ARM.Collect$$$$0000000A  mc_w.l(entry8b.o)
    0x08000200   0x08000200   0x00000008   Code   RO         6689    .ARM.Collect$$$$0000000B  mc_w.l(entry9a.o)
    0x08000208   0x08000208   0x00000000   Code   RO         6691    .ARM.Collect$$$$0000000D  mc_w.l(entry10a.o)
    0x08000208   0x08000208   0x00000000   Code   RO         6693    .ARM.Collect$$$$0000000F  mc_w.l(entry11a.o)
    0x08000208   0x08000208   0x00000004   Code   RO         6682    .ARM.Collect$$$$00002712  mc_w.l(entry2.o)
    0x0800020c   0x0800020c   0x000000ba   Code   RO         5125    .emb_text           port.o
    0x080002c6   0x080002c6   0x00000002   PAD
    0x080002c8   0x080002c8   0x00000024   Code   RO            4    .text               startup_stm32f767xx.o
    0x080002ec   0x080002ec   0x00000444   Code   RO         6189    .text               arm_cortexM7lfdp_math.lib(arm_fir_f32.o)
    0x08000730   0x08000730   0x0000001c   Code   RO         6235    .text               arm_cortexM7lfdp_math.lib(arm_fir_init_f32.o)
    0x0800074c   0x0800074c   0x000000ce   Code   RO         6259    .text               arm_cortexM7lfdp_math.lib(arm_min_f32.o)
    0x0800081a   0x0800081a   0x00000062   Code   RO         6355    .text               mc_w.l(uldiv.o)
    0x0800087c   0x0800087c   0x00000024   Code   RO         6357    .text               mc_w.l(memcpya.o)
    0x080008a0   0x080008a0   0x00000024   Code   RO         6359    .text               mc_w.l(memseta.o)
    0x080008c4   0x080008c4   0x00000018   Code   RO         6361    .text               mc_w.l(strcat.o)
    0x080008dc   0x080008dc   0x0000000e   Code   RO         6363    .text               mc_w.l(strlen.o)
    0x080008ea   0x080008ea   0x00000012   Code   RO         6367    .text               mc_w.l(strcpy.o)
    0x080008fc   0x080008fc   0x0000001a   Code   RO         6640    .text               mc_w.l(atoi.o)
    0x08000916   0x08000916   0x0000001e   Code   RO         6700    .text               mc_w.l(llshl.o)
    0x08000934   0x08000934   0x00000020   Code   RO         6702    .text               mc_w.l(llushr.o)
    0x08000954   0x08000954   0x00000070   Code   RO         6711    .text               mc_w.l(strtol.o)
    0x080009c4   0x080009c4   0x00000024   Code   RO         6728    .text               mc_w.l(init.o)
    0x080009e8   0x080009e8   0x00000008   Code   RO         6733    .text               mc_w.l(ctype_o.o)
    0x080009f0   0x080009f0   0x0000009e   Code   RO         6761    .text               mc_w.l(_strtoul.o)
    0x08000a8e   0x08000a8e   0x0000001c   Code   RO         6766    .text               mc_w.l(_chval.o)
    0x08000aaa   0x08000aaa   0x00000056   Code   RO         6776    .text               mc_w.l(__dczerorl2.o)
    0x08000b00   0x08000b00   0x00000010   Code   RO          884    i.ADC_IRQHandler    stm32f7xx_it.o
    0x08000b10   0x08000b10   0x0000016c   Code   RO         1523    i.ADC_Init          stm32f7xx_hal_adc.o
    0x08000c7c   0x08000c7c   0x00000004   Code   RO          885    i.BusFault_Handler  stm32f7xx_it.o
    0x08000c80   0x08000c80   0x00000010   Code   RO          886    i.DMA1_Stream2_IRQHandler  stm32f7xx_it.o
    0x08000c90   0x08000c90   0x00000010   Code   RO          887    i.DMA2_Stream6_IRQHandler  stm32f7xx_it.o
    0x08000ca0   0x08000ca0   0x00000034   Code   RO         4451    i.DMA_CalcBaseAndBitshift  stm32f7xx_hal_dma.o
    0x08000cd4   0x08000cd4   0x000000aa   Code   RO         4452    i.DMA_CheckFifoParam  stm32f7xx_hal_dma.o
    0x08000d7e   0x08000d7e   0x0000002c   Code   RO         4453    i.DMA_SetConfig     stm32f7xx_hal_dma.o
    0x08000daa   0x08000daa   0x00000002   Code   RO          888    i.DebugMon_Handler  stm32f7xx_it.o
    0x08000dac   0x08000dac   0x0000000a   Code   RO          889    i.EXTI0_IRQHandler  stm32f7xx_it.o
    0x08000db6   0x08000db6   0x0000000c   Code   RO          890    i.EXTI15_10_IRQHandler  stm32f7xx_it.o
    0x08000dc2   0x08000dc2   0x00000002   PAD
    0x08000dc4   0x08000dc4   0x00000030   Code   RO         1254    i.GSM_send_message  gsm.o
    0x08000df4   0x08000df4   0x00000002   Code   RO         1694    i.HAL_ADCEx_InjectedConvCpltCallback  stm32f7xx_hal_adc_ex.o
    0x08000df6   0x08000df6   0x00000002   PAD
    0x08000df8   0x08000df8   0x000001b4   Code   RO         1525    i.HAL_ADC_ConfigChannel  stm32f7xx_hal_adc.o
    0x08000fac   0x08000fac   0x00000060   Code   RO           13    i.HAL_ADC_ConvCpltCallback  main.o
    0x0800100c   0x0800100c   0x00000002   Code   RO         1529    i.HAL_ADC_ErrorCallback  stm32f7xx_hal_adc.o
    0x0800100e   0x0800100e   0x00000174   Code   RO         1533    i.HAL_ADC_IRQHandler  stm32f7xx_hal_adc.o
    0x08001182   0x08001182   0x00000002   PAD
    0x08001184   0x08001184   0x00000068   Code   RO         1534    i.HAL_ADC_Init      stm32f7xx_hal_adc.o
    0x080011ec   0x080011ec   0x00000002   Code   RO         1535    i.HAL_ADC_LevelOutOfWindowCallback  stm32f7xx_hal_adc.o
    0x080011ee   0x080011ee   0x00000002   PAD
    0x080011f0   0x080011f0   0x00000060   Code   RO          544    i.HAL_ADC_MspInit   adc.o
    0x08001250   0x08001250   0x00000110   Code   RO         1542    i.HAL_ADC_Start_IT  stm32f7xx_hal_adc.o
    0x08001360   0x08001360   0x00000028   Code   RO         4455    i.HAL_DMA_Abort_IT  stm32f7xx_hal_dma.o
    0x08001388   0x08001388   0x00000240   Code   RO         4459    i.HAL_DMA_IRQHandler  stm32f7xx_hal_dma.o
    0x080015c8   0x080015c8   0x000000ec   Code   RO         4460    i.HAL_DMA_Init      stm32f7xx_hal_dma.o
    0x080016b4   0x080016b4   0x0000009e   Code   RO         4464    i.HAL_DMA_Start_IT  stm32f7xx_hal_dma.o
    0x08001752   0x08001752   0x00000002   PAD
    0x08001754   0x08001754   0x00000030   Code   RO           14    i.HAL_GPIO_EXTI_Callback  main.o
    0x08001784   0x08001784   0x0000001c   Code   RO         4387    i.HAL_GPIO_EXTI_IRQHandler  stm32f7xx_hal_gpio.o
    0x080017a0   0x080017a0   0x00000218   Code   RO         4388    i.HAL_GPIO_Init     stm32f7xx_hal_gpio.o
    0x080019b8   0x080019b8   0x0000000c   Code   RO         4392    i.HAL_GPIO_WritePin  stm32f7xx_hal_gpio.o
    0x080019c4   0x080019c4   0x0000000c   Code   RO         4831    i.HAL_GetTick       stm32f7xx_hal.o
    0x080019d0   0x080019d0   0x0000006a   Code   RO         2363    i.HAL_I2CEx_ConfigAnalogFilter  stm32f7xx_hal_i2c_ex.o
    0x08001a3a   0x08001a3a   0x0000006a   Code   RO         2364    i.HAL_I2CEx_ConfigDigitalFilter  stm32f7xx_hal_i2c_ex.o
    0x08001aa4   0x08001aa4   0x0000001c   Code   RO         1940    i.HAL_I2C_EV_IRQHandler  stm32f7xx_hal_i2c.o
    0x08001ac0   0x08001ac0   0x000000c4   Code   RO         1946    i.HAL_I2C_Init      stm32f7xx_hal_i2c.o
    0x08001b84   0x08001b84   0x00000104   Code   RO          663    i.HAL_I2C_MspInit   i2c.o
    0x08001c88   0x08001c88   0x00000018   Code   RO         4837    i.HAL_IncTick       stm32f7xx_hal.o
    0x08001ca0   0x08001ca0   0x00000016   Code   RO         4838    i.HAL_Init          stm32f7xx_hal.o
    0x08001cb6   0x08001cb6   0x00000002   PAD
    0x08001cb8   0x08001cb8   0x0000004c   Code   RO         4839    i.HAL_InitTick      stm32f7xx_hal.o
    0x08001d04   0x08001d04   0x00000094   Code   RO         1014    i.HAL_MspInit       stm32f7xx_hal_msp.o
    0x08001d98   0x08001d98   0x0000001a   Code   RO         1800    i.HAL_NVIC_EnableIRQ  stm32f7xx_hal_cortex.o
    0x08001db2   0x08001db2   0x0000007c   Code   RO         1806    i.HAL_NVIC_SetPriority  stm32f7xx_hal_cortex.o
    0x08001e2e   0x08001e2e   0x00000002   PAD
    0x08001e30   0x08001e30   0x00000028   Code   RO         1807    i.HAL_NVIC_SetPriorityGrouping  stm32f7xx_hal_cortex.o
    0x08001e58   0x08001e58   0x00000090   Code   RO         4728    i.HAL_PWREx_EnableOverDrive  stm32f7xx_hal_pwr_ex.o
    0x08001ee8   0x08001ee8   0x00000758   Code   RO         4104    i.HAL_RCCEx_PeriphCLKConfig  stm32f7xx_hal_rcc_ex.o
    0x08002640   0x08002640   0x00000190   Code   RO         3997    i.HAL_RCC_ClockConfig  stm32f7xx_hal_rcc.o
    0x080027d0   0x080027d0   0x0000000c   Code   RO         4002    i.HAL_RCC_GetHCLKFreq  stm32f7xx_hal_rcc.o
    0x080027dc   0x080027dc   0x00000020   Code   RO         4004    i.HAL_RCC_GetPCLK1Freq  stm32f7xx_hal_rcc.o
    0x080027fc   0x080027fc   0x00000020   Code   RO         4005    i.HAL_RCC_GetPCLK2Freq  stm32f7xx_hal_rcc.o
    0x0800281c   0x0800281c   0x000000b0   Code   RO         4006    i.HAL_RCC_GetSysClockFreq  stm32f7xx_hal_rcc.o
    0x080028cc   0x080028cc   0x000004b8   Code   RO         4009    i.HAL_RCC_OscConfig  stm32f7xx_hal_rcc.o
    0x08002d84   0x08002d84   0x000000b4   Code   RO         2413    i.HAL_RTC_Init      stm32f7xx_hal_rtc.o
    0x08002e38   0x08002e38   0x00000020   Code   RO          711    i.HAL_RTC_MspInit   rtc.o
    0x08002e58   0x08002e58   0x00000104   Code   RO         2419    i.HAL_RTC_SetDate   stm32f7xx_hal_rtc.o
    0x08002f5c   0x08002f5c   0x00000134   Code   RO         2420    i.HAL_RTC_SetTime   stm32f7xx_hal_rtc.o
    0x08003090   0x08003090   0x0000003a   Code   RO         2421    i.HAL_RTC_WaitForSynchro  stm32f7xx_hal_rtc.o
    0x080030ca   0x080030ca   0x00000028   Code   RO         1809    i.HAL_SYSTICK_CLKSourceConfig  stm32f7xx_hal_cortex.o
    0x080030f2   0x080030f2   0x00000034   Code   RO         1811    i.HAL_SYSTICK_Config  stm32f7xx_hal_cortex.o
    0x08003126   0x08003126   0x00000002   Code   RO         3428    i.HAL_TIMEx_BreakCallback  stm32f7xx_hal_tim_ex.o
    0x08003128   0x08003128   0x00000002   Code   RO         3429    i.HAL_TIMEx_CommutationCallback  stm32f7xx_hal_tim_ex.o
    0x0800312a   0x0800312a   0x00000002   PAD
    0x0800312c   0x0800312c   0x0000006c   Code   RO         3447    i.HAL_TIMEx_MasterConfigSynchronization  stm32f7xx_hal_tim_ex.o
    0x08003198   0x08003198   0x00000034   Code   RO         2785    i.HAL_TIM_Base_Init  stm32f7xx_hal_tim.o
    0x080031cc   0x080031cc   0x00000070   Code   RO          753    i.HAL_TIM_Base_MspInit  tim.o
    0x0800323c   0x0800323c   0x0000001e   Code   RO         2788    i.HAL_TIM_Base_Start  stm32f7xx_hal_tim.o
    0x0800325a   0x0800325a   0x0000001e   Code   RO         2790    i.HAL_TIM_Base_Start_IT  stm32f7xx_hal_tim.o
    0x08003278   0x08003278   0x00000002   Code   RO         2814    i.HAL_TIM_IC_CaptureCallback  stm32f7xx_hal_tim.o
    0x0800327a   0x0800327a   0x000001b8   Code   RO         2827    i.HAL_TIM_IRQHandler  stm32f7xx_hal_tim.o
    0x08003432   0x08003432   0x00000002   PAD
    0x08003434   0x08003434   0x00000034   Code   RO          754    i.HAL_TIM_MspPostInit  tim.o
    0x08003468   0x08003468   0x00000094   Code   RO         3466    i.HAL_TIM_OC_ConfigChannel  stm32f7xx_hal_tim_ex.o
    0x080034fc   0x080034fc   0x00000002   Code   RO         2830    i.HAL_TIM_OC_DelayElapsedCallback  stm32f7xx_hal_tim.o
    0x080034fe   0x080034fe   0x00000034   Code   RO         2832    i.HAL_TIM_OC_Init   stm32f7xx_hal_tim.o
    0x08003532   0x08003532   0x00000002   PAD
    0x08003534   0x08003534   0x00000078   Code   RO          756    i.HAL_TIM_OC_MspInit  tim.o
    0x080035ac   0x080035ac   0x00000174   Code   RO         3467    i.HAL_TIM_PWM_ConfigChannel  stm32f7xx_hal_tim_ex.o
    0x08003720   0x08003720   0x00000034   Code   RO         2854    i.HAL_TIM_PWM_Init  stm32f7xx_hal_tim.o
    0x08003754   0x08003754   0x00000002   Code   RO         2856    i.HAL_TIM_PWM_MspInit  stm32f7xx_hal_tim.o
    0x08003756   0x08003756   0x00000002   Code   RO         2857    i.HAL_TIM_PWM_PulseFinishedCallback  stm32f7xx_hal_tim.o
    0x08003758   0x08003758   0x00000068   Code   RO           17    i.HAL_TIM_PeriodElapsedCallback  main.o
    0x080037c0   0x080037c0   0x00000002   Code   RO         2868    i.HAL_TIM_TriggerCallback  stm32f7xx_hal_tim.o
    0x080037c2   0x080037c2   0x00000002   Code   RO         3722    i.HAL_UART_ErrorCallback  stm32f7xx_hal_uart.o
    0x080037c4   0x080037c4   0x00000160   Code   RO         3725    i.HAL_UART_IRQHandler  stm32f7xx_hal_uart.o
    0x08003924   0x08003924   0x00000078   Code   RO         3726    i.HAL_UART_Init     stm32f7xx_hal_uart.o
    0x0800399c   0x0800399c   0x0000016c   Code   RO          831    i.HAL_UART_MspInit  usart.o
    0x08003b08   0x08003b08   0x000000bc   Code   RO         3731    i.HAL_UART_Receive_IT  stm32f7xx_hal_uart.o
    0x08003bc4   0x08003bc4   0x00000018   Code   RO           18    i.HAL_UART_RxCpltCallback  main.o
    0x08003bdc   0x08003bdc   0x000000c6   Code   RO         3734    i.HAL_UART_Transmit  stm32f7xx_hal_uart.o
    0x08003ca2   0x08003ca2   0x00000002   PAD
    0x08003ca4   0x08003ca4   0x000000a0   Code   RO         3735    i.HAL_UART_Transmit_DMA  stm32f7xx_hal_uart.o
    0x08003d44   0x08003d44   0x00000002   Code   RO         3737    i.HAL_UART_TxCpltCallback  stm32f7xx_hal_uart.o
    0x08003d46   0x08003d46   0x00000002   Code   RO         3738    i.HAL_UART_TxHalfCpltCallback  stm32f7xx_hal_uart.o
    0x08003d48   0x08003d48   0x0000008c   Code   RO          305    i.HR_Init           heartrate.o
    0x08003dd4   0x08003dd4   0x00000004   Code   RO          891    i.HardFault_Handler  stm32f7xx_it.o
    0x08003dd8   0x08003dd8   0x00000010   Code   RO          892    i.I2C2_EV_IRQHandler  stm32f7xx_it.o
    0x08003de8   0x08003de8   0x00000080   Code   RO          545    i.MX_ADC1_Init      adc.o
    0x08003e68   0x08003e68   0x00000060   Code   RO          585    i.MX_DMA_Init       dma.o
    0x08003ec8   0x08003ec8   0x00000028   Code   RO          609    i.MX_FREERTOS_Init  freertos.o
    0x08003ef0   0x08003ef0   0x00000110   Code   RO          519    i.MX_GPIO_Init      gpio.o
    0x08004000   0x08004000   0x00000074   Code   RO          664    i.MX_I2C2_Init      i2c.o
    0x08004074   0x08004074   0x00000074   Code   RO          665    i.MX_I2C4_Init      i2c.o
    0x080040e8   0x080040e8   0x000000a0   Code   RO          712    i.MX_RTC_Init       rtc.o
    0x08004188   0x08004188   0x00000080   Code   RO          757    i.MX_TIM11_Init     tim.o
    0x08004208   0x08004208   0x00000084   Code   RO          758    i.MX_TIM2_Init      tim.o
    0x0800428c   0x0800428c   0x00000084   Code   RO          759    i.MX_TIM5_Init      tim.o
    0x08004310   0x08004310   0x00000060   Code   RO          760    i.MX_TIM6_Init      tim.o
    0x08004370   0x08004370   0x00000054   Code   RO          832    i.MX_UART5_Init     usart.o
    0x080043c4   0x080043c4   0x00000054   Code   RO          833    i.MX_USART3_UART_Init  usart.o
    0x08004418   0x08004418   0x00000054   Code   RO          834    i.MX_USART6_UART_Init  usart.o
    0x0800446c   0x0800446c   0x00000004   Code   RO          893    i.MemManage_Handler  stm32f7xx_it.o
    0x08004470   0x08004470   0x00000002   Code   RO          894    i.NMI_Handler       stm32f7xx_it.o
    0x08004472   0x08004472   0x00000002   PAD
    0x08004474   0x08004474   0x00000010   Code   RO         1813    i.NVIC_GetPriorityGrouping  stm32f7xx_hal_cortex.o
    0x08004484   0x08004484   0x00000028   Code   RO         1814    i.NVIC_SetPriority  stm32f7xx_hal_cortex.o
    0x080044ac   0x080044ac   0x00000016   Code   RO         2422    i.RTC_Bcd2ToByte    stm32f7xx_hal_rtc.o
    0x080044c2   0x080044c2   0x0000001a   Code   RO         2423    i.RTC_ByteToBcd2    stm32f7xx_hal_rtc.o
    0x080044dc   0x080044dc   0x0000003e   Code   RO         2424    i.RTC_EnterInitMode  stm32f7xx_hal_rtc.o
    0x0800451a   0x0800451a   0x00000002   PAD
    0x0800451c   0x0800451c   0x00000074   Code   RO          457    i.Rx_Bt_Handler     bluetooth.o
    0x08004590   0x08004590   0x0000000a   Code   RO          610    i.StartDefaultTask  freertos.o
    0x0800459a   0x0800459a   0x0000000c   Code   RO          895    i.SysTick_Handler   stm32f7xx_it.o
    0x080045a6   0x080045a6   0x00000002   PAD
    0x080045a8   0x080045a8   0x0000011c   Code   RO           19    i.SystemClock_Config  main.o
    0x080046c4   0x080046c4   0x00000064   Code   RO         5022    i.SystemInit        system_stm32f7xx_1.o
    0x08004728   0x08004728   0x00000010   Code   RO          896    i.TIM2_IRQHandler   stm32f7xx_it.o
    0x08004738   0x08004738   0x00000010   Code   RO          897    i.TIM5_IRQHandler   stm32f7xx_it.o
    0x08004748   0x08004748   0x00000010   Code   RO          898    i.TIM6_DAC_IRQHandler  stm32f7xx_it.o
    0x08004758   0x08004758   0x000000f0   Code   RO         2869    i.TIM_Base_SetConfig  stm32f7xx_hal_tim.o
    0x08004848   0x08004848   0x00000074   Code   RO         2878    i.TIM_OC1_SetConfig  stm32f7xx_hal_tim.o
    0x080048bc   0x080048bc   0x0000007c   Code   RO         2879    i.TIM_OC2_SetConfig  stm32f7xx_hal_tim.o
    0x08004938   0x08004938   0x0000007c   Code   RO         2880    i.TIM_OC3_SetConfig  stm32f7xx_hal_tim.o
    0x080049b4   0x080049b4   0x00000064   Code   RO         2881    i.TIM_OC4_SetConfig  stm32f7xx_hal_tim.o
    0x08004a18   0x08004a18   0x00000058   Code   RO         3470    i.TIM_OC5_SetConfig  stm32f7xx_hal_tim_ex.o
    0x08004a70   0x08004a70   0x00000058   Code   RO         3471    i.TIM_OC6_SetConfig  stm32f7xx_hal_tim_ex.o
    0x08004ac8   0x08004ac8   0x00000010   Code   RO          899    i.UART5_IRQHandler  stm32f7xx_it.o
    0x08004ad8   0x08004ad8   0x000000ea   Code   RO         3739    i.UART_AdvFeatureConfig  stm32f7xx_hal_uart.o
    0x08004bc2   0x08004bc2   0x0000004e   Code   RO         3740    i.UART_CheckIdleState  stm32f7xx_hal_uart.o
    0x08004c10   0x08004c10   0x00000018   Code   RO         3741    i.UART_DMAAbortOnError  stm32f7xx_hal_uart.o
    0x08004c28   0x08004c28   0x0000004e   Code   RO         3742    i.UART_DMAError     stm32f7xx_hal_uart.o
    0x08004c76   0x08004c76   0x00000038   Code   RO         3745    i.UART_DMATransmitCplt  stm32f7xx_hal_uart.o
    0x08004cae   0x08004cae   0x0000000e   Code   RO         3746    i.UART_DMATxHalfCplt  stm32f7xx_hal_uart.o
    0x08004cbc   0x08004cbc   0x00000020   Code   RO         3747    i.UART_EndRxTransfer  stm32f7xx_hal_uart.o
    0x08004cdc   0x08004cdc   0x00000020   Code   RO         3748    i.UART_EndTransmit_IT  stm32f7xx_hal_uart.o
    0x08004cfc   0x08004cfc   0x00000014   Code   RO         3749    i.UART_EndTxTransfer  stm32f7xx_hal_uart.o
    0x08004d10   0x08004d10   0x00000088   Code   RO         3750    i.UART_Receive_IT   stm32f7xx_hal_uart.o
    0x08004d98   0x08004d98   0x0000038c   Code   RO         3751    i.UART_SetConfig    stm32f7xx_hal_uart.o
    0x08005124   0x08005124   0x0000006a   Code   RO         3752    i.UART_Transmit_IT  stm32f7xx_hal_uart.o
    0x0800518e   0x0800518e   0x0000006c   Code   RO         3753    i.UART_WaitOnFlagUntilTimeout  stm32f7xx_hal_uart.o
    0x080051fa   0x080051fa   0x00000002   PAD
    0x080051fc   0x080051fc   0x00000010   Code   RO          900    i.USART6_IRQHandler  stm32f7xx_it.o
    0x0800520c   0x0800520c   0x00000004   Code   RO          901    i.UsageFault_Handler  stm32f7xx_it.o
    0x08005210   0x08005210   0x00000004   Code   RO           20    i._Error_Handler    main.o
    0x08005214   0x08005214   0x00000008   Code   RO         6704    i.__aeabi_errno_addr  mc_w.l(errno.o)
    0x0800521c   0x0800521c   0x0000000e   Code   RO         6770    i.__scatterload_copy  mc_w.l(handlers.o)
    0x0800522a   0x0800522a   0x00000002   Code   RO         6771    i.__scatterload_null  mc_w.l(handlers.o)
    0x0800522c   0x0800522c   0x0000000e   Code   RO         6772    i.__scatterload_zeroinit  mc_w.l(handlers.o)
    0x0800523a   0x0800523a   0x00000002   PAD
    0x0800523c   0x0800523c   0x00000068   Code   RO         1256    i.addContact        gsm.o
    0x080052a4   0x080052a4   0x00000048   Code   RO          306    i.calculateHeartRate  heartrate.o
    0x080052ec   0x080052ec   0x00000090   Code   RO          458    i.changeEmergencyContact  bluetooth.o
    0x0800537c   0x0800537c   0x0000004c   Code   RO          308    i.firFilter         heartrate.o
    0x080053c8   0x080053c8   0x00000014   Code   RO          309    i.getLastHeartRate  heartrate.o
    0x080053dc   0x080053dc   0x00000028   Code   RO          310    i.ignoreOutliers    heartrate.o
    0x08005404   0x08005404   0x00000030   Code   RO         1399    i.init_mutexes      tasks.o
    0x08005434   0x08005434   0x00000044   Code   RO         1400    i.init_queue_set    tasks.o
    0x08005478   0x08005478   0x00000084   Code   RO         1401    i.init_queues       tasks.o
    0x080054fc   0x080054fc   0x00000094   Code   RO         1402    i.init_semaphores   tasks.o
    0x08005590   0x08005590   0x00000020   Code   RO         1403    i.init_tasks        tasks.o
    0x080055b0   0x080055b0   0x00000018   Code   RO          460    i.logRequest        bluetooth.o
    0x080055c8   0x080055c8   0x00000060   Code   RO           21    i.main              main.o
    0x08005628   0x08005628   0x0000000e   Code   RO         5819    i.makeFreeRtosPriority  cmsis_os.o
    0x08005636   0x08005636   0x00000018   Code   RO         5821    i.osDelay           cmsis_os.o
    0x0800564e   0x0800564e   0x0000000a   Code   RO         5824    i.osKernelStart     cmsis_os.o
    0x08005658   0x08005658   0x00000010   Code   RO         5857    i.osSystickHandler  cmsis_os.o
    0x08005668   0x08005668   0x00000030   Code   RO         5858    i.osThreadCreate    cmsis_os.o
    0x08005698   0x08005698   0x00000098   Code   RO         5518    i.prvAddCurrentTaskToDelayedList  tasks_1.o
    0x08005730   0x08005730   0x000000b4   Code   RO         5519    i.prvAddNewTaskToReadyList  tasks_1.o
    0x080057e4   0x080057e4   0x00000064   Code   RO         5520    i.prvCheckTasksWaitingTermination  tasks_1.o
    0x08005848   0x08005848   0x0000002a   Code   RO         5328    i.prvCopyDataFromQueue  queue.o
    0x08005872   0x08005872   0x0000007c   Code   RO         5329    i.prvCopyDataToQueue  queue.o
    0x080058ee   0x080058ee   0x00000012   Code   RO         5521    i.prvDeleteTCB      tasks_1.o
    0x08005900   0x08005900   0x0000007c   Code   RO         5055    i.prvHeapInit       heap_4.o
    0x0800597c   0x0800597c   0x00000028   Code   RO         5522    i.prvIdleTask       tasks_1.o
    0x080059a4   0x080059a4   0x0000001c   Code   RO         5330    i.prvInitialiseMutex  queue.o
    0x080059c0   0x080059c0   0x0000002a   Code   RO         5331    i.prvInitialiseNewQueue  queue.o
    0x080059ea   0x080059ea   0x000000ae   Code   RO         5523    i.prvInitialiseNewTask  tasks_1.o
    0x08005a98   0x08005a98   0x00000068   Code   RO         5524    i.prvInitialiseTaskLists  tasks_1.o
    0x08005b00   0x08005b00   0x00000068   Code   RO         5056    i.prvInsertBlockIntoFreeList  heap_4.o
    0x08005b68   0x08005b68   0x0000001a   Code   RO         5332    i.prvIsQueueEmpty   queue.o
    0x08005b82   0x08005b82   0x0000001e   Code   RO         5333    i.prvIsQueueFull    queue.o
    0x08005ba0   0x08005ba0   0x00000098   Code   RO         5334    i.prvNotifyQueueSetContainer  queue.o
    0x08005c38   0x08005c38   0x00000034   Code   RO         5525    i.prvResetNextTaskUnblockTime  tasks_1.o
    0x08005c6c   0x08005c6c   0x00000048   Code   RO         5126    i.prvTaskExitError  port.o
    0x08005cb4   0x08005cb4   0x00000092   Code   RO         5335    i.prvUnlockQueue    queue.o
    0x08005d46   0x08005d46   0x00000002   PAD
    0x08005d48   0x08005d48   0x00000148   Code   RO         5057    i.pvPortMalloc      heap_4.o
    0x08005e90   0x08005e90   0x00000020   Code   RO         5527    i.pvTaskIncrementMutexHeldCount  tasks_1.o
    0x08005eb0   0x08005eb0   0x0000002c   Code   RO         5127    i.pxPortInitialiseStack  port.o
    0x08005edc   0x08005edc   0x00000098   Code   RO          313    i.searchBeat        heartrate.o
    0x08005f74   0x08005f74   0x00000040   Code   RO          314    i.storeECGData      heartrate.o
    0x08005fb4   0x08005fb4   0x00000044   Code   RO          462    i.updateTime        bluetooth.o
    0x08005ff8   0x08005ff8   0x00000028   Code   RO         5291    i.uxListRemove      list.o
    0x08006020   0x08006020   0x0000001a   Code   RO         5292    i.vListInitialise   list.o
    0x0800603a   0x0800603a   0x00000006   Code   RO         5293    i.vListInitialiseItem  list.o
    0x08006040   0x08006040   0x00000034   Code   RO         5294    i.vListInsert       list.o
    0x08006074   0x08006074   0x00000018   Code   RO         5295    i.vListInsertEnd    list.o
    0x0800608c   0x0800608c   0x0000005c   Code   RO         5129    i.vPortEnterCritical  port.o
    0x080060e8   0x080060e8   0x00000040   Code   RO         5130    i.vPortExitCritical  port.o
    0x08006128   0x08006128   0x0000009c   Code   RO         5058    i.vPortFree         heap_4.o
    0x080061c4   0x080061c4   0x00000020   Code   RO         5131    i.vPortSetupTimerInterrupt  port.o
    0x080061e4   0x080061e4   0x00000080   Code   RO         5132    i.vPortValidateInterruptPriority  port.o
    0x08006264   0x08006264   0x00000060   Code   RO         5533    i.vTaskDelay        tasks_1.o
    0x080062c4   0x080062c4   0x0000000c   Code   RO         5537    i.vTaskMissedYield  tasks_1.o
    0x080062d0   0x080062d0   0x0000003c   Code   RO         5539    i.vTaskPlaceOnEventList  tasks_1.o
    0x0800630c   0x0800630c   0x000000b0   Code   RO         5541    i.vTaskPriorityInherit  tasks_1.o
    0x080063bc   0x080063bc   0x00000070   Code   RO         1410    i.vTaskProcessHeartRate  tasks.o
    0x0800642c   0x0800642c   0x00000034   Code   RO         5544    i.vTaskSetTimeOutState  tasks_1.o
    0x08006460   0x08006460   0x00000090   Code   RO         5545    i.vTaskStartScheduler  tasks_1.o
    0x080064f0   0x080064f0   0x00000010   Code   RO         5547    i.vTaskSuspendAll   tasks_1.o
    0x08006500   0x08006500   0x00000090   Code   RO         5548    i.vTaskSwitchContext  tasks_1.o
    0x08006590   0x08006590   0x000000e8   Code   RO         5133    i.xPortStartScheduler  port.o
    0x08006678   0x08006678   0x00000038   Code   RO         5134    i.xPortSysTickHandler  port.o
    0x080066b0   0x080066b0   0x00000026   Code   RO         5342    i.xQueueAddToSet    queue.o
    0x080066d6   0x080066d6   0x00000022   Code   RO         5343    i.xQueueCreateMutex  queue.o
    0x080066f8   0x080066f8   0x00000014   Code   RO         5344    i.xQueueCreateSet   queue.o
    0x0800670c   0x0800670c   0x0000005c   Code   RO         5345    i.xQueueGenericCreate  queue.o
    0x08006768   0x08006768   0x000001d0   Code   RO         5346    i.xQueueGenericReceive  queue.o
    0x08006938   0x08006938   0x0000009c   Code   RO         5347    i.xQueueGenericReset  queue.o
    0x080069d4   0x080069d4   0x000001d8   Code   RO         5348    i.xQueueGenericSend  queue.o
    0x08006bac   0x08006bac   0x00000118   Code   RO         5349    i.xQueueGenericSendFromISR  queue.o
    0x08006cc4   0x08006cc4   0x00000106   Code   RO         5350    i.xQueueGiveFromISR  queue.o
    0x08006dca   0x08006dca   0x00000002   PAD
    0x08006dcc   0x08006dcc   0x00000094   Code   RO         5549    i.xTaskCheckForTimeOut  tasks_1.o
    0x08006e60   0x08006e60   0x00000060   Code   RO         5550    i.xTaskCreate       tasks_1.o
    0x08006ec0   0x08006ec0   0x00000020   Code   RO         5554    i.xTaskGetSchedulerState  tasks_1.o
    0x08006ee0   0x08006ee0   0x0000014c   Code   RO         5557    i.xTaskIncrementTick  tasks_1.o
    0x0800702c   0x0800702c   0x000000d0   Code   RO         5560    i.xTaskPriorityDisinherit  tasks_1.o
    0x080070fc   0x080070fc   0x0000009c   Code   RO         5561    i.xTaskRemoveFromEventList  tasks_1.o
    0x08007198   0x08007198   0x00000108   Code   RO         5563    i.xTaskResumeAll    tasks_1.o
    0x080072a0   0x080072a0   0x00000074   Data   RO          316    .constdata          heartrate.o
    0x08007314   0x08007314   0x00000014   Data   RO          611    .constdata          freertos.o
    0x08007328   0x08007328   0x00000008   Data   RO         4466    .constdata          stm32f7xx_hal_dma.o
    0x08007330   0x08007330   0x00000018   Data   RO         5023    .constdata          system_stm32f7xx_1.o
    0x08007348   0x08007348   0x00000081   Data   RO         6734    .constdata          mc_w.l(ctype_o.o)
    0x080073c9   0x080073c9   0x00000003   PAD
    0x080073cc   0x080073cc   0x00000004   Data   RO         6735    .constdata          mc_w.l(ctype_o.o)
    0x080073d0   0x080073d0   0x0000000c   Data   RO          612    .conststring        freertos.o
    0x080073dc   0x080073dc   0x00000020   Data   RO         6768    Region$$Table       anon$$obj.o


    Execution Region RW_IRAM1 (Exec base: 0x20000000, Load base: 0x080073fc, Size: 0x0001e678, Max: 0x00080000, ABSOLUTE, COMPRESSED[0x00000160])

    Exec Addr    Load Addr    Size         Type   Attr      Idx    E Section Name        Object

    0x20000000   COMPRESSED   0x0000020c   Data   RW           22    .data               main.o
    0x2000020c   COMPRESSED   0x0000002c   Data   RW          317    .data               heartrate.o
    0x20000238   COMPRESSED   0x0000001d   Data   RW          464    .data               bluetooth.o
    0x20000255   COMPRESSED   0x00000003   PAD
    0x20000258   COMPRESSED   0x00000004   Data   RW          613    .data               freertos.o
    0x2000025c   COMPRESSED   0x00000050   Data   RW         1416    .data               tasks.o
    0x200002ac   COMPRESSED   0x00000009   Data   RW         4845    .data               stm32f7xx_hal.o
    0x200002b5   COMPRESSED   0x00000003   PAD
    0x200002b8   COMPRESSED   0x00000004   Data   RW         5024    .data               system_stm32f7xx_1.o
    0x200002bc   COMPRESSED   0x00000018   Data   RW         5063    .data               heap_4.o
    0x200002d4   COMPRESSED   0x0000000c   Data   RW         5135    .data               port.o
    0x200002e0   COMPRESSED   0x0000003c   Data   RW         5566    .data               tasks_1.o
    0x2000031c   COMPRESSED   0x00000004   Data   RW         6707    .data               mc_w.l(errno.o)
    0x20000320        -       0x000004fc   Zero   RW          315    .bss                heartrate.o
    0x2000081c        -       0x00000097   Zero   RW          463    .bss                bluetooth.o
    0x200008b3   COMPRESSED   0x00000001   PAD
    0x200008b4        -       0x00000048   Zero   RW          546    .bss                adc.o
    0x200008fc        -       0x000000f8   Zero   RW          666    .bss                i2c.o
    0x200009f4        -       0x00000020   Zero   RW          713    .bss                rtc.o
    0x20000a14        -       0x00000100   Zero   RW          761    .bss                tim.o
    0x20000b14        -       0x000001b0   Zero   RW          835    .bss                usart.o
    0x20000cc4        -       0x0001d4c0   Zero   RW         5062    .bss                heap_4.o
    0x2001e184        -       0x000000f0   Zero   RW         5565    .bss                tasks_1.o
    0x2001e274   COMPRESSED   0x00000004   PAD
    0x2001e278        -       0x00000400   Zero   RW            1    STACK               startup_stm32f767xx.o


==============================================================================

Image component sizes


      Code (inc. data)   RO Data    RW Data    ZI Data      Debug   Object Name

       224         38          0          0         72       1617   adc.o
       352         90          0         29        151       2779   bluetooth.o
       112          0          0          0          0      12986   cmsis_os.o
        96          6          0          0          0        770   dma.o
         0          0          0          0          0       8040   event_groups.o
        50         10         32          4          0       1650   freertos.o
       272         22          0          0          0        995   gpio.o
       152         30          0          0          0       1252   gsm.o
       712         64          0         24     120000       8807   heap_4.o
       564        152        116         44       1276      17935   heartrate.o
       492        100          0          0        248       2287   i2c.o
       148          0          0          0          0       3534   list.o
       656         80          0        524          0     917951   main.o
       906         90          0         12          0      11769   port.o
      2408         16          0          0          0      17964   queue.o
       192         34          0          0         32       1499   rtc.o
        36          8        504          0       1024        828   startup_stm32f767xx.o
       134         26          0          9          0       3277   stm32f7xx_hal.o
      1552         62          0          0          0       5506   stm32f7xx_hal_adc.o
         2          0          0          0          0        989   stm32f7xx_hal_adc_ex.o
       338         22          0          0          0      36485   stm32f7xx_hal_cortex.o
      1276         16          8          0          0       6162   stm32f7xx_hal_dma.o
       576         56          0          0          0       3035   stm32f7xx_hal_gpio.o
       224          4          0          0          0       3411   stm32f7xx_hal_i2c.o
       212          0          0          0          0       1939   stm32f7xx_hal_i2c_ex.o
       148          6          0          0          0        878   stm32f7xx_hal_msp.o
       144          8          0          0          0       1260   stm32f7xx_hal_pwr_ex.o
      1860         70          0          0          0       5476   stm32f7xx_hal_rcc.o
      1880         16          0          0          0       2224   stm32f7xx_hal_rcc_ex.o
       916         14          0          0          0       5682   stm32f7xx_hal_rtc.o
      1370         96          0          0          0      11251   stm32f7xx_hal_tim.o
       808         36          0          0          0       5741   stm32f7xx_hal_tim_ex.o
      2850         68          0          0          0      15442   stm32f7xx_hal_uart.o
       198         54          0          0          0       8488   stm32f7xx_it.o
       100         18         24          4          0       1139   system_stm32f7xx_1.o
       540        116          0         80          0       4852   tasks.o
      2788        358          0         60        240      22547   tasks_1.o
         0          0          0          0          0       3456   temperature.o
       772        132          0          0        256       4650   tim.o
       616        126          0          0        432       2933   usart.o

    ----------------------------------------------------------------------
     26712       2044        716        796     123736    1169486   Object Totals
         0          0         32          0          0          0   (incl. Generated)
        36          0          0          6          5          0   (incl. Padding)

    ----------------------------------------------------------------------

      Code (inc. data)   RO Data    RW Data    ZI Data      Debug   Library Member Name

      1092          6          0          0          0      20210   arm_fir_f32.o
        28          0          0          0          0       1103   arm_fir_init_f32.o
       206          0          0          0          0       1754   arm_min_f32.o
        86          0          0          0          0          0   __dczerorl2.o
        28          0          0          0          0         68   _chval.o
       158          0          0          0          0         92   _strtoul.o
        26          0          0          0          0         80   atoi.o
         8          4        133          0          0         68   ctype_o.o
         0          0          0          0          0          0   entry.o
         0          0          0          0          0          0   entry10a.o
         0          0          0          0          0          0   entry11a.o
         8          4          0          0          0          0   entry2.o
         4          0          0          0          0          0   entry5.o
         0          0          0          0          0          0   entry7b.o
         0          0          0          0          0          0   entry8b.o
         8          4          0          0          0          0   entry9a.o
         8          4          0          4          0         68   errno.o
        30          0          0          0          0          0   handlers.o
        36          8          0          0          0         68   init.o
        30          0          0          0          0         68   llshl.o
        32          0          0          0          0         68   llushr.o
        36          0          0          0          0         68   memcpya.o
        36          0          0          0          0        108   memseta.o
        24          0          0          0          0         68   strcat.o
        18          0          0          0          0         68   strcpy.o
        14          0          0          0          0         68   strlen.o
       112          0          0          0          0         88   strtol.o
        98          0          0          0          0         92   uldiv.o

    ----------------------------------------------------------------------
      2128         30        136          4          0      24207   Library Totals
         2          0          3          0          0          0   (incl. Padding)

    ----------------------------------------------------------------------

      Code (inc. data)   RO Data    RW Data    ZI Data      Debug   Library Name

      1326          6          0          0          0      23067   arm_cortexM7lfdp_math.lib
       800         24        133          4          0       1140   mc_w.l

    ----------------------------------------------------------------------
      2128         30        136          4          0      24207   Library Totals

    ----------------------------------------------------------------------

==============================================================================


      Code (inc. data)   RO Data    RW Data    ZI Data      Debug   

     28840       2074        852        800     123736    1171757   Grand Totals
     28840       2074        852        352     123736    1171757   ELF Image Totals (compressed)
     28840       2074        852        352          0          0   ROM Totals

==============================================================================

    Total RO  Size (Code + RO Data)                29692 (  29.00kB)
    Total RW  Size (RW Data + ZI Data)            124536 ( 121.62kB)
    Total ROM Size (Code + RO Data + RW Data)      30044 (  29.34kB)

==============================================================================

